###############################################################################
#
# IAR ELF Linker V8.20.2.14835/W32 for ARM                23/May/2019  16:13:39
# Copyright 2007-2017 IAR Systems AB.
#
#    Output file  =  
#        D:\mls_firmware\secondary_sine_wave_fast
#        _2\EWARM\secondary_sine_wave_Fast\Exe\secondary_sine_wave_Fast.out
#    Map file     =  
#        D:\mls_firmware\secondary_sine_wave_fast
#        _2\EWARM\secondary_sine_wave_Fast\List\secondary_sine_wave_Fast.map
#    Command line =  
#        -f C:\Users\FRANCI~1\AppData\Local\Temp\EW78C7.tmp
#        ("D:\mls_firmware\secondary_sine_wave_fast
#        _2\EWARM\secondary_sine_wave_Fast\Obj\main.o"
#        "D:\mls_firmware\secondary_sine_wave_fast
#        _2\EWARM\secondary_sine_wave_Fast\Obj\startup_stm32f303xc.o"
#        "D:\mls_firmware\secondary_sine_wave_fast
#        _2\EWARM\secondary_sine_wave_Fast\Obj\stm32f3xx_hal.o"
#        "D:\mls_firmware\secondary_sine_wave_fast
#        _2\EWARM\secondary_sine_wave_Fast\Obj\stm32f3xx_hal_adc.o"
#        "D:\mls_firmware\secondary_sine_wave_fast
#        _2\EWARM\secondary_sine_wave_Fast\Obj\stm32f3xx_hal_adc_ex.o"
#        "D:\mls_firmware\secondary_sine_wave_fast
#        _2\EWARM\secondary_sine_wave_Fast\Obj\stm32f3xx_hal_cortex.o"
#        "D:\mls_firmware\secondary_sine_wave_fast
#        _2\EWARM\secondary_sine_wave_Fast\Obj\stm32f3xx_hal_dma.o"
#        "D:\mls_firmware\secondary_sine_wave_fast
#        _2\EWARM\secondary_sine_wave_Fast\Obj\stm32f3xx_hal_flash.o"
#        "D:\mls_firmware\secondary_sine_wave_fast
#        _2\EWARM\secondary_sine_wave_Fast\Obj\stm32f3xx_hal_flash_ex.o"
#        "D:\mls_firmware\secondary_sine_wave_fast
#        _2\EWARM\secondary_sine_wave_Fast\Obj\stm32f3xx_hal_gpio.o"
#        "D:\mls_firmware\secondary_sine_wave_fast
#        _2\EWARM\secondary_sine_wave_Fast\Obj\stm32f3xx_hal_i2c.o"
#        "D:\mls_firmware\secondary_sine_wave_fast
#        _2\EWARM\secondary_sine_wave_Fast\Obj\stm32f3xx_hal_i2c_ex.o"
#        "D:\mls_firmware\secondary_sine_wave_fast
#        _2\EWARM\secondary_sine_wave_Fast\Obj\stm32f3xx_hal_msp.o"
#        "D:\mls_firmware\secondary_sine_wave_fast
#        _2\EWARM\secondary_sine_wave_Fast\Obj\stm32f3xx_hal_pwr.o"
#        "D:\mls_firmware\secondary_sine_wave_fast
#        _2\EWARM\secondary_sine_wave_Fast\Obj\stm32f3xx_hal_pwr_ex.o"
#        "D:\mls_firmware\secondary_sine_wave_fast
#        _2\EWARM\secondary_sine_wave_Fast\Obj\stm32f3xx_hal_rcc.o"
#        "D:\mls_firmware\secondary_sine_wave_fast
#        _2\EWARM\secondary_sine_wave_Fast\Obj\stm32f3xx_hal_rcc_ex.o"
#        "D:\mls_firmware\secondary_sine_wave_fast
#        _2\EWARM\secondary_sine_wave_Fast\Obj\stm32f3xx_hal_smbus.o"
#        "D:\mls_firmware\secondary_sine_wave_fast
#        _2\EWARM\secondary_sine_wave_Fast\Obj\stm32f3xx_hal_tim.o"
#        "D:\mls_firmware\secondary_sine_wave_fast
#        _2\EWARM\secondary_sine_wave_Fast\Obj\stm32f3xx_hal_tim_ex.o"
#        "D:\mls_firmware\secondary_sine_wave_fast
#        _2\EWARM\secondary_sine_wave_Fast\Obj\stm32f3xx_hal_uart.o"
#        "D:\mls_firmware\secondary_sine_wave_fast
#        _2\EWARM\secondary_sine_wave_Fast\Obj\stm32f3xx_hal_uart_ex.o"
#        "D:\mls_firmware\secondary_sine_wave_fast
#        _2\EWARM\secondary_sine_wave_Fast\Obj\stm32f3xx_it.o"
#        "D:\mls_firmware\secondary_sine_wave_fast
#        _2\EWARM\secondary_sine_wave_Fast\Obj\system_stm32f3xx.o" --redirect
#        _Printf=_PrintfFull --redirect _Scanf=_ScanfFull -o
#        "D:\mls_firmware\secondary_sine_wave_fast
#        _2\EWARM\secondary_sine_wave_Fast\Exe\secondary_sine_wave_Fast.out"
#        --map "D:\mls_firmware\secondary_sine_wave_fast
#        _2\EWARM\secondary_sine_wave_Fast\List\secondary_sine_wave_Fast.map"
#        --config "D:\mls_firmware\secondary_sine_wave_fast
#        _2\EWARM/stm32f303xc_flash.icf" --semihosting --entry
#        __iar_program_start --vfe --text_out locale)
#
###############################################################################

*******************************************************************************
*** RUNTIME MODEL ATTRIBUTES
***

CppFlavor       = *
__SystemLibrary = DLib
__dlib_version  = 6


*******************************************************************************
*** HEAP SELECTION
***

The basic heap was selected because some modules are built with
size limitations (and not runtime checking), and --advanced_heap
was not specified.


*******************************************************************************
*** PLACEMENT SUMMARY
***

"A0":  place at 0x08000000 { ro section .intvec };
"P1":  place in [from 0x08000000 to 0x0803ffff] { ro };
define block CSTACK with size = 1K, alignment = 8 { };
define block HEAP with size = 512, alignment = 8 { };
"P2":  place in [from 0x20000000 to 0x20009fff] {
          rw, block CSTACK, block HEAP };
initialize by copy { rw };

  Section            Kind        Address    Size  Object
  -------            ----        -------    ----  ------
"A0":                                      0x188
  .intvec            ro code  0x08000000   0x188  startup_stm32f303xc.o [1]
                            - 0x08000188   0x188

"P1":                                     0x32b4
  .text              ro code  0x08000188   0x8b8  stm32f3xx_hal_adc_ex.o [1]
  .text              ro code  0x08000a40   0x358  stm32f3xx_hal_msp.o [1]
  .text              ro code  0x08000d98   0x230  stm32f3xx_hal_dma.o [1]
  .text              ro code  0x08000fc8     0x2  stm32f3xx_hal_adc.o [1]
  .text              ro code  0x08000fca     0x2  stm32f3xx_hal_adc.o [1]
  .text              ro code  0x08000fcc     0x2  stm32f3xx_hal_adc.o [1]
  .text              ro code  0x08000fd0     0xc  stm32f3xx_hal.o [1]
  .text              ro code  0x08000fdc    0xe6  stm32f3xx_hal_cortex.o [1]
  .text              ro code  0x080010c4   0x7f0  main.o [1]
  .text              ro code  0x080018b4   0x1cc  stm32f3xx_hal_gpio.o [1]
  .text              ro code  0x08001a80   0x7fa  stm32f3xx_hal_uart.o [1]
  .text              ro code  0x0800227c    0x36  strlen.o [5]
  .text              ro code  0x080022b2    0x28  strncat.o [3]
  .text              ro code  0x080022dc    0x70  strncpy.o [5]
  .text              ro code  0x0800234c    0x24  stm32f3xx_hal.o [1]
  .text              ro code  0x08002370    0xf2  stm32f3xx_hal_smbus.o [1]
  .text              ro code  0x08002464   0x3bc  stm32f3xx_hal_tim.o [1]
  .text              ro code  0x08002820    0x58  stm32f3xx_hal_tim_ex.o [1]
  .text              ro code  0x08002878   0x4dc  stm32f3xx_hal_rcc.o [1]
  .text              ro code  0x08002d54   0x1b8  stm32f3xx_hal_rcc_ex.o [1]
  .text              ro code  0x08002f0c     0x2  stm32f3xx_hal_uart_ex.o [1]
  .text              ro code  0x08002f0e     0x2  stm32f3xx_hal_uart.o [1]
  .text              ro code  0x08002f10     0x2  stm32f3xx_hal_uart.o [1]
  .text              ro code  0x08002f14    0x5e  ABImemset.o [5]
  .text              ro code  0x08002f74    0x28  stm32f3xx_hal.o [1]
  .text              ro code  0x08002f9c     0x2  stm32f3xx_hal_tim.o [1]
  .text              ro code  0x08002f9e     0x2  stm32f3xx_hal_tim.o [1]
  .text              ro code  0x08002fa0     0x2  stm32f3xx_hal_tim_ex.o [1]
  .text              ro code  0x08002fa2     0x2  stm32f3xx_hal_tim.o [1]
  .text              ro code  0x08002fa4     0x2  stm32f3xx_hal_tim_ex.o [1]
  .text              ro code  0x08002fa6     0x2  stm32f3xx_hal_tim.o [1]
  .text              ro code  0x08002fa8    0x7c  system_stm32f3xx.o [1]
  .text              ro code  0x08003024    0x78  stm32f3xx_it.o [1]
  .text              ro code  0x0800309c    0x10  stm32f3xx_hal.o [1]
  .text              ro code  0x080030ac    0x40  zero_init3.o [5]
  .text              ro code  0x080030ec    0x38  packbits_init_single.o [5]
  .text              ro code  0x08003124    0x28  data_init.o [5]
  .text              ro code  0x0800314c    0x22  fpinit_M.o [4]
  .iar.init_table    const    0x08003170    0x20  - Linker created -
  .text              ro code  0x08003190    0x1e  cmain.o [5]
  .text              ro code  0x080031ae     0x4  low_level_init.o [3]
  .text              ro code  0x080031b2     0x4  exit.o [3]
  .text              ro code  0x080031b8     0xa  cexit.o [5]
  .text              ro code  0x080031c4    0x14  exit.o [6]
  .text              ro code  0x080031d8    0x10  startup_stm32f303xc.o [1]
  .text              ro code  0x080031e8     0xc  cstartup_M.o [5]
  .rodata            const    0x080031f4     0x8  system_stm32f3xx.o [1]
  .text              ro code  0x080031fc     0x4  startup_stm32f303xc.o [1]
  .text              ro code  0x08003200     0x4  startup_stm32f303xc.o [1]
  .text              ro code  0x08003204     0x4  startup_stm32f303xc.o [1]
  .text              ro code  0x08003208     0x4  startup_stm32f303xc.o [1]
  .text              ro code  0x0800320c     0x4  startup_stm32f303xc.o [1]
  .text              ro code  0x08003210     0x4  startup_stm32f303xc.o [1]
  .text              ro code  0x08003214     0x4  startup_stm32f303xc.o [1]
  .text              ro code  0x08003218     0x4  startup_stm32f303xc.o [1]
  .text              ro code  0x0800321c     0x4  startup_stm32f303xc.o [1]
  .text              ro code  0x08003220     0x4  startup_stm32f303xc.o [1]
  .text              ro code  0x08003224     0x4  startup_stm32f303xc.o [1]
  .text              ro code  0x08003228     0x4  startup_stm32f303xc.o [1]
  .text              ro code  0x0800322c     0x4  startup_stm32f303xc.o [1]
  .text              ro code  0x08003230     0x4  startup_stm32f303xc.o [1]
  .text              ro code  0x08003234     0x4  startup_stm32f303xc.o [1]
  .text              ro code  0x08003238     0x4  startup_stm32f303xc.o [1]
  .text              ro code  0x0800323c     0x4  startup_stm32f303xc.o [1]
  .text              ro code  0x08003240     0x4  startup_stm32f303xc.o [1]
  .text              ro code  0x08003244     0x4  startup_stm32f303xc.o [1]
  .text              ro code  0x08003248     0x4  startup_stm32f303xc.o [1]
  .text              ro code  0x0800324c     0x4  startup_stm32f303xc.o [1]
  .text              ro code  0x08003250     0x4  startup_stm32f303xc.o [1]
  .text              ro code  0x08003254     0x4  startup_stm32f303xc.o [1]
  .text              ro code  0x08003258     0x4  startup_stm32f303xc.o [1]
  .text              ro code  0x0800325c     0x4  startup_stm32f303xc.o [1]
  .text              ro code  0x08003260     0x4  startup_stm32f303xc.o [1]
  .text              ro code  0x08003264     0x4  startup_stm32f303xc.o [1]
  .text              ro code  0x08003268     0x4  startup_stm32f303xc.o [1]
  .text              ro code  0x0800326c     0x4  startup_stm32f303xc.o [1]
  .text              ro code  0x08003270     0x4  startup_stm32f303xc.o [1]
  .text              ro code  0x08003274     0x4  startup_stm32f303xc.o [1]
  .text              ro code  0x08003278     0x4  startup_stm32f303xc.o [1]
  .text              ro code  0x0800327c     0x4  startup_stm32f303xc.o [1]
  .text              ro code  0x08003280     0x4  startup_stm32f303xc.o [1]
  .text              ro code  0x08003284     0x4  startup_stm32f303xc.o [1]
  .text              ro code  0x08003288     0x4  startup_stm32f303xc.o [1]
  .text              ro code  0x0800328c     0x4  startup_stm32f303xc.o [1]
  .text              ro code  0x08003290     0x4  startup_stm32f303xc.o [1]
  .text              ro code  0x08003294     0x4  startup_stm32f303xc.o [1]
  .text              ro code  0x08003298     0x4  startup_stm32f303xc.o [1]
  .text              ro code  0x0800329c     0x4  startup_stm32f303xc.o [1]
  .text              ro code  0x080032a0     0x4  startup_stm32f303xc.o [1]
  .text              ro code  0x080032a4     0x4  startup_stm32f303xc.o [1]
  .text              ro code  0x080032a8     0x4  startup_stm32f303xc.o [1]
  .text              ro code  0x080032ac     0x4  startup_stm32f303xc.o [1]
  .text              ro code  0x080032b0     0x4  startup_stm32f303xc.o [1]
  .text              ro code  0x080032b4     0x4  startup_stm32f303xc.o [1]
  .text              ro code  0x080032b8     0x4  startup_stm32f303xc.o [1]
  .text              ro code  0x080032bc     0x4  startup_stm32f303xc.o [1]
  .text              ro code  0x080032c0     0x4  startup_stm32f303xc.o [1]
  .text              ro code  0x080032c4     0x4  startup_stm32f303xc.o [1]
  .text              ro code  0x080032c8     0x4  startup_stm32f303xc.o [1]
  .text              ro code  0x080032cc     0x4  startup_stm32f303xc.o [1]
  .text              ro code  0x080032d0     0x4  startup_stm32f303xc.o [1]
  .text              ro code  0x080032d4     0x4  startup_stm32f303xc.o [1]
  .text              ro code  0x080032d8     0x4  startup_stm32f303xc.o [1]
  .text              ro code  0x080032dc     0x4  startup_stm32f303xc.o [1]
  .rodata            const    0x080032e0     0x0  zero_init3.o [5]
  .rodata            const    0x080032e0     0x0  packbits_init_single.o [5]
  Initializer bytes  const    0x080032e0   0x15c  <for P2-1>
                            - 0x0800343c  0x32b4

"P2", part 1 of 3:                         0x218
  P2-1                        0x20000000   0x218  <Init block>
    .data            inited   0x20000000    0xc0  main.o [1]
    .data            inited   0x200000c0   0x154  main.o [1]
    .data            inited   0x20000214     0x4  system_stm32f3xx.o [1]
                            - 0x20000218   0x218

"P2", part 2 of 3:                         0x45c
  .bss               zero     0x20000218    0xd4  main.o [1]
  .bss               zero     0x200002ec    0xb0  main.o [1]
  .bss               zero     0x2000039c    0x70  main.o [1]
  .bss               zero     0x2000040c    0x70  main.o [1]
  .bss               zero     0x2000047c    0x54  main.o [1]
  .bss               zero     0x200004d0    0x44  main.o [1]
  .bss               zero     0x20000514    0x44  main.o [1]
  .bss               zero     0x20000558    0x44  main.o [1]
  .bss               zero     0x2000059c    0x44  main.o [1]
  .bss               zero     0x200005e0    0x44  main.o [1]
  .bss               zero     0x20000624    0x44  main.o [1]
  .bss               zero     0x20000668     0x4  stm32f3xx_hal.o [1]
  .bss               zero     0x2000066c     0x4  stm32f3xx_hal_msp.o [1]
  .bss               zero     0x20000670     0x2  main.o [1]
                            - 0x20000672   0x45a

"P2", part 3 of 3:                         0x400
  CSTACK                      0x20000678   0x400  <Block>
    CSTACK           uninit   0x20000678   0x400  <Block tail>
                            - 0x20000a78   0x400


*******************************************************************************
*** INIT TABLE
***

          Address     Size
          -------     ----
Zero (__iar_zero_init3)
    1 destination range, total size 0x45a:
          0x20000218  0x45a

Copy/packbits (__iar_packbits_init_single3)
    1 source range, total size 0x15c (64% of destination):
          0x080032e0  0x15c
    1 destination range, total size 0x218:
          0x20000000  0x218



*******************************************************************************
*** MODULE SUMMARY
***

    Module                   ro code  ro data  rw data
    ------                   -------  -------  -------
D:\mls_firmware\secondary_sine_wave_fast _2\EWARM\secondary_sine_wave_Fast\Obj: [1]
    main.o                     2 032      345    1 638
    startup_stm32f303xc.o        636
    stm32f3xx_hal.o              104                 4
    stm32f3xx_hal_adc.o            6
    stm32f3xx_hal_adc_ex.o     2 232
    stm32f3xx_hal_cortex.o       230
    stm32f3xx_hal_dma.o          560
    stm32f3xx_hal_gpio.o         460
    stm32f3xx_hal_msp.o          856                 4
    stm32f3xx_hal_rcc.o        1 244
    stm32f3xx_hal_rcc_ex.o       440
    stm32f3xx_hal_smbus.o        242
    stm32f3xx_hal_tim.o          964
    stm32f3xx_hal_tim_ex.o        92
    stm32f3xx_hal_uart.o       2 046
    stm32f3xx_hal_uart_ex.o        2
    stm32f3xx_it.o               120
    system_stm32f3xx.o           124       11        4
    --------------------------------------------------
    Total:                    12 390      356    1 650

command line: [2]
    --------------------------------------------------
    Total:

dl7M_tlf.a: [3]
    exit.o                         4
    low_level_init.o               4
    strncat.o                     40
    --------------------------------------------------
    Total:                        48

m7M_tls.a: [4]
    fpinit_M.o                    34
    --------------------------------------------------
    Total:                        34

rt7M_tl.a: [5]
    ABImemset.o                   94
    cexit.o                       10
    cmain.o                       30
    cstartup_M.o                  12
    data_init.o                   40
    packbits_init_single.o        56
    strlen.o                      54
    strncpy.o                    112
    zero_init3.o                  64
    --------------------------------------------------
    Total:                       472

shb_l.a: [6]
    exit.o                        20
    --------------------------------------------------
    Total:                        20

    Gaps                          18        2
    Linker created                         32    1 024
------------------------------------------------------
    Grand Total:              12 982      390    2 674


*******************************************************************************
*** ENTRY LIST
***

Entry                      Address   Size  Type      Object
-----                      -------   ----  ----      ------
.iar.init_table$$Base   0x08003170          --   Gb  - Linker created -
.iar.init_table$$Limit  0x08003190          --   Gb  - Linker created -
?main                   0x08003191         Code  Gb  cmain.o [5]
ADC_DMAConvCplt         0x08000915   0x44  Code  Lc  stm32f3xx_hal_adc_ex.o [1]
ADC_DMAError            0x0800095f   0x16  Code  Lc  stm32f3xx_hal_adc_ex.o [1]
ADC_DMAHalfConvCplt     0x08000959    0x6  Code  Lc  stm32f3xx_hal_adc_ex.o [1]
ADC_Disable             0x080009b9   0x4a  Code  Lc  stm32f3xx_hal_adc_ex.o [1]
ADC_Enable              0x08000975   0x44  Code  Lc  stm32f3xx_hal_adc_ex.o [1]
AHBPrescTable           0x08003014   0x10  Data  Gb  system_stm32f3xx.o [1]
APBPrescTable           0x080031f4    0x8  Data  Gb  system_stm32f3xx.o [1]
BusFault_Handler        0x0800302b    0x2  Code  Gb  stm32f3xx_it.o [1]
CSTACK$$Base            0x20000678          --   Gb  - Linker created -
CSTACK$$Limit           0x20000a78          --   Gb  - Linker created -
DMA1_Channel1_IRQHandler
                        0x08003043    0x6  Code  Gb  stm32f3xx_it.o [1]
DMA1_Channel4_IRQHandler
                        0x08003049    0x6  Code  Gb  stm32f3xx_it.o [1]
DMA1_Channel5_IRQHandler
                        0x0800304f    0x6  Code  Gb  stm32f3xx_it.o [1]
DMA1_Channel6_IRQHandler
                        0x08003055    0x6  Code  Gb  stm32f3xx_it.o [1]
DMA1_Channel7_IRQHandler
                        0x0800305b    0x6  Code  Gb  stm32f3xx_it.o [1]
DMA2_Channel1_IRQHandler
                        0x08003073    0x6  Code  Gb  stm32f3xx_it.o [1]
DMA_CalcBaseAndBitshift
                        0x08000f89   0x2c  Code  Lc  stm32f3xx_hal_dma.o [1]
DMA_SetConfig           0x08000f67   0x22  Code  Lc  stm32f3xx_hal_dma.o [1]
DebugMon_Handler        0x08003031    0x2  Code  Gb  stm32f3xx_it.o [1]
Error_Handler           0x08001899    0x2  Code  Gb  main.o [1]
HAL_ADCEx_MultiModeConfigChannel
                        0x08000833   0xe2  Code  Gb  stm32f3xx_hal_adc_ex.o [1]
HAL_ADC_ConfigChannel   0x08000531  0x2b6  Code  Gb  stm32f3xx_hal_adc_ex.o [1]
HAL_ADC_ConvCpltCallback
                        0x08000fc9    0x2  Code  Wk  stm32f3xx_hal_adc.o [1]
HAL_ADC_ConvHalfCpltCallback
                        0x08000fcb    0x2  Code  Wk  stm32f3xx_hal_adc.o [1]
HAL_ADC_ErrorCallback   0x08000fcd    0x2  Code  Wk  stm32f3xx_hal_adc.o [1]
HAL_ADC_Init            0x08000189  0x204  Code  Gb  stm32f3xx_hal_adc_ex.o [1]
HAL_ADC_MspInit         0x08000ab7   0x82  Code  Gb  stm32f3xx_hal_msp.o [1]
HAL_ADC_Start_DMA       0x0800038d  0x12a  Code  Gb  stm32f3xx_hal_adc_ex.o [1]
HAL_DMA_Abort_IT        0x08000e69   0x4a  Code  Gb  stm32f3xx_hal_dma.o [1]
HAL_DMA_IRQHandler      0x08000eb3   0xb2  Code  Gb  stm32f3xx_hal_dma.o [1]
HAL_DMA_Init            0x08000d99   0x56  Code  Gb  stm32f3xx_hal_dma.o [1]
HAL_DMA_Start_IT        0x08000df5   0x74  Code  Gb  stm32f3xx_hal_dma.o [1]
HAL_GPIO_Init           0x080018b5  0x1a0  Code  Gb  stm32f3xx_hal_gpio.o [1]
HAL_GPIO_WritePin       0x08001a55    0xe  Code  Gb  stm32f3xx_hal_gpio.o [1]
HAL_GetTick             0x08000fd1    0xc  Code  Wk  stm32f3xx_hal.o [1]
HAL_IncTick             0x0800309d   0x10  Code  Wk  stm32f3xx_hal.o [1]
HAL_Init                0x0800234d   0x20  Code  Gb  stm32f3xx_hal.o [1]
HAL_InitTick            0x08002f75   0x28  Code  Wk  stm32f3xx_hal.o [1]
HAL_MspInit             0x08000a41   0x76  Code  Gb  stm32f3xx_hal_msp.o [1]
HAL_NVIC_EnableIRQ      0x0800104f    0xa  Code  Gb  stm32f3xx_hal_cortex.o [1]
HAL_NVIC_SetPriority    0x08001015   0x3a  Code  Gb  stm32f3xx_hal_cortex.o [1]
HAL_NVIC_SetPriorityGrouping
                        0x08000ffb   0x1a  Code  Gb  stm32f3xx_hal_cortex.o [1]
HAL_RCCEx_PeriphCLKConfig
                        0x08002d55  0x1aa  Code  Gb  stm32f3xx_hal_rcc_ex.o [1]
HAL_RCC_ADC12_CLK_ENABLED
                        0x2000066c    0x4  Data  Lc  stm32f3xx_hal_msp.o [1]
HAL_RCC_ClockConfig     0x08002b77  0x110  Code  Gb  stm32f3xx_hal_rcc.o [1]
HAL_RCC_GetHCLKFreq     0x08002cdf    0x6  Code  Gb  stm32f3xx_hal_rcc.o [1]
HAL_RCC_GetPCLK1Freq    0x08002ce5   0x10  Code  Gb  stm32f3xx_hal_rcc.o [1]
HAL_RCC_GetPCLK2Freq    0x08002cf5    0xe  Code  Gb  stm32f3xx_hal_rcc.o [1]
HAL_RCC_GetSysClockFreq
                        0x08002ca5   0x3a  Code  Gb  stm32f3xx_hal_rcc.o [1]
HAL_RCC_OscConfig       0x08002879  0x2d8  Code  Gb  stm32f3xx_hal_rcc.o [1]
HAL_SMBUS_Init          0x08002371   0xe2  Code  Gb  stm32f3xx_hal_smbus.o [1]
HAL_SMBUS_MspInit       0x08000b67   0x52  Code  Gb  stm32f3xx_hal_msp.o [1]
HAL_SYSTICK_CLKSourceConfig
                        0x0800108b   0x1a  Code  Gb  stm32f3xx_hal_cortex.o [1]
HAL_SYSTICK_Config      0x08001063   0x28  Code  Gb  stm32f3xx_hal_cortex.o [1]
HAL_SYSTICK_IRQHandler  0x080010bd    0x4  Code  Gb  stm32f3xx_hal_cortex.o [1]
HAL_TIMEx_BreakCallback
                        0x08002fa1    0x2  Code  Wk  stm32f3xx_hal_tim_ex.o [1]
HAL_TIMEx_CommutationCallback
                        0x08002fa5    0x2  Code  Wk  stm32f3xx_hal_tim_ex.o [1]
HAL_TIMEx_MasterConfigSynchronization
                        0x08002821   0x44  Code  Gb  stm32f3xx_hal_tim_ex.o [1]
HAL_TIM_Base_Init       0x08002465   0x1a  Code  Gb  stm32f3xx_hal_tim.o [1]
HAL_TIM_Base_MspInit    0x08000bc7   0x34  Code  Gb  stm32f3xx_hal_msp.o [1]
HAL_TIM_Base_Start      0x0800247f   0x1a  Code  Gb  stm32f3xx_hal_tim.o [1]
HAL_TIM_Base_Start_IT   0x08002499   0x16  Code  Gb  stm32f3xx_hal_tim.o [1]
HAL_TIM_ConfigClockSource
                        0x0800261b   0xb4  Code  Gb  stm32f3xx_hal_tim.o [1]
HAL_TIM_IRQHandler      0x080024d3  0x142  Code  Gb  stm32f3xx_hal_tim.o [1]
HAL_TIM_PeriodElapsedCallback
                        0x08001799   0xaa  Code  Gb  main.o [1]
HAL_UARTEx_WakeupCallback
                        0x08002f0d    0x2  Code  Wk  stm32f3xx_hal_uart_ex.o [1]
HAL_UART_ErrorCallback  0x080012f5    0x2  Code  Gb  main.o [1]
HAL_UART_GetState       0x08001d3d    0xc  Code  Gb  stm32f3xx_hal_uart.o [1]
HAL_UART_IRQHandler     0x08001bff  0x132  Code  Gb  stm32f3xx_hal_uart.o [1]
HAL_UART_Init           0x08001a81   0x30  Code  Gb  stm32f3xx_hal_uart.o [1]
HAL_UART_MspInit        0x08000bfb  0x108  Code  Gb  stm32f3xx_hal_msp.o [1]
HAL_UART_Receive_DMA    0x08001b77   0x82  Code  Gb  stm32f3xx_hal_uart.o [1]
HAL_UART_RxCpltCallback
                        0x080012e9    0xc  Code  Gb  main.o [1]
HAL_UART_Transmit_DMA   0x08001b01   0x76  Code  Gb  stm32f3xx_hal_uart.o [1]
HAL_UART_TxCpltCallback
                        0x08001227   0xc2  Code  Gb  main.o [1]
HardFault_Handler       0x08003027    0x2  Code  Gb  stm32f3xx_it.o [1]
MX_ADC1_Init            0x080015e1   0x7c  Code  Lc  main.o [1]
MX_GPIO_Init            0x0800168d   0xe8  Code  Lc  main.o [1]
MemManage_Handler       0x08003029    0x2  Code  Gb  stm32f3xx_it.o [1]
NMI_Handler             0x08003025    0x2  Code  Gb  stm32f3xx_it.o [1]
NVIC_SetPriority        0x08000fdd   0x1e  Code  Lc  stm32f3xx_hal_cortex.o [1]
PendSV_Handler          0x08003033    0x2  Code  Gb  stm32f3xx_it.o [1]
Region$$Table$$Base     0x08003170          --   Gb  - Linker created -
Region$$Table$$Limit    0x08003190          --   Gb  - Linker created -
SVC_Handler             0x0800302f    0x2  Code  Gb  stm32f3xx_it.o [1]
SysTick_Handler         0x08003035    0xe  Code  Gb  stm32f3xx_it.o [1]
SystemClock_Config      0x0800154d   0x94  Code  Gb  main.o [1]
SystemCoreClock         0x20000214    0x4  Data  Gb  system_stm32f3xx.o [1]
SystemInit              0x08002fa9   0x52  Code  Gb  system_stm32f3xx.o [1]
TIM3_IRQHandler         0x08003061    0x6  Code  Gb  stm32f3xx_it.o [1]
TIM_Base_SetConfig      0x080026f7   0x96  Code  Gb  stm32f3xx_hal_tim.o [1]
TIM_ETR_SetConfig       0x08002807   0x14  Code  Gb  stm32f3xx_hal_tim.o [1]
TIM_ITRx_SetConfig      0x080027f7   0x10  Code  Lc  stm32f3xx_hal_tim.o [1]
TIM_TI1_ConfigInputStage
                        0x080027b5   0x1e  Code  Lc  stm32f3xx_hal_tim.o [1]
TIM_TI2_ConfigInputStage
                        0x080027d3   0x24  Code  Lc  stm32f3xx_hal_tim.o [1]
UART_AdvFeatureConfig   0x08001f19   0xc6  Code  Gb  stm32f3xx_hal_uart.o [1]
UART_CheckIdleState     0x08001fdf   0x5a  Code  Gb  stm32f3xx_hal_uart.o [1]
UART_DMAAbortOnError    0x08002181   0x10  Code  Lc  stm32f3xx_hal_uart.o [1]
UART_DMAError           0x08002131   0x50  Code  Lc  stm32f3xx_hal_uart.o [1]
UART_DMAReceiveCplt     0x080020ed   0x3a  Code  Lc  stm32f3xx_hal_uart.o [1]
UART_DMARxHalfCplt      0x08002129    0x6  Code  Lc  stm32f3xx_hal_uart.o [1]
UART_DMATransmitCplt    0x080020b9   0x2c  Code  Lc  stm32f3xx_hal_uart.o [1]
UART_DMATxHalfCplt      0x080020e5    0x6  Code  Lc  stm32f3xx_hal_uart.o [1]
UART_EndRxTransfer      0x0800209d   0x1c  Code  Lc  stm32f3xx_hal_uart.o [1]
UART_EndTransmit_IT     0x080021f3   0x1a  Code  Gb  stm32f3xx_hal_uart.o [1]
UART_Receive_IT         0x0800220d   0x6e  Code  Gb  stm32f3xx_hal_uart.o [1]
UART_SetConfig          0x08001d49  0x1ac  Code  Gb  stm32f3xx_hal_uart.o [1]
UART_Transmit_IT        0x08002191   0x62  Code  Gb  stm32f3xx_hal_uart.o [1]
UART_WaitOnFlagUntilTimeout
                        0x08002039   0x58  Code  Gb  stm32f3xx_hal_uart.o [1]
USART1_IRQHandler       0x08003067    0x6  Code  Gb  stm32f3xx_it.o [1]
USART2_IRQHandler       0x0800306d    0x6  Code  Gb  stm32f3xx_it.o [1]
UsageFault_Handler      0x0800302d    0x2  Code  Gb  stm32f3xx_it.o [1]
__cmain                 0x08003191         Code  Gb  cmain.o [5]
__exit                  0x080031c5   0x14  Code  Gb  exit.o [6]
__iar_Memset_word       0x08002f15         Code  Gb  ABImemset.o [5]
__iar_data_init3        0x08003125   0x28  Code  Gb  data_init.o [5]
__iar_init_vfp          0x0800314d         Code  Gb  fpinit_M.o [4]
__iar_packbits_init_single3
                        0x080030ed   0x38  Code  Gb  packbits_init_single.o [5]
__iar_program_start     0x080031e9         Code  Gb  cstartup_M.o [5]
__iar_systems$$module {Abs}
                        0x00000001         Data  Gb  command line/config [2]
__iar_zero_init3        0x080030ad   0x40  Code  Gb  zero_init3.o [5]
__low_level_init        0x080031af    0x4  Code  Gb  low_level_init.o [3]
__vector_table          0x08000000         Data  Gb  startup_stm32f303xc.o [1]
_call_main              0x0800319d         Code  Gb  cmain.o [5]
_exit                   0x080031b9         Code  Gb  cexit.o [5]
_main                   0x080031ab         Code  Gb  cmain.o [5]
aPLLMULFactorTable      0x08002d34   0x10  Data  Gb  stm32f3xx_hal_rcc.o [1]
aPredivFactorTable      0x08002d44   0x10  Data  Gb  stm32f3xx_hal_rcc.o [1]
adc1_buffer             0x200000a8    0xc  Data  Gb  main.o [1]
adc2_buffer             0x200000b4    0xc  Data  Gb  main.o [1]
adc_dcv                 0x200000a4    0x4  Data  Gb  main.o [1]
curr_rx_ptr             0x20000334    0x4  Data  Gb  main.o [1]
debug_rx_buffer         0x20000338   0x64  Data  Gb  main.o [1]
debug_tx_buf_start      0x20000280    0x4  Data  Gb  main.o [1]
debug_tx_buffer         0x20000288   0x64  Data  Gb  main.o [1]
debug_tx_to_send        0x20000670    0x2  Data  Gb  main.o [1]
end_ptr                 0x20000330    0x4  Data  Gb  main.o [1]
exit                    0x080031b3    0x4  Code  Gb  exit.o [3]
forward                 0x200000c0    0x1  Data  Gb  main.o [1]
hadc1                   0x2000047c   0x54  Data  Gb  main.o [1]
hadc2                   0x20000000   0x54  Data  Gb  main.o [1]
hdma_adc1               0x200004d0   0x44  Data  Gb  main.o [1]
hdma_adc2               0x20000514   0x44  Data  Gb  main.o [1]
hdma_usart1_rx          0x2000059c   0x44  Data  Gb  main.o [1]
hdma_usart1_tx          0x20000558   0x44  Data  Gb  main.o [1]
hdma_usart2_rx          0x200005e0   0x44  Data  Gb  main.o [1]
hdma_usart2_tx          0x20000624   0x44  Data  Gb  main.o [1]
hsmbus1                 0x20000054   0x50  Data  Gb  main.o [1]
htim3                   0x200002ec   0x40  Data  Gb  main.o [1]
huart1                  0x2000039c   0x70  Data  Gb  main.o [1]
huart2                  0x2000040c   0x70  Data  Gb  main.o [1]
loop_count              0x2000020c    0x4  Data  Gb  main.o [1]
main                    0x080012f7  0x256  Code  Gb  main.o [1]
odd                     0x20000210    0x4  Data  Gb  main.o [1]
optic_tx_buf_start      0x20000284    0x4  Data  Gb  main.o [1]
optic_tx_buffer         0x2000021c   0x64  Data  Gb  main.o [1]
optic_tx_to_send        0x20000218    0x1  Data  Gb  main.o [1]
print_debug             0x0800116d   0x74  Code  Gb  main.o [1]
print_optic             0x080011e1   0x46  Code  Gb  main.o [1]
reset_left_leg          0x08001103   0x14  Code  Gb  main.o [1]
reset_right_leg         0x08001143   0x22  Code  Gb  main.o [1]
set_left_leg            0x080010ed   0x16  Code  Gb  main.o [1]
set_right_leg           0x0800111f   0x24  Code  Gb  main.o [1]
set_user1_led           0x080010c5   0x12  Code  Gb  main.o [1]
set_user2_led           0x080010d7   0x10  Code  Gb  main.o [1]
sine_array              0x200000c4  0x148  Data  Gb  main.o [1]
start_ptr               0x2000032c    0x4  Data  Gb  main.o [1]
strlen                  0x0800227d         Code  Gb  strlen.o [5]
strncat                 0x080022b3   0x28  Code  Gb  strncat.o [3]
strncpy                 0x080022dd         Code  Gb  strncpy.o [5]
uwTick                  0x20000668    0x4  Data  Gb  stm32f3xx_hal.o [1]


[1] = D:\mls_firmware\secondary_sine_wave_fast _2\EWARM\secondary_sine_wave_Fast\Obj
[2] = command line
[3] = dl7M_tlf.a
[4] = m7M_tls.a
[5] = rt7M_tl.a
[6] = shb_l.a

  12 982 bytes of readonly  code memory
     390 bytes of readonly  data memory
   2 674 bytes of readwrite data memory

Errors: none
Warnings: none
