###############################################################################
#
# IAR ELF Linker V8.20.2.14835/W32 for ARM                16/Jul/2019  12:32:38
# Copyright 2007-2017 IAR Systems AB.
#
#    Output file  =  
#        D:\mls_firmware\secondary_sine_wave_fast
#        _2\EWARM\secondary_sine_wave_Fast\Exe\secondary_sine_wave_Fast.out
#    Map file     =  
#        D:\mls_firmware\secondary_sine_wave_fast
#        _2\EWARM\secondary_sine_wave_Fast\List\secondary_sine_wave_Fast.map
#    Command line =  
#        -f C:\Users\FRANCI~1\AppData\Local\Temp\EW32E9.tmp
#        ("D:\mls_firmware\secondary_sine_wave_fast
#        _2\EWARM\secondary_sine_wave_Fast\Obj\main.o"
#        "D:\mls_firmware\secondary_sine_wave_fast
#        _2\EWARM\secondary_sine_wave_Fast\Obj\startup_stm32f303xc.o"
#        "D:\mls_firmware\secondary_sine_wave_fast
#        _2\EWARM\secondary_sine_wave_Fast\Obj\stm32f3xx_hal.o"
#        "D:\mls_firmware\secondary_sine_wave_fast
#        _2\EWARM\secondary_sine_wave_Fast\Obj\stm32f3xx_hal_adc.o"
#        "D:\mls_firmware\secondary_sine_wave_fast
#        _2\EWARM\secondary_sine_wave_Fast\Obj\stm32f3xx_hal_adc_ex.o"
#        "D:\mls_firmware\secondary_sine_wave_fast
#        _2\EWARM\secondary_sine_wave_Fast\Obj\stm32f3xx_hal_cortex.o"
#        "D:\mls_firmware\secondary_sine_wave_fast
#        _2\EWARM\secondary_sine_wave_Fast\Obj\stm32f3xx_hal_dma.o"
#        "D:\mls_firmware\secondary_sine_wave_fast
#        _2\EWARM\secondary_sine_wave_Fast\Obj\stm32f3xx_hal_flash.o"
#        "D:\mls_firmware\secondary_sine_wave_fast
#        _2\EWARM\secondary_sine_wave_Fast\Obj\stm32f3xx_hal_flash_ex.o"
#        "D:\mls_firmware\secondary_sine_wave_fast
#        _2\EWARM\secondary_sine_wave_Fast\Obj\stm32f3xx_hal_gpio.o"
#        "D:\mls_firmware\secondary_sine_wave_fast
#        _2\EWARM\secondary_sine_wave_Fast\Obj\stm32f3xx_hal_i2c.o"
#        "D:\mls_firmware\secondary_sine_wave_fast
#        _2\EWARM\secondary_sine_wave_Fast\Obj\stm32f3xx_hal_i2c_ex.o"
#        "D:\mls_firmware\secondary_sine_wave_fast
#        _2\EWARM\secondary_sine_wave_Fast\Obj\stm32f3xx_hal_msp.o"
#        "D:\mls_firmware\secondary_sine_wave_fast
#        _2\EWARM\secondary_sine_wave_Fast\Obj\stm32f3xx_hal_pwr.o"
#        "D:\mls_firmware\secondary_sine_wave_fast
#        _2\EWARM\secondary_sine_wave_Fast\Obj\stm32f3xx_hal_pwr_ex.o"
#        "D:\mls_firmware\secondary_sine_wave_fast
#        _2\EWARM\secondary_sine_wave_Fast\Obj\stm32f3xx_hal_rcc.o"
#        "D:\mls_firmware\secondary_sine_wave_fast
#        _2\EWARM\secondary_sine_wave_Fast\Obj\stm32f3xx_hal_rcc_ex.o"
#        "D:\mls_firmware\secondary_sine_wave_fast
#        _2\EWARM\secondary_sine_wave_Fast\Obj\stm32f3xx_hal_smbus.o"
#        "D:\mls_firmware\secondary_sine_wave_fast
#        _2\EWARM\secondary_sine_wave_Fast\Obj\stm32f3xx_hal_tim.o"
#        "D:\mls_firmware\secondary_sine_wave_fast
#        _2\EWARM\secondary_sine_wave_Fast\Obj\stm32f3xx_hal_tim_ex.o"
#        "D:\mls_firmware\secondary_sine_wave_fast
#        _2\EWARM\secondary_sine_wave_Fast\Obj\stm32f3xx_hal_uart.o"
#        "D:\mls_firmware\secondary_sine_wave_fast
#        _2\EWARM\secondary_sine_wave_Fast\Obj\stm32f3xx_hal_uart_ex.o"
#        "D:\mls_firmware\secondary_sine_wave_fast
#        _2\EWARM\secondary_sine_wave_Fast\Obj\stm32f3xx_it.o"
#        "D:\mls_firmware\secondary_sine_wave_fast
#        _2\EWARM\secondary_sine_wave_Fast\Obj\system_stm32f3xx.o" --redirect
#        _Printf=_PrintfFull --redirect _Scanf=_ScanfFull -o
#        "D:\mls_firmware\secondary_sine_wave_fast
#        _2\EWARM\secondary_sine_wave_Fast\Exe\secondary_sine_wave_Fast.out"
#        --map "D:\mls_firmware\secondary_sine_wave_fast
#        _2\EWARM\secondary_sine_wave_Fast\List\secondary_sine_wave_Fast.map"
#        --config "D:\mls_firmware\secondary_sine_wave_fast
#        _2\EWARM/stm32f303xc_flash.icf" --semihosting --entry
#        __iar_program_start --vfe --text_out locale)
#
###############################################################################

*******************************************************************************
*** RUNTIME MODEL ATTRIBUTES
***

CppFlavor       = *
__SystemLibrary = DLib
__dlib_version  = 6


*******************************************************************************
*** HEAP SELECTION
***

The basic heap was selected because some modules are built with
size limitations (and not runtime checking), and --advanced_heap
was not specified.


*******************************************************************************
*** PLACEMENT SUMMARY
***

"A0":  place at 0x08000000 { ro section .intvec };
"P1":  place in [from 0x08000000 to 0x0803ffff] { ro };
define block CSTACK with size = 1K, alignment = 8 { };
define block HEAP with size = 512, alignment = 8 { };
"P2":  place in [from 0x20000000 to 0x20009fff] {
          rw, block CSTACK, block HEAP };
initialize by copy { rw };

  Section            Kind        Address    Size  Object
  -------            ----        -------    ----  ------
"A0":                                      0x188
  .intvec            ro code  0x08000000   0x188  startup_stm32f303xc.o [1]
                            - 0x08000188   0x188

"P1":                                     0x5023
  .text              ro code  0x08000188   0xf96  xprintffull.o [3]
  .text              ro code  0x0800111e    0x1e  xencoding_8859_1.o [3]
  .text              ro code  0x0800113c    0x78  xlocale_c.o [3]
  .text              ro code  0x080011b4    0x16  strchr.o [5]
  .text              ro code  0x080011ca     0xa  xsprout.o [3]
  .text              ro code  0x080011d4    0x44  xfail_s.o [3]
  .text              ro code  0x08001218    0x36  strlen.o [5]
  .text              ro code  0x08001250    0x58  memchr.o [5]
  .text              ro code  0x080012a8     0xa  xmbcurmax.o [3]
  .text              ro code  0x080012b4    0xa6  ABImemcpy.o [5]
  .text              ro code  0x0800135c   0x22e  I64DivMod.o [5]
  .text              ro code  0x0800158c   0x1a2  DblMul.o [4]
  .text              ro code  0x08001730    0x70  frexp.o [4]
  .text              ro code  0x080017a0    0x2e  DblCmpLe.o [4]
  .text              ro code  0x080017d0    0x2e  DblCmpGe.o [4]
  .text              ro code  0x08001800   0x13a  ldexp.o [4]
  .text              ro code  0x0800193c    0x3a  DblToS32.o [4]
  .text              ro code  0x08001978    0x22  S32ToDbl.o [4]
  .text              ro code  0x0800199c    0xe2  DblSub.o [4]
  .text              ro code  0x08001a80   0x246  DblDiv.o [4]
  .text              ro code  0x08001cc8    0x28  DblToU32.o [4]
  .text              ro code  0x08001cf0    0x1a  U32ToDbl.o [4]
  .text              ro code  0x08001d0a     0x6  abort.o [3]
  .text              ro code  0x08001d10     0x2  I64DivZer.o [5]
  .text              ro code  0x08001d14   0x168  DblAdd.o [4]
  .text              ro code  0x08001e7c    0x14  exit.o [6]
  .text              ro code  0x08001e90   0x8b8  stm32f3xx_hal_adc_ex.o [1]
  .text              ro code  0x08002748   0x358  stm32f3xx_hal_msp.o [1]
  .text              ro code  0x08002aa0   0x230  stm32f3xx_hal_dma.o [1]
  .text              ro code  0x08002cd0     0x2  stm32f3xx_hal_adc.o [1]
  .text              ro code  0x08002cd2     0x2  stm32f3xx_hal_adc.o [1]
  .text              ro code  0x08002cd4     0x2  stm32f3xx_hal_adc.o [1]
  .text              ro code  0x08002cd8     0xc  stm32f3xx_hal.o [1]
  .text              ro code  0x08002ce4    0xe6  stm32f3xx_hal_cortex.o [1]
  .text              ro code  0x08002dcc   0x80c  main.o [1]
  .text              ro code  0x080035d8   0x1cc  stm32f3xx_hal_gpio.o [1]
  .text              ro code  0x080037a4   0x7fa  stm32f3xx_hal_uart.o [1]
  .text              ro code  0x08003f9e    0x28  strncat.o [3]
  .text              ro code  0x08003fc8    0x70  strncpy.o [5]
  .text              ro code  0x08004038    0x24  stm32f3xx_hal.o [1]
  .text              ro code  0x0800405c    0xf2  stm32f3xx_hal_smbus.o [1]
  .text              ro code  0x08004150   0x3bc  stm32f3xx_hal_tim.o [1]
  .text              ro code  0x0800450c    0x58  stm32f3xx_hal_tim_ex.o [1]
  .text              ro code  0x08004564    0x40  sprintf.o [3]
  .text              ro code  0x080045a4   0x4dc  stm32f3xx_hal_rcc.o [1]
  .text              ro code  0x08004a80   0x1b8  stm32f3xx_hal_rcc_ex.o [1]
  .text              ro code  0x08004c38     0x2  stm32f3xx_hal_uart_ex.o [1]
  .text              ro code  0x08004c3a     0x2  stm32f3xx_hal_uart.o [1]
  .text              ro code  0x08004c3c     0x2  stm32f3xx_hal_uart.o [1]
  .text              ro code  0x08004c40    0x5e  ABImemset.o [5]
  .text              ro code  0x08004ca0    0x28  stm32f3xx_hal.o [1]
  .text              ro code  0x08004cc8     0x2  stm32f3xx_hal_tim.o [1]
  .text              ro code  0x08004cca     0x2  stm32f3xx_hal_tim.o [1]
  .text              ro code  0x08004ccc     0x2  stm32f3xx_hal_tim_ex.o [1]
  .text              ro code  0x08004cce     0x2  stm32f3xx_hal_tim.o [1]
  .text              ro code  0x08004cd0     0x2  stm32f3xx_hal_tim_ex.o [1]
  .text              ro code  0x08004cd2     0x2  stm32f3xx_hal_tim.o [1]
  .text              ro code  0x08004cd4    0x7c  system_stm32f3xx.o [1]
  .text              ro code  0x08004d50    0x78  stm32f3xx_it.o [1]
  .text              ro code  0x08004dc8    0x10  stm32f3xx_hal.o [1]
  .text              ro code  0x08004dd8    0x40  zero_init3.o [5]
  .text              ro code  0x08004e18    0x38  packbits_init_single.o [5]
  .text              ro code  0x08004e50    0x28  data_init.o [5]
  .text              ro code  0x08004e78    0x22  fpinit_M.o [4]
  .iar.init_table    const    0x08004e9c    0x20  - Linker created -
  .text              ro code  0x08004ebc    0x1e  cmain.o [5]
  .text              ro code  0x08004eda     0x4  low_level_init.o [3]
  .text              ro code  0x08004ede     0x4  exit.o [3]
  .text              ro code  0x08004ee4     0xa  cexit.o [5]
  .text              ro code  0x08004ef0    0x10  startup_stm32f303xc.o [1]
  .text              ro code  0x08004f00     0xc  cstartup_M.o [5]
  .rodata            const    0x08004f0c     0x8  system_stm32f3xx.o [1]
  .rodata            const    0x08004f14     0x6  xlocale_c.o [3]
  .text              ro code  0x08004f1a     0x4  startup_stm32f303xc.o [1]
  .text              ro code  0x08004f1e     0x4  startup_stm32f303xc.o [1]
  .text              ro code  0x08004f22     0x4  startup_stm32f303xc.o [1]
  .text              ro code  0x08004f26     0x4  startup_stm32f303xc.o [1]
  .text              ro code  0x08004f2a     0x4  startup_stm32f303xc.o [1]
  .text              ro code  0x08004f2e     0x4  startup_stm32f303xc.o [1]
  .text              ro code  0x08004f32     0x4  startup_stm32f303xc.o [1]
  .text              ro code  0x08004f36     0x4  startup_stm32f303xc.o [1]
  .text              ro code  0x08004f3a     0x4  startup_stm32f303xc.o [1]
  .text              ro code  0x08004f3e     0x4  startup_stm32f303xc.o [1]
  .text              ro code  0x08004f42     0x4  startup_stm32f303xc.o [1]
  .text              ro code  0x08004f46     0x4  startup_stm32f303xc.o [1]
  .text              ro code  0x08004f4a     0x4  startup_stm32f303xc.o [1]
  .text              ro code  0x08004f4e     0x4  startup_stm32f303xc.o [1]
  .text              ro code  0x08004f52     0x4  startup_stm32f303xc.o [1]
  .text              ro code  0x08004f56     0x4  startup_stm32f303xc.o [1]
  .text              ro code  0x08004f5a     0x4  startup_stm32f303xc.o [1]
  .text              ro code  0x08004f5e     0x4  startup_stm32f303xc.o [1]
  .text              ro code  0x08004f62     0x4  startup_stm32f303xc.o [1]
  .text              ro code  0x08004f66     0x4  startup_stm32f303xc.o [1]
  .text              ro code  0x08004f6a     0x4  startup_stm32f303xc.o [1]
  .text              ro code  0x08004f6e     0x4  startup_stm32f303xc.o [1]
  .text              ro code  0x08004f72     0x4  startup_stm32f303xc.o [1]
  .text              ro code  0x08004f76     0x4  startup_stm32f303xc.o [1]
  .text              ro code  0x08004f7a     0x4  startup_stm32f303xc.o [1]
  .text              ro code  0x08004f7e     0x4  startup_stm32f303xc.o [1]
  .text              ro code  0x08004f82     0x4  startup_stm32f303xc.o [1]
  .text              ro code  0x08004f86     0x4  startup_stm32f303xc.o [1]
  .text              ro code  0x08004f8a     0x4  startup_stm32f303xc.o [1]
  .text              ro code  0x08004f8e     0x4  startup_stm32f303xc.o [1]
  .text              ro code  0x08004f92     0x4  startup_stm32f303xc.o [1]
  .text              ro code  0x08004f96     0x4  startup_stm32f303xc.o [1]
  .text              ro code  0x08004f9a     0x4  startup_stm32f303xc.o [1]
  .text              ro code  0x08004f9e     0x4  startup_stm32f303xc.o [1]
  .text              ro code  0x08004fa2     0x4  startup_stm32f303xc.o [1]
  .text              ro code  0x08004fa6     0x4  startup_stm32f303xc.o [1]
  .text              ro code  0x08004faa     0x4  startup_stm32f303xc.o [1]
  .text              ro code  0x08004fae     0x4  startup_stm32f303xc.o [1]
  .text              ro code  0x08004fb2     0x4  startup_stm32f303xc.o [1]
  .text              ro code  0x08004fb6     0x4  startup_stm32f303xc.o [1]
  .text              ro code  0x08004fba     0x4  startup_stm32f303xc.o [1]
  .text              ro code  0x08004fbe     0x4  startup_stm32f303xc.o [1]
  .text              ro code  0x08004fc2     0x4  startup_stm32f303xc.o [1]
  .text              ro code  0x08004fc6     0x4  startup_stm32f303xc.o [1]
  .text              ro code  0x08004fca     0x4  startup_stm32f303xc.o [1]
  .text              ro code  0x08004fce     0x4  startup_stm32f303xc.o [1]
  .text              ro code  0x08004fd2     0x4  startup_stm32f303xc.o [1]
  .text              ro code  0x08004fd6     0x4  startup_stm32f303xc.o [1]
  .text              ro code  0x08004fda     0x4  startup_stm32f303xc.o [1]
  .text              ro code  0x08004fde     0x4  startup_stm32f303xc.o [1]
  .text              ro code  0x08004fe2     0x4  startup_stm32f303xc.o [1]
  .text              ro code  0x08004fe6     0x4  startup_stm32f303xc.o [1]
  .text              ro code  0x08004fea     0x4  startup_stm32f303xc.o [1]
  .text              ro code  0x08004fee     0x4  startup_stm32f303xc.o [1]
  .text              ro code  0x08004ff2     0x4  startup_stm32f303xc.o [1]
  .text              ro code  0x08004ff6     0x4  startup_stm32f303xc.o [1]
  .text              ro code  0x08004ffa     0x4  startup_stm32f303xc.o [1]
  .rodata            const    0x08004ffe     0x0  zero_init3.o [5]
  .rodata            const    0x08004ffe     0x0  packbits_init_single.o [5]
  Initializer bytes  const    0x08004ffe   0x1ad  <for P2-1>
                            - 0x080051ab  0x5023

"P2", part 1 of 3:                         0x298
  P2-1                        0x20000000   0x298  <Init block>
    .data            inited   0x20000000    0xc4  main.o [1]
    .data            inited   0x200000c4   0x150  main.o [1]
    .data            inited   0x20000214     0x4  system_stm32f3xx.o [1]
    .data            inited   0x20000218    0x38  xlocale_c.o [3]
    .data            inited   0x20000250    0x48  xlocale_c.o [3]
                            - 0x20000298   0x298

"P2", part 2 of 3:                         0x460
  .bss               zero     0x20000298    0xd4  main.o [1]
  .bss               zero     0x2000036c    0xb0  main.o [1]
  .bss               zero     0x2000041c    0x70  main.o [1]
  .bss               zero     0x2000048c    0x70  main.o [1]
  .bss               zero     0x200004fc    0x54  main.o [1]
  .bss               zero     0x20000550    0x44  main.o [1]
  .bss               zero     0x20000594    0x44  main.o [1]
  .bss               zero     0x200005d8    0x44  main.o [1]
  .bss               zero     0x2000061c    0x44  main.o [1]
  .bss               zero     0x20000660    0x44  main.o [1]
  .bss               zero     0x200006a4    0x44  main.o [1]
  .bss               zero     0x200006e8     0x4  stm32f3xx_hal.o [1]
  .bss               zero     0x200006ec     0x4  stm32f3xx_hal_msp.o [1]
  .bss               zero     0x200006f0     0x4  xfail_s.o [3]
  .bss               zero     0x200006f4     0x2  main.o [1]
                            - 0x200006f6   0x45e

"P2", part 3 of 3:                         0x400
  CSTACK                      0x200006f8   0x400  <Block>
    CSTACK           uninit   0x200006f8   0x400  <Block tail>
                            - 0x20000af8   0x400


*******************************************************************************
*** INIT TABLE
***

          Address     Size
          -------     ----
Zero (__iar_zero_init3)
    1 destination range, total size 0x45e:
          0x20000298  0x45e

Copy/packbits (__iar_packbits_init_single3)
    1 source range, total size 0x1ad (64% of destination):
          0x08004ffe  0x1ad
    1 destination range, total size 0x298:
          0x20000000  0x298



*******************************************************************************
*** MODULE SUMMARY
***

    Module                   ro code  ro data  rw data
    ------                   -------  -------  -------
D:\mls_firmware\secondary_sine_wave_fast _2\EWARM\secondary_sine_wave_Fast\Obj: [1]
    main.o                     2 060      343    1 638
    startup_stm32f303xc.o        636
    stm32f3xx_hal.o              104                 4
    stm32f3xx_hal_adc.o            6
    stm32f3xx_hal_adc_ex.o     2 232
    stm32f3xx_hal_cortex.o       230
    stm32f3xx_hal_dma.o          560
    stm32f3xx_hal_gpio.o         460
    stm32f3xx_hal_msp.o          856                 4
    stm32f3xx_hal_rcc.o        1 244
    stm32f3xx_hal_rcc_ex.o       440
    stm32f3xx_hal_smbus.o        242
    stm32f3xx_hal_tim.o          964
    stm32f3xx_hal_tim_ex.o        92
    stm32f3xx_hal_uart.o       2 046
    stm32f3xx_hal_uart_ex.o        2
    stm32f3xx_it.o               120
    system_stm32f3xx.o           124       11        4
    --------------------------------------------------
    Total:                    12 418      354    1 650

command line: [2]
    --------------------------------------------------
    Total:

dl7M_tlf.a: [3]
    abort.o                        6
    exit.o                         4
    low_level_init.o               4
    sprintf.o                     64
    strncat.o                     40
    xencoding_8859_1.o            30
    xfail_s.o                     68                 4
    xlocale_c.o                  120       89      128
    xmbcurmax.o                   10
    xprintffull.o              3 990
    xsprout.o                     10
    --------------------------------------------------
    Total:                     4 346       89      132

m7M_tls.a: [4]
    DblAdd.o                     360
    DblCmpGe.o                    46
    DblCmpLe.o                    46
    DblDiv.o                     582
    DblMul.o                     418
    DblSub.o                     226
    DblToS32.o                    58
    DblToU32.o                    40
    S32ToDbl.o                    34
    U32ToDbl.o                    26
    fpinit_M.o                    34
    frexp.o                      112
    ldexp.o                      314
    --------------------------------------------------
    Total:                     2 296

rt7M_tl.a: [5]
    ABImemcpy.o                  166
    ABImemset.o                   94
    I64DivMod.o                  558
    I64DivZer.o                    2
    cexit.o                       10
    cmain.o                       30
    cstartup_M.o                  12
    data_init.o                   40
    memchr.o                      88
    packbits_init_single.o        56
    strchr.o                      22
    strlen.o                      54
    strncpy.o                    112
    zero_init3.o                  64
    --------------------------------------------------
    Total:                     1 308

shb_l.a: [6]
    exit.o                        20
    --------------------------------------------------
    Total:                        20

    Gaps                          42        2
    Linker created                         32    1 024
------------------------------------------------------
    Grand Total:              20 430      477    2 806


*******************************************************************************
*** ENTRY LIST
***

Entry                      Address   Size  Type      Object
-----                      -------   ----  ----      ------
.iar.init_table$$Base   0x08004e9c          --   Gb  - Linker created -
.iar.init_table$$Limit  0x08004ebc          --   Gb  - Linker created -
?main                   0x08004ebd         Code  Gb  cmain.o [5]
ADC_DMAConvCplt         0x0800261d   0x44  Code  Lc  stm32f3xx_hal_adc_ex.o [1]
ADC_DMAError            0x08002667   0x16  Code  Lc  stm32f3xx_hal_adc_ex.o [1]
ADC_DMAHalfConvCplt     0x08002661    0x6  Code  Lc  stm32f3xx_hal_adc_ex.o [1]
ADC_Disable             0x080026c1   0x4a  Code  Lc  stm32f3xx_hal_adc_ex.o [1]
ADC_Enable              0x0800267d   0x44  Code  Lc  stm32f3xx_hal_adc_ex.o [1]
AHBPrescTable           0x08004d40   0x10  Data  Gb  system_stm32f3xx.o [1]
APBPrescTable           0x08004f0c    0x8  Data  Gb  system_stm32f3xx.o [1]
BusFault_Handler        0x08004d57    0x2  Code  Gb  stm32f3xx_it.o [1]
CSTACK$$Base            0x200006f8          --   Gb  - Linker created -
CSTACK$$Limit           0x20000af8          --   Gb  - Linker created -
CacheMore               0x08001141   0x24  Code  Lc  xlocale_c.o [3]
DMA1_Channel1_IRQHandler
                        0x08004d6f    0x6  Code  Gb  stm32f3xx_it.o [1]
DMA1_Channel4_IRQHandler
                        0x08004d75    0x6  Code  Gb  stm32f3xx_it.o [1]
DMA1_Channel5_IRQHandler
                        0x08004d7b    0x6  Code  Gb  stm32f3xx_it.o [1]
DMA1_Channel6_IRQHandler
                        0x08004d81    0x6  Code  Gb  stm32f3xx_it.o [1]
DMA1_Channel7_IRQHandler
                        0x08004d87    0x6  Code  Gb  stm32f3xx_it.o [1]
DMA2_Channel1_IRQHandler
                        0x08004d9f    0x6  Code  Gb  stm32f3xx_it.o [1]
DMA_CalcBaseAndBitshift
                        0x08002c91   0x2c  Code  Lc  stm32f3xx_hal_dma.o [1]
DMA_SetConfig           0x08002c6f   0x22  Code  Lc  stm32f3xx_hal_dma.o [1]
DebugMon_Handler        0x08004d5d    0x2  Code  Gb  stm32f3xx_it.o [1]
Error_Handler           0x080035a9    0x2  Code  Gb  main.o [1]
HAL_ADCEx_MultiModeConfigChannel
                        0x0800253b   0xe2  Code  Gb  stm32f3xx_hal_adc_ex.o [1]
HAL_ADC_ConfigChannel   0x08002239  0x2b6  Code  Gb  stm32f3xx_hal_adc_ex.o [1]
HAL_ADC_ConvCpltCallback
                        0x08002cd1    0x2  Code  Wk  stm32f3xx_hal_adc.o [1]
HAL_ADC_ConvHalfCpltCallback
                        0x08002cd3    0x2  Code  Wk  stm32f3xx_hal_adc.o [1]
HAL_ADC_ErrorCallback   0x08002cd5    0x2  Code  Wk  stm32f3xx_hal_adc.o [1]
HAL_ADC_Init            0x08001e91  0x204  Code  Gb  stm32f3xx_hal_adc_ex.o [1]
HAL_ADC_MspInit         0x080027bf   0x82  Code  Gb  stm32f3xx_hal_msp.o [1]
HAL_ADC_Start_DMA       0x08002095  0x12a  Code  Gb  stm32f3xx_hal_adc_ex.o [1]
HAL_DMA_Abort_IT        0x08002b71   0x4a  Code  Gb  stm32f3xx_hal_dma.o [1]
HAL_DMA_IRQHandler      0x08002bbb   0xb2  Code  Gb  stm32f3xx_hal_dma.o [1]
HAL_DMA_Init            0x08002aa1   0x56  Code  Gb  stm32f3xx_hal_dma.o [1]
HAL_DMA_Start_IT        0x08002afd   0x74  Code  Gb  stm32f3xx_hal_dma.o [1]
HAL_GPIO_Init           0x080035d9  0x1a0  Code  Gb  stm32f3xx_hal_gpio.o [1]
HAL_GPIO_WritePin       0x08003779    0xe  Code  Gb  stm32f3xx_hal_gpio.o [1]
HAL_GetTick             0x08002cd9    0xc  Code  Wk  stm32f3xx_hal.o [1]
HAL_IncTick             0x08004dc9   0x10  Code  Wk  stm32f3xx_hal.o [1]
HAL_Init                0x08004039   0x20  Code  Gb  stm32f3xx_hal.o [1]
HAL_InitTick            0x08004ca1   0x28  Code  Wk  stm32f3xx_hal.o [1]
HAL_MspInit             0x08002749   0x76  Code  Gb  stm32f3xx_hal_msp.o [1]
HAL_NVIC_EnableIRQ      0x08002d57    0xa  Code  Gb  stm32f3xx_hal_cortex.o [1]
HAL_NVIC_SetPriority    0x08002d1d   0x3a  Code  Gb  stm32f3xx_hal_cortex.o [1]
HAL_NVIC_SetPriorityGrouping
                        0x08002d03   0x1a  Code  Gb  stm32f3xx_hal_cortex.o [1]
HAL_RCCEx_PeriphCLKConfig
                        0x08004a81  0x1aa  Code  Gb  stm32f3xx_hal_rcc_ex.o [1]
HAL_RCC_ADC12_CLK_ENABLED
                        0x200006ec    0x4  Data  Lc  stm32f3xx_hal_msp.o [1]
HAL_RCC_ClockConfig     0x080048a3  0x110  Code  Gb  stm32f3xx_hal_rcc.o [1]
HAL_RCC_GetHCLKFreq     0x08004a0b    0x6  Code  Gb  stm32f3xx_hal_rcc.o [1]
HAL_RCC_GetPCLK1Freq    0x08004a11   0x10  Code  Gb  stm32f3xx_hal_rcc.o [1]
HAL_RCC_GetPCLK2Freq    0x08004a21    0xe  Code  Gb  stm32f3xx_hal_rcc.o [1]
HAL_RCC_GetSysClockFreq
                        0x080049d1   0x3a  Code  Gb  stm32f3xx_hal_rcc.o [1]
HAL_RCC_OscConfig       0x080045a5  0x2d8  Code  Gb  stm32f3xx_hal_rcc.o [1]
HAL_SMBUS_Init          0x0800405d   0xe2  Code  Gb  stm32f3xx_hal_smbus.o [1]
HAL_SMBUS_MspInit       0x0800286f   0x52  Code  Gb  stm32f3xx_hal_msp.o [1]
HAL_SYSTICK_CLKSourceConfig
                        0x08002d93   0x1a  Code  Gb  stm32f3xx_hal_cortex.o [1]
HAL_SYSTICK_Config      0x08002d6b   0x28  Code  Gb  stm32f3xx_hal_cortex.o [1]
HAL_SYSTICK_IRQHandler  0x08002dc5    0x4  Code  Gb  stm32f3xx_hal_cortex.o [1]
HAL_TIMEx_BreakCallback
                        0x08004ccd    0x2  Code  Wk  stm32f3xx_hal_tim_ex.o [1]
HAL_TIMEx_CommutationCallback
                        0x08004cd1    0x2  Code  Wk  stm32f3xx_hal_tim_ex.o [1]
HAL_TIMEx_MasterConfigSynchronization
                        0x0800450d   0x44  Code  Gb  stm32f3xx_hal_tim_ex.o [1]
HAL_TIM_Base_Init       0x08004151   0x1a  Code  Gb  stm32f3xx_hal_tim.o [1]
HAL_TIM_Base_MspInit    0x080028cf   0x34  Code  Gb  stm32f3xx_hal_msp.o [1]
HAL_TIM_Base_Start      0x0800416b   0x1a  Code  Gb  stm32f3xx_hal_tim.o [1]
HAL_TIM_Base_Start_IT   0x08004185   0x16  Code  Gb  stm32f3xx_hal_tim.o [1]
HAL_TIM_ConfigClockSource
                        0x08004307   0xb4  Code  Gb  stm32f3xx_hal_tim.o [1]
HAL_TIM_IRQHandler      0x080041bf  0x142  Code  Gb  stm32f3xx_hal_tim.o [1]
HAL_TIM_PeriodElapsedCallback
                        0x080034b9   0x96  Code  Gb  main.o [1]
HAL_UARTEx_WakeupCallback
                        0x08004c39    0x2  Code  Wk  stm32f3xx_hal_uart_ex.o [1]
HAL_UART_ErrorCallback  0x08002fe7    0x2  Code  Gb  main.o [1]
HAL_UART_GetState       0x08003a61    0xc  Code  Gb  stm32f3xx_hal_uart.o [1]
HAL_UART_IRQHandler     0x08003923  0x132  Code  Gb  stm32f3xx_hal_uart.o [1]
HAL_UART_Init           0x080037a5   0x30  Code  Gb  stm32f3xx_hal_uart.o [1]
HAL_UART_MspInit        0x08002903  0x108  Code  Gb  stm32f3xx_hal_msp.o [1]
HAL_UART_Receive_DMA    0x0800389b   0x82  Code  Gb  stm32f3xx_hal_uart.o [1]
HAL_UART_RxCpltCallback
                        0x08002fdb    0xc  Code  Gb  main.o [1]
HAL_UART_Transmit_DMA   0x08003825   0x76  Code  Gb  stm32f3xx_hal_uart.o [1]
HAL_UART_TxCpltCallback
                        0x08002f19   0xc2  Code  Gb  main.o [1]
HardFault_Handler       0x08004d53    0x2  Code  Gb  stm32f3xx_it.o [1]
LoadInt                 0x08000377   0x7a  Code  Lc  xprintffull.o [3]
MX_ADC1_Init            0x08003301   0x7c  Code  Lc  main.o [1]
MX_GPIO_Init            0x080033ad   0xe8  Code  Lc  main.o [1]
MemManage_Handler       0x08004d55    0x2  Code  Gb  stm32f3xx_it.o [1]
NMI_Handler             0x08004d51    0x2  Code  Gb  stm32f3xx_it.o [1]
NVIC_SetPriority        0x08002ce5   0x1e  Code  Lc  stm32f3xx_hal_cortex.o [1]
PendSV_Handler          0x08004d5f    0x2  Code  Gb  stm32f3xx_it.o [1]
Region$$Table$$Base     0x08004e9c          --   Gb  - Linker created -
Region$$Table$$Limit    0x08004ebc          --   Gb  - Linker created -
SVC_Handler             0x08004d5b    0x2  Code  Gb  stm32f3xx_it.o [1]
SysTick_Handler         0x08004d61    0xe  Code  Gb  stm32f3xx_it.o [1]
SystemClock_Config      0x0800326d   0x94  Code  Gb  main.o [1]
SystemCoreClock         0x20000214    0x4  Data  Gb  system_stm32f3xx.o [1]
SystemInit              0x08004cd5   0x52  Code  Gb  system_stm32f3xx.o [1]
TIM3_IRQHandler         0x08004d8d    0x6  Code  Gb  stm32f3xx_it.o [1]
TIM_Base_SetConfig      0x080043e3   0x96  Code  Gb  stm32f3xx_hal_tim.o [1]
TIM_ETR_SetConfig       0x080044f3   0x14  Code  Gb  stm32f3xx_hal_tim.o [1]
TIM_ITRx_SetConfig      0x080044e3   0x10  Code  Lc  stm32f3xx_hal_tim.o [1]
TIM_TI1_ConfigInputStage
                        0x080044a1   0x1e  Code  Lc  stm32f3xx_hal_tim.o [1]
TIM_TI2_ConfigInputStage
                        0x080044bf   0x24  Code  Lc  stm32f3xx_hal_tim.o [1]
UART_AdvFeatureConfig   0x08003c3d   0xc6  Code  Gb  stm32f3xx_hal_uart.o [1]
UART_CheckIdleState     0x08003d03   0x5a  Code  Gb  stm32f3xx_hal_uart.o [1]
UART_DMAAbortOnError    0x08003ea5   0x10  Code  Lc  stm32f3xx_hal_uart.o [1]
UART_DMAError           0x08003e55   0x50  Code  Lc  stm32f3xx_hal_uart.o [1]
UART_DMAReceiveCplt     0x08003e11   0x3a  Code  Lc  stm32f3xx_hal_uart.o [1]
UART_DMARxHalfCplt      0x08003e4d    0x6  Code  Lc  stm32f3xx_hal_uart.o [1]
UART_DMATransmitCplt    0x08003ddd   0x2c  Code  Lc  stm32f3xx_hal_uart.o [1]
UART_DMATxHalfCplt      0x08003e09    0x6  Code  Lc  stm32f3xx_hal_uart.o [1]
UART_EndRxTransfer      0x08003dc1   0x1c  Code  Lc  stm32f3xx_hal_uart.o [1]
UART_EndTransmit_IT     0x08003f17   0x1a  Code  Gb  stm32f3xx_hal_uart.o [1]
UART_Receive_IT         0x08003f31   0x6e  Code  Gb  stm32f3xx_hal_uart.o [1]
UART_SetConfig          0x08003a6d  0x1ac  Code  Gb  stm32f3xx_hal_uart.o [1]
UART_Transmit_IT        0x08003eb5   0x62  Code  Gb  stm32f3xx_hal_uart.o [1]
UART_WaitOnFlagUntilTimeout
                        0x08003d5d   0x58  Code  Gb  stm32f3xx_hal_uart.o [1]
USART1_IRQHandler       0x08004d93    0x6  Code  Gb  stm32f3xx_it.o [1]
USART2_IRQHandler       0x08004d99    0x6  Code  Gb  stm32f3xx_it.o [1]
UsageFault_Handler      0x08004d59    0x2  Code  Gb  stm32f3xx_it.o [1]
_Encoding_8859_1_Mbrlen
                        0x08001131    0x2  Code  Gb  xencoding_8859_1.o [3]
_Encoding_8859_1_Wctomb
                        0x0800111f   0x12  Code  Gb  xencoding_8859_1.o [3]
_GenldFull              0x08000df7  0x276  Code  Lc  xprintffull.o [3]
_LdtobFull              0x080009cd  0x3fe  Code  Lc  xprintffull.o [3]
_LitobFull              0x08000875  0x112  Code  Lc  xprintffull.o [3]
_Locale_lconv           0x20000218   0x38  Data  Lc  xlocale_c.o [3]
_PrintfFull             0x08000189  0x1d8  Code  Gb  xprintffull.o [3]
_PutcharsFull           0x0800106d   0x2e  Code  Lc  xprintffull.o [3]
_PutfldFull             0x080003f1  0x2d0  Code  Lc  xprintffull.o [3]
_PutstrFull             0x080007b7   0xbe  Code  Lc  xprintffull.o [3]
_PuttxtFull             0x080006c1   0xf6  Code  Lc  xprintffull.o [3]
_SProut                 0x080011cb    0xa  Code  Gb  xsprout.o [3]
__aeabi_cdcmple         0x080017a1         Code  Gb  DblCmpLe.o [4]
__aeabi_cdrcmple        0x080017d1         Code  Gb  DblCmpGe.o [4]
__aeabi_d2iz            0x0800193d         Code  Gb  DblToS32.o [4]
__aeabi_d2uiz           0x08001cc9         Code  Gb  DblToU32.o [4]
__aeabi_ddiv            0x08001a81         Code  Gb  DblDiv.o [4]
__aeabi_dmul            0x0800158d         Code  Gb  DblMul.o [4]
__aeabi_dsub            0x0800199d         Code  Gb  DblSub.o [4]
__aeabi_i2d             0x08001979         Code  Gb  S32ToDbl.o [4]
__aeabi_ldiv0           0x08001d11         Code  Gb  I64DivZer.o [5]
__aeabi_memcpy          0x080012b5         Code  Gb  ABImemcpy.o [5]
__aeabi_memcpy4         0x080012d5         Code  Gb  ABImemcpy.o [5]
__aeabi_memcpy8         0x080012d5         Code  Gb  ABImemcpy.o [5]
__aeabi_ui2d            0x08001cf1         Code  Gb  U32ToDbl.o [4]
__aeabi_uldivmod        0x0800135d         Code  Gb  I64DivMod.o [5]
__cmain                 0x08004ebd         Code  Gb  cmain.o [5]
__exit                  0x08001e7d   0x14  Code  Gb  exit.o [6]
__iar_Fail_s            0x080011d5   0x1e  Code  Gb  xfail_s.o [3]
__iar_Mbcurmax          0x080012a9    0xa  Code  Gb  xmbcurmax.o [3]
__iar_Memchr            0x08001251         Code  Gb  memchr.o [5]
__iar_Memset_word       0x08004c41         Code  Gb  ABImemset.o [5]
__iar_Strchr            0x080011b5         Code  Gb  strchr.o [5]
__iar_dadd              0x080019ad         Code  Gb  DblSub.o [4]
__iar_data_init3        0x08004e51   0x28  Code  Gb  data_init.o [5]
__iar_dsub              0x08001d15         Code  Gb  DblAdd.o [4]
__iar_dsubStart         0x08001d27         Code  Gb  DblAdd.o [4]
__iar_frexp             0x0800173d         Code  Gb  frexp.o [4]
__iar_frexpl            0x0800173d         Code  Gb  frexp.o [4]
__iar_globLocale        0x20000250   0x48  Data  Lc  xlocale_c.o [3]
__iar_global_Locale     0x0800113d    0x4  Code  Gb  xlocale_c.o [3]
__iar_init_vfp          0x08004e79         Code  Gb  fpinit_M.o [4]
__iar_ldexp64           0x08001801         Code  Gb  ldexp.o [4]
__iar_packbits_init_single3
                        0x08004e19   0x38  Code  Gb  packbits_init_single.o [5]
__iar_program_start     0x08004f01         Code  Gb  cstartup_M.o [5]
__iar_scalbln64         0x08001801         Code  Gb  ldexp.o [4]
__iar_scalbn64          0x08001801         Code  Gb  ldexp.o [4]
__iar_softfp___iar_frexp64
                        0x08001731         Code  Gb  frexp.o [4]
__iar_softfp_frexp      0x08001731         Code  Gb  frexp.o [4]
__iar_softfp_frexpl     0x08001731         Code  Gb  frexp.o [4]
__iar_systems$$module {Abs}
                        0x00000001         Data  Gb  command line/config [2]
__iar_zero_init3        0x08004dd9   0x40  Code  Gb  zero_init3.o [5]
__low_level_init        0x08004edb    0x4  Code  Gb  low_level_init.o [3]
__vector_table          0x08000000         Data  Gb  startup_stm32f303xc.o [1]
_call_main              0x08004ec9         Code  Gb  cmain.o [5]
_exit                   0x08004ee5         Code  Gb  cexit.o [5]
_gLocale_mblen          0x0800119d    0x4  Code  Gb  xlocale_c.o [3]
_gLocale_mblenInt       0x08001165   0x34  Code  Gb  xlocale_c.o [3]
_gLocale_wctomb         0x080011a1    0x4  Code  Gb  xlocale_c.o [3]
_gLocale_wctombInt      0x08001199    0x4  Code  Gb  xlocale_c.o [3]
_main                   0x08004ed7         Code  Gb  cmain.o [5]
aPLLMULFactorTable      0x08004a60   0x10  Data  Gb  stm32f3xx_hal_rcc.o [1]
aPredivFactorTable      0x08004a70   0x10  Data  Gb  stm32f3xx_hal_rcc.o [1]
abort                   0x08001d0b    0x6  Code  Gb  abort.o [3]
adc1_buffer             0x200000ac    0xc  Data  Gb  main.o [1]
adc2_buffer             0x200000b8    0xc  Data  Gb  main.o [1]
adc_dcv                 0x200000a4    0x4  Data  Gb  main.o [1]
adc_outv                0x200000a8    0x4  Data  Gb  main.o [1]
curr_rx_ptr             0x200003b4    0x4  Data  Gb  main.o [1]
debug_rx_buffer         0x200003b8   0x64  Data  Gb  main.o [1]
debug_tx_buf_start      0x20000300    0x4  Data  Gb  main.o [1]
debug_tx_buffer         0x20000308   0x64  Data  Gb  main.o [1]
debug_tx_to_send        0x200006f4    0x2  Data  Gb  main.o [1]
end_ptr                 0x200003b0    0x4  Data  Gb  main.o [1]
exit                    0x08004edf    0x4  Code  Gb  exit.o [3]
forward                 0x200000c4    0x1  Data  Gb  main.o [1]
hadc1                   0x200004fc   0x54  Data  Gb  main.o [1]
hadc2                   0x20000000   0x54  Data  Gb  main.o [1]
hdma_adc1               0x20000550   0x44  Data  Gb  main.o [1]
hdma_adc2               0x20000594   0x44  Data  Gb  main.o [1]
hdma_usart1_rx          0x2000061c   0x44  Data  Gb  main.o [1]
hdma_usart1_tx          0x200005d8   0x44  Data  Gb  main.o [1]
hdma_usart2_rx          0x20000660   0x44  Data  Gb  main.o [1]
hdma_usart2_tx          0x200006a4   0x44  Data  Gb  main.o [1]
hsmbus1                 0x20000054   0x50  Data  Gb  main.o [1]
htim3                   0x2000036c   0x40  Data  Gb  main.o [1]
huart1                  0x2000041c   0x70  Data  Gb  main.o [1]
huart2                  0x2000048c   0x70  Data  Gb  main.o [1]
ldexp                   0x08001801         Code  Gb  ldexp.o [4]
ldexpl                  0x08001801         Code  Gb  ldexp.o [4]
localeconv              0x080011a5    0x4  Code  Gb  xlocale_c.o [3]
loop_count              0x20000210    0x4  Data  Gb  main.o [1]
main                    0x08002fe9  0x284  Code  Gb  main.o [1]
memchr                  0x08001251         Code  Gb  memchr.o [5]
optic_tx_buf_start      0x20000304    0x4  Data  Gb  main.o [1]
optic_tx_buffer         0x2000029c   0x64  Data  Gb  main.o [1]
optic_tx_to_send        0x20000298    0x1  Data  Gb  main.o [1]
print_debug             0x08002e5f   0x74  Code  Gb  main.o [1]
print_optic             0x08002ed3   0x46  Code  Gb  main.o [1]
reset_left_leg          0x08002df5   0x14  Code  Gb  main.o [1]
reset_right_leg         0x08002e35   0x22  Code  Gb  main.o [1]
scalbln                 0x08001801         Code  Gb  ldexp.o [4]
scalblnl                0x08001801         Code  Gb  ldexp.o [4]
scalbn                  0x08001801         Code  Gb  ldexp.o [4]
scalbnl                 0x08001801         Code  Gb  ldexp.o [4]
scale                   0x08000987   0x46  Code  Lc  xprintffull.o [3]
sec_hand                0x200006f0    0x4  Data  Lc  xfail_s.o [3]
set_right_leg           0x08002e11   0x24  Code  Gb  main.o [1]
set_user1_led           0x08002dcd   0x12  Code  Gb  main.o [1]
set_user2_led           0x08002ddf   0x10  Code  Gb  main.o [1]
sine_array              0x200000c8  0x148  Data  Gb  main.o [1]
sprintf                 0x08004565   0x40  Code  Gb  sprintf.o [3]
start_ptr               0x200003ac    0x4  Data  Gb  main.o [1]
strchr                  0x080011b5         Code  Gb  strchr.o [5]
strlen                  0x08001219         Code  Gb  strlen.o [5]
strncat                 0x08003f9f   0x28  Code  Gb  strncat.o [3]
strncpy                 0x08003fc9         Code  Gb  strncpy.o [5]
uwTick                  0x200006e8    0x4  Data  Gb  stm32f3xx_hal.o [1]


[1] = D:\mls_firmware\secondary_sine_wave_fast _2\EWARM\secondary_sine_wave_Fast\Obj
[2] = command line
[3] = dl7M_tlf.a
[4] = m7M_tls.a
[5] = rt7M_tl.a
[6] = shb_l.a

  20 430 bytes of readonly  code memory
     477 bytes of readonly  data memory
   2 806 bytes of readwrite data memory

Errors: none
Warnings: none
