###############################################################################
#
# IAR ELF Linker V8.20.2.14835/W32 for ARM                29/Sep/2020  23:07:10
# Copyright 2007-2017 IAR Systems AB.
#
#    Output file  =  
#        D:\mls_firmware\DAB_Inverter\EWARM\DAB_Inverter\Exe\DAB_Inverter.out
#    Map file     =  
#        D:\mls_firmware\DAB_Inverter\EWARM\DAB_Inverter\List\DAB_Inverter.map
#    Command line =  
#        -f C:\Users\FRANCI~1\AppData\Local\Temp\EWF843.tmp
#        (D:\mls_firmware\DAB_Inverter\EWARM\DAB_Inverter\Obj\adc.o
#        D:\mls_firmware\DAB_Inverter\EWARM\DAB_Inverter\Obj\dma.o
#        D:\mls_firmware\DAB_Inverter\EWARM\DAB_Inverter\Obj\gpio.o
#        D:\mls_firmware\DAB_Inverter\EWARM\DAB_Inverter\Obj\main.o
#        D:\mls_firmware\DAB_Inverter\EWARM\DAB_Inverter\Obj\printf.o
#        D:\mls_firmware\DAB_Inverter\EWARM\DAB_Inverter\Obj\startup_stm32f303xc.o
#        D:\mls_firmware\DAB_Inverter\EWARM\DAB_Inverter\Obj\stm32f3xx_hal.o
#        D:\mls_firmware\DAB_Inverter\EWARM\DAB_Inverter\Obj\stm32f3xx_hal_adc.o
#        D:\mls_firmware\DAB_Inverter\EWARM\DAB_Inverter\Obj\stm32f3xx_hal_adc_ex.o
#        D:\mls_firmware\DAB_Inverter\EWARM\DAB_Inverter\Obj\stm32f3xx_hal_cortex.o
#        D:\mls_firmware\DAB_Inverter\EWARM\DAB_Inverter\Obj\stm32f3xx_hal_dma.o
#        D:\mls_firmware\DAB_Inverter\EWARM\DAB_Inverter\Obj\stm32f3xx_hal_exti.o
#        D:\mls_firmware\DAB_Inverter\EWARM\DAB_Inverter\Obj\stm32f3xx_hal_flash.o
#        D:\mls_firmware\DAB_Inverter\EWARM\DAB_Inverter\Obj\stm32f3xx_hal_flash_ex.o
#        D:\mls_firmware\DAB_Inverter\EWARM\DAB_Inverter\Obj\stm32f3xx_hal_gpio.o
#        D:\mls_firmware\DAB_Inverter\EWARM\DAB_Inverter\Obj\stm32f3xx_hal_i2c.o
#        D:\mls_firmware\DAB_Inverter\EWARM\DAB_Inverter\Obj\stm32f3xx_hal_i2c_ex.o
#        D:\mls_firmware\DAB_Inverter\EWARM\DAB_Inverter\Obj\stm32f3xx_hal_msp.o
#        D:\mls_firmware\DAB_Inverter\EWARM\DAB_Inverter\Obj\stm32f3xx_hal_pwr.o
#        D:\mls_firmware\DAB_Inverter\EWARM\DAB_Inverter\Obj\stm32f3xx_hal_pwr_ex.o
#        D:\mls_firmware\DAB_Inverter\EWARM\DAB_Inverter\Obj\stm32f3xx_hal_rcc.o
#        D:\mls_firmware\DAB_Inverter\EWARM\DAB_Inverter\Obj\stm32f3xx_hal_rcc_ex.o
#        D:\mls_firmware\DAB_Inverter\EWARM\DAB_Inverter\Obj\stm32f3xx_hal_tim.o
#        D:\mls_firmware\DAB_Inverter\EWARM\DAB_Inverter\Obj\stm32f3xx_hal_tim_ex.o
#        D:\mls_firmware\DAB_Inverter\EWARM\DAB_Inverter\Obj\stm32f3xx_hal_uart.o
#        D:\mls_firmware\DAB_Inverter\EWARM\DAB_Inverter\Obj\stm32f3xx_hal_uart_ex.o
#        D:\mls_firmware\DAB_Inverter\EWARM\DAB_Inverter\Obj\stm32f3xx_it.o
#        D:\mls_firmware\DAB_Inverter\EWARM\DAB_Inverter\Obj\system_stm32f3xx.o
#        D:\mls_firmware\DAB_Inverter\EWARM\DAB_Inverter\Obj\tim.o
#        D:\mls_firmware\DAB_Inverter\EWARM\DAB_Inverter\Obj\usart.o --redirect
#        _Printf=_PrintfFull --redirect _Scanf=_ScanfFull -o
#        D:\mls_firmware\DAB_Inverter\EWARM\DAB_Inverter\Exe\DAB_Inverter.out
#        --map
#        D:\mls_firmware\DAB_Inverter\EWARM\DAB_Inverter\List\DAB_Inverter.map
#        --config D:\mls_firmware\DAB_Inverter\EWARM/stm32f303xc_flash.icf
#        --semihosting --entry __iar_program_start --vfe --text_out locale)
#
###############################################################################

*******************************************************************************
*** RUNTIME MODEL ATTRIBUTES
***

CppFlavor       = *
__SystemLibrary = DLib
__dlib_version  = 6


*******************************************************************************
*** HEAP SELECTION
***

The basic heap was selected because some modules are built with
size limitations (and not runtime checking), and --advanced_heap
was not specified.


*******************************************************************************
*** PLACEMENT SUMMARY
***

"A0":  place at 0x08000000 { ro section .intvec };
"P1":  place in [from 0x08000000 to 0x0803ffff] { ro };
define block CSTACK with size = 1K, alignment = 8 { };
define block HEAP with size = 512, alignment = 8 { };
"P2":  place in [from 0x20000000 to 0x20009fff] {
          rw, block CSTACK, block HEAP };
initialize by copy { rw };

  Section            Kind        Address    Size  Object
  -------            ----        -------    ----  ------
"A0":                                      0x188
  .intvec            ro code  0x08000000   0x188  startup_stm32f303xc.o [1]
                            - 0x08000188   0x188

"P1":                                     0x52d0
  .text              ro code  0x08000188   0xdd0  printf.o [1]
  .text              ro code  0x08000f58   0x22e  I64DivMod.o [5]
  .text              ro code  0x08001188    0x20  DblCmpEq.o [4]
  .text              ro code  0x080011a8    0x2e  DblCmpGe.o [4]
  .text              ro code  0x080011d8    0x2e  DblCmpLe.o [4]
  .text              ro code  0x08001208    0x3a  DblToS32.o [4]
  .text              ro code  0x08001244    0x22  S32ToDbl.o [4]
  .text              ro code  0x08001268   0x1a2  DblMul.o [4]
  .text              ro code  0x0800140c    0x28  DblToU32.o [4]
  .text              ro code  0x08001434    0x1a  U32ToDbl.o [4]
  .text              ro code  0x08001450    0xe2  DblSub.o [4]
  .text              ro code  0x08001534   0x178  DblAdd.o [4]
  .text              ro code  0x080016ac   0x246  DblDiv.o [4]
  .text              ro code  0x080018f4     0x2  I64DivZer.o [5]
  .text              ro code  0x080018f8   0xc42  stm32f3xx_hal_adc_ex.o [1]
  .text              ro code  0x0800253c   0x182  adc.o [1]
  .text              ro code  0x080026c0   0x22c  stm32f3xx_hal_dma.o [1]
  .text              ro code  0x080028ec     0x2  stm32f3xx_hal_adc.o [1]
  .text              ro code  0x080028ee     0x2  stm32f3xx_hal_adc_ex.o [1]
  .text              ro code  0x080028f0     0x2  stm32f3xx_hal_adc_ex.o [1]
  .text              ro code  0x080028f2     0x2  stm32f3xx_hal_adc.o [1]
  .text              ro code  0x080028f4     0x2  stm32f3xx_hal_adc_ex.o [1]
  .text              ro code  0x080028f8     0xc  stm32f3xx_hal.o [1]
  .text              ro code  0x08002904     0x6  ABImemclr4.o [5]
  .text              ro code  0x0800290c   0x568  main.o [1]
  .text              ro code  0x08002e74   0x1dc  stm32f3xx_hal_gpio.o [1]
  .text              ro code  0x08003050    0xc8  stm32f3xx_hal_cortex.o [1]
  .text              ro code  0x08003118    0x32  ABImemset48.o [5]
  .text              ro code  0x0800314c    0x24  stm32f3xx_hal.o [1]
  .text              ro code  0x08003170   0x2b2  tim.o [1]
  .text              ro code  0x08003424   0x10c  gpio.o [1]
  .text              ro code  0x08003530    0x50  dma.o [1]
  .text              ro code  0x08003580   0x25c  usart.o [1]
  .text              ro code  0x080037dc   0x82a  stm32f3xx_hal_tim.o [1]
  .text              ro code  0x08004008    0x48  FltToDbl.o [4]
  .text              ro code  0x08004050   0x4c0  stm32f3xx_hal_rcc.o [1]
  .text              ro code  0x08004510   0x1b8  stm32f3xx_hal_rcc_ex.o [1]
  .text              ro code  0x080046c8    0x40  stm32f3xx_hal.o [1]
  .text              ro code  0x08004708    0x30  stm32f3xx_hal_msp.o [1]
  .text              ro code  0x08004738   0x174  stm32f3xx_hal_tim_ex.o [1]
  .text              ro code  0x080048ac   0x6cc  stm32f3xx_hal_uart.o [1]
  .text              ro code  0x08004f78    0x36  strlen.o [5]
  .text              ro code  0x08004fae    0x28  strncat.o [3]
  .text              ro code  0x08004fd8    0x70  strncpy.o [5]
  .text              ro code  0x08005048     0x2  stm32f3xx_hal_tim.o [1]
  .text              ro code  0x0800504a     0x2  stm32f3xx_hal_tim.o [1]
  .text              ro code  0x0800504c     0x2  stm32f3xx_hal_tim.o [1]
  .text              ro code  0x0800504e     0x2  stm32f3xx_hal_tim.o [1]
  .text              ro code  0x08005050     0x2  stm32f3xx_hal_tim_ex.o [1]
  .text              ro code  0x08005052     0x2  stm32f3xx_hal_tim_ex.o [1]
  .text              ro code  0x08005054     0x2  stm32f3xx_hal_tim.o [1]
  .text              ro code  0x08005056     0x2  stm32f3xx_hal_tim_ex.o [1]
  .text              ro code  0x08005058     0x2  stm32f3xx_hal_tim.o [1]
  .text              ro code  0x0800505a     0x2  stm32f3xx_hal_uart.o [1]
  .text              ro code  0x0800505c     0x2  stm32f3xx_hal_uart_ex.o [1]
  .text              ro code  0x0800505e     0x2  stm32f3xx_hal_uart.o [1]
  .text              ro code  0x08005060    0x5e  ABImemset.o [5]
  .text              ro code  0x080050c0   0x108  stm32f3xx_it.o [1]
  .text              ro code  0x080051c8    0x10  stm32f3xx_hal.o [1]
  .text              ro code  0x080051d8    0x40  zero_init3.o [5]
  .text              ro code  0x08005218    0x2c  system_stm32f3xx.o [1]
  .text              ro code  0x08005244    0x2c  copy_init3.o [5]
  .text              ro code  0x08005270    0x28  data_init.o [5]
  .text              ro code  0x08005298    0x22  fpinit_M.o [4]
  .iar.init_table    const    0x080052bc    0x24  - Linker created -
  .text              ro code  0x080052e0    0x1e  cmain.o [5]
  .text              ro code  0x080052fe     0x4  low_level_init.o [3]
  .text              ro code  0x08005302     0x4  exit.o [3]
  .text              ro code  0x08005308     0xa  cexit.o [5]
  .text              ro code  0x08005314    0x14  exit.o [6]
  Initializer bytes  const    0x08005328    0x1c  <for P2-1>
  .text              ro code  0x08005344    0x10  startup_stm32f303xc.o [1]
  .text              ro code  0x08005354     0xc  cstartup_M.o [5]
  .rodata            const    0x08005360     0x8  system_stm32f3xx.o [1]
  .text              ro code  0x08005368     0x4  startup_stm32f303xc.o [1]
  .text              ro code  0x0800536c     0x4  startup_stm32f303xc.o [1]
  .text              ro code  0x08005370     0x4  startup_stm32f303xc.o [1]
  .text              ro code  0x08005374     0x4  startup_stm32f303xc.o [1]
  .text              ro code  0x08005378     0x4  startup_stm32f303xc.o [1]
  .text              ro code  0x0800537c     0x4  startup_stm32f303xc.o [1]
  .text              ro code  0x08005380     0x4  startup_stm32f303xc.o [1]
  .text              ro code  0x08005384     0x4  startup_stm32f303xc.o [1]
  .text              ro code  0x08005388     0x4  startup_stm32f303xc.o [1]
  .text              ro code  0x0800538c     0x4  startup_stm32f303xc.o [1]
  .text              ro code  0x08005390     0x4  startup_stm32f303xc.o [1]
  .text              ro code  0x08005394     0x4  startup_stm32f303xc.o [1]
  .text              ro code  0x08005398     0x4  startup_stm32f303xc.o [1]
  .text              ro code  0x0800539c     0x4  startup_stm32f303xc.o [1]
  .text              ro code  0x080053a0     0x4  startup_stm32f303xc.o [1]
  .text              ro code  0x080053a4     0x4  startup_stm32f303xc.o [1]
  .text              ro code  0x080053a8     0x4  startup_stm32f303xc.o [1]
  .text              ro code  0x080053ac     0x4  startup_stm32f303xc.o [1]
  .text              ro code  0x080053b0     0x4  startup_stm32f303xc.o [1]
  .text              ro code  0x080053b4     0x4  startup_stm32f303xc.o [1]
  .text              ro code  0x080053b8     0x4  startup_stm32f303xc.o [1]
  .text              ro code  0x080053bc     0x4  startup_stm32f303xc.o [1]
  .text              ro code  0x080053c0     0x4  startup_stm32f303xc.o [1]
  .text              ro code  0x080053c4     0x4  startup_stm32f303xc.o [1]
  .text              ro code  0x080053c8     0x4  startup_stm32f303xc.o [1]
  .text              ro code  0x080053cc     0x4  startup_stm32f303xc.o [1]
  .text              ro code  0x080053d0     0x4  startup_stm32f303xc.o [1]
  .text              ro code  0x080053d4     0x4  startup_stm32f303xc.o [1]
  .text              ro code  0x080053d8     0x4  startup_stm32f303xc.o [1]
  .text              ro code  0x080053dc     0x4  startup_stm32f303xc.o [1]
  .text              ro code  0x080053e0     0x4  startup_stm32f303xc.o [1]
  .text              ro code  0x080053e4     0x4  startup_stm32f303xc.o [1]
  .text              ro code  0x080053e8     0x4  startup_stm32f303xc.o [1]
  .text              ro code  0x080053ec     0x4  startup_stm32f303xc.o [1]
  .text              ro code  0x080053f0     0x4  startup_stm32f303xc.o [1]
  .text              ro code  0x080053f4     0x4  startup_stm32f303xc.o [1]
  .text              ro code  0x080053f8     0x4  startup_stm32f303xc.o [1]
  .text              ro code  0x080053fc     0x4  startup_stm32f303xc.o [1]
  .text              ro code  0x08005400     0x4  startup_stm32f303xc.o [1]
  .text              ro code  0x08005404     0x4  startup_stm32f303xc.o [1]
  .text              ro code  0x08005408     0x4  startup_stm32f303xc.o [1]
  .text              ro code  0x0800540c     0x4  startup_stm32f303xc.o [1]
  .text              ro code  0x08005410     0x4  startup_stm32f303xc.o [1]
  .text              ro code  0x08005414     0x4  startup_stm32f303xc.o [1]
  .text              ro code  0x08005418     0x4  startup_stm32f303xc.o [1]
  .text              ro code  0x0800541c     0x4  startup_stm32f303xc.o [1]
  .text              ro code  0x08005420     0x4  startup_stm32f303xc.o [1]
  .text              ro code  0x08005424     0x4  startup_stm32f303xc.o [1]
  .text              ro code  0x08005428     0x4  startup_stm32f303xc.o [1]
  .text              ro code  0x0800542c     0x4  startup_stm32f303xc.o [1]
  .text              ro code  0x08005430     0x4  startup_stm32f303xc.o [1]
  .text              ro code  0x08005434     0x4  startup_stm32f303xc.o [1]
  .text              ro code  0x08005438     0x4  startup_stm32f303xc.o [1]
  .text              ro code  0x0800543c     0x4  startup_stm32f303xc.o [1]
  .text              ro code  0x08005440     0x4  startup_stm32f303xc.o [1]
  .text              ro code  0x08005444     0x4  startup_stm32f303xc.o [1]
  .text              ro code  0x08005448     0x4  startup_stm32f303xc.o [1]
  .text              ro code  0x0800544c     0x4  startup_stm32f303xc.o [1]
  .text              ro code  0x08005450     0x4  startup_stm32f303xc.o [1]
  .text              ro code  0x08005454     0x4  startup_stm32f303xc.o [1]
  .rodata            const    0x08005458     0x0  zero_init3.o [5]
  .rodata            const    0x08005458     0x0  copy_init3.o [5]
                            - 0x08005458  0x52d0

"P2", part 1 of 3:                          0x1c
  P2-1                        0x20000000    0x1c  <Init block>
    .data            inited   0x20000000     0x4  adc.o [1]
    .data            inited   0x20000004     0x4  adc.o [1]
    .data            inited   0x20000008     0x4  adc.o [1]
    .data            inited   0x2000000c     0xc  stm32f3xx_hal.o [1]
    .data            inited   0x20000018     0x4  system_stm32f3xx.o [1]
                            - 0x2000001c    0x1c

"P2", part 2 of 3:                         0x318
  .bss               zero     0x2000001c    0x88  usart.o [1]
  .bss               zero     0x200000a4    0x80  usart.o [1]
  .bss               zero     0x20000124    0x80  usart.o [1]
  .bss               zero     0x200001a4    0x6c  usart.o [1]
  .bss               zero     0x20000210    0x50  adc.o [1]
  .bss               zero     0x20000260    0x44  adc.o [1]
  .bss               zero     0x200002a4    0x40  tim.o [1]
  .bss               zero     0x200002e4    0x40  tim.o [1]
  .bss               zero     0x20000324     0x8  adc.o [1]
  .bss               zero     0x2000032c     0x2  adc.o [1]
  .bss               zero     0x2000032e     0x2  adc.o [1]
  .bss               zero     0x20000330     0x2  stm32f3xx_it.o [1]
  .bss               zero     0x20000332     0x1  adc.o [1]
                            - 0x20000333   0x317

"P2", part 3 of 3:                         0x400
  CSTACK                      0x20000338   0x400  <Block>
    CSTACK           uninit   0x20000338   0x400  <Block tail>
                            - 0x20000738   0x400


*******************************************************************************
*** INIT TABLE
***

          Address     Size
          -------     ----
Zero (__iar_zero_init3)
    1 destination range, total size 0x317:
          0x2000001c  0x317

Copy (__iar_copy_init3)
    1 source range, total size 0x1c:
          0x08005328   0x1c
    1 destination range, total size 0x1c:
          0x20000000   0x1c



*******************************************************************************
*** MODULE SUMMARY
***

    Module                   ro code  ro data  rw data
    ------                   -------  -------  -------
D:\mls_firmware\DAB_Inverter\EWARM\DAB_Inverter\Obj: [1]
    adc.o                        386       12      173
    dma.o                         80
    gpio.o                       268
    main.o                     1 384
    printf.o                   3 536
    startup_stm32f303xc.o        648
    stm32f3xx_hal.o              128       12       12
    stm32f3xx_hal_adc.o            4
    stm32f3xx_hal_adc_ex.o     3 144
    stm32f3xx_hal_cortex.o       200
    stm32f3xx_hal_dma.o          556
    stm32f3xx_hal_gpio.o         476
    stm32f3xx_hal_msp.o           48
    stm32f3xx_hal_rcc.o        1 216
    stm32f3xx_hal_rcc_ex.o       440
    stm32f3xx_hal_tim.o        2 102
    stm32f3xx_hal_tim_ex.o       378
    stm32f3xx_hal_uart.o       1 744
    stm32f3xx_hal_uart_ex.o        2
    stm32f3xx_it.o               264                 2
    system_stm32f3xx.o            44       12        4
    tim.o                        690               128
    usart.o                      604               500
    --------------------------------------------------
    Total:                    18 342       36      819

command line: [2]
    --------------------------------------------------
    Total:

dl7M_tln.a: [3]
    exit.o                         4
    low_level_init.o               4
    strncat.o                     40
    --------------------------------------------------
    Total:                        48

m7M_tls.a: [4]
    DblAdd.o                     376
    DblCmpEq.o                    32
    DblCmpGe.o                    46
    DblCmpLe.o                    46
    DblDiv.o                     582
    DblMul.o                     418
    DblSub.o                     226
    DblToS32.o                    58
    DblToU32.o                    40
    FltToDbl.o                    72
    S32ToDbl.o                    34
    U32ToDbl.o                    26
    fpinit_M.o                    34
    --------------------------------------------------
    Total:                     1 990

rt7M_tl.a: [5]
    ABImemclr4.o                   6
    ABImemset.o                   94
    ABImemset48.o                 50
    I64DivMod.o                  558
    I64DivZer.o                    2
    cexit.o                       10
    cmain.o                       30
    copy_init3.o                  44
    cstartup_M.o                  12
    data_init.o                   40
    strlen.o                      54
    strncpy.o                    112
    zero_init3.o                  64
    --------------------------------------------------
    Total:                     1 076

shb_l.a: [6]
    exit.o                        20
    --------------------------------------------------
    Total:                        20

    Gaps                          42        2
    Linker created                         36    1 024
------------------------------------------------------
    Grand Total:              21 518       74    1 843


*******************************************************************************
*** ENTRY LIST
***

Entry                      Address   Size  Type      Object
-----                      -------   ----  ----      ------
.iar.init_table$$Base   0x080052bc          --   Gb  - Linker created -
.iar.init_table$$Limit  0x080052e0          --   Gb  - Linker created -
?main                   0x080052e1         Code  Gb  cmain.o [5]
ADC1_2_IRQHandler       0x0800511b    0x6  Code  Gb  stm32f3xx_it.o [1]
ADC_DMAConvCplt         0x0800240d   0x44  Code  Lc  stm32f3xx_hal_adc_ex.o [1]
ADC_DMAError            0x08002457   0x16  Code  Lc  stm32f3xx_hal_adc_ex.o [1]
ADC_DMAHalfConvCplt     0x08002451    0x6  Code  Lc  stm32f3xx_hal_adc_ex.o [1]
ADC_Disable             0x080024b1   0x4a  Code  Lc  stm32f3xx_hal_adc_ex.o [1]
ADC_Enable              0x0800246d   0x44  Code  Lc  stm32f3xx_hal_adc_ex.o [1]
AHBPrescTable           0x08005234   0x10  Data  Gb  system_stm32f3xx.o [1]
APBPrescTable           0x08005360    0x8  Data  Gb  system_stm32f3xx.o [1]
BusFault_Handler        0x080050e1    0xc  Code  Gb  stm32f3xx_it.o [1]
CSTACK$$Base            0x20000338          --   Gb  - Linker created -
CSTACK$$Limit           0x20000738          --   Gb  - Linker created -
DMA1_Channel1_IRQHandler
                        0x08005109    0x6  Code  Gb  stm32f3xx_it.o [1]
DMA1_Channel6_IRQHandler
                        0x0800510f    0x6  Code  Gb  stm32f3xx_it.o [1]
DMA1_Channel7_IRQHandler
                        0x08005115    0x6  Code  Gb  stm32f3xx_it.o [1]
DMA_CalcBaseAndBitshift
                        0x080028ab   0x2c  Code  Lc  stm32f3xx_hal_dma.o [1]
DMA_SetConfig           0x08002889   0x22  Code  Lc  stm32f3xx_hal_dma.o [1]
DWT_Init                0x0800290d   0x3c  Code  Gb  main.o [1]
DebugMon_Handler        0x080050fb    0x8  Code  Gb  stm32f3xx_it.o [1]
Error_Handler           0x08002dbb    0x2  Code  Gb  main.o [1]
HAL_ADCEx_Calibration_Start
                        0x08001f5f   0x86  Code  Gb  stm32f3xx_hal_adc_ex.o [1]
HAL_ADCEx_MultiModeConfigChannel
                        0x08002329   0xe4  Code  Gb  stm32f3xx_hal_adc_ex.o [1]
HAL_ADC_ConfigChannel   0x0800202d  0x2ba  Code  Gb  stm32f3xx_hal_adc_ex.o [1]
HAL_ADC_ConvCpltCallback
                        0x0800269d    0x8  Code  Gb  adc.o [1]
HAL_ADC_ConvHalfCpltCallback
                        0x080026bd    0x2  Code  Gb  adc.o [1]
HAL_ADC_ErrorCallback   0x080028f3    0x2  Code  Wk  stm32f3xx_hal_adc.o [1]
HAL_ADC_IRQHandler      0x08001c5d  0x2e6  Code  Gb  stm32f3xx_hal_adc_ex.o [1]
HAL_ADC_Init            0x080018f9  0x20e  Code  Gb  stm32f3xx_hal_adc_ex.o [1]
HAL_ADC_LevelOutOfWindowCallback
                        0x080028ed    0x2  Code  Wk  stm32f3xx_hal_adc.o [1]
HAL_ADC_MspInit         0x08002601   0x9c  Code  Gb  adc.o [1]
HAL_ADC_Start_DMA       0x08001b15  0x12a  Code  Gb  stm32f3xx_hal_adc_ex.o [1]
HAL_DMA_Abort_IT        0x08002785   0x40  Code  Gb  stm32f3xx_hal_dma.o [1]
HAL_DMA_IRQHandler      0x080027d5   0xb2  Code  Gb  stm32f3xx_hal_dma.o [1]
HAL_DMA_Init            0x080026c1   0x4a  Code  Gb  stm32f3xx_hal_dma.o [1]
HAL_DMA_Start_IT        0x08002711   0x74  Code  Gb  stm32f3xx_hal_dma.o [1]
HAL_GPIO_Init           0x08002e75  0x1a0  Code  Gb  stm32f3xx_hal_gpio.o [1]
HAL_GPIO_TogglePin      0x08003023   0x10  Code  Gb  stm32f3xx_hal_gpio.o [1]
HAL_GPIO_WritePin       0x08003015    0xe  Code  Gb  stm32f3xx_hal_gpio.o [1]
HAL_GetTick             0x080028f9    0xc  Code  Wk  stm32f3xx_hal.o [1]
HAL_IncTick             0x080051c9   0x10  Code  Wk  stm32f3xx_hal.o [1]
HAL_Init                0x0800314d   0x20  Code  Gb  stm32f3xx_hal.o [1]
HAL_InitTick            0x080046c9   0x40  Code  Wk  stm32f3xx_hal.o [1]
HAL_MspInit             0x08004709   0x30  Code  Gb  stm32f3xx_hal_msp.o [1]
HAL_NVIC_EnableIRQ      0x080030c3   0x16  Code  Gb  stm32f3xx_hal_cortex.o [1]
HAL_NVIC_SetPriority    0x08003089   0x3a  Code  Gb  stm32f3xx_hal_cortex.o [1]
HAL_NVIC_SetPriorityGrouping
                        0x0800306f   0x1a  Code  Gb  stm32f3xx_hal_cortex.o [1]
HAL_RCCEx_PeriphCLKConfig
                        0x08004511  0x1aa  Code  Gb  stm32f3xx_hal_rcc_ex.o [1]
HAL_RCC_ClockConfig     0x08004355   0xde  Code  Gb  stm32f3xx_hal_rcc.o [1]
HAL_RCC_GetPCLK1Freq    0x0800449b   0x10  Code  Gb  stm32f3xx_hal_rcc.o [1]
HAL_RCC_GetPCLK2Freq    0x080044ab    0xe  Code  Gb  stm32f3xx_hal_rcc.o [1]
HAL_RCC_GetSysClockFreq
                        0x08004461   0x3a  Code  Gb  stm32f3xx_hal_rcc.o [1]
HAL_RCC_OscConfig       0x08004051  0x2f2  Code  Gb  stm32f3xx_hal_rcc.o [1]
HAL_SYSTICK_Config      0x080030d9   0x28  Code  Gb  stm32f3xx_hal_cortex.o [1]
HAL_TIMEx_Break2Callback
                        0x08005053    0x2  Code  Wk  stm32f3xx_hal_tim_ex.o [1]
HAL_TIMEx_BreakCallback
                        0x08005051    0x2  Code  Wk  stm32f3xx_hal_tim_ex.o [1]
HAL_TIMEx_CommutCallback
                        0x08005057    0x2  Code  Wk  stm32f3xx_hal_tim_ex.o [1]
HAL_TIMEx_ConfigBreakDeadTime
                        0x080047fb   0x7c  Code  Gb  stm32f3xx_hal_tim_ex.o [1]
HAL_TIMEx_MasterConfigSynchronization
                        0x08004787   0x74  Code  Gb  stm32f3xx_hal_tim_ex.o [1]
HAL_TIMEx_PWMN_Start    0x0800474f   0x16  Code  Gb  stm32f3xx_hal_tim_ex.o [1]
HAL_TIM_Base_Init       0x080037dd   0x1a  Code  Gb  stm32f3xx_hal_tim.o [1]
HAL_TIM_Base_MspInit    0x080032d3   0x4e  Code  Gb  tim.o [1]
HAL_TIM_Base_Start_IT   0x080037f7   0x28  Code  Gb  stm32f3xx_hal_tim.o [1]
HAL_TIM_ConfigClockSource
                        0x08003b91   0x90  Code  Gb  stm32f3xx_hal_tim.o [1]
HAL_TIM_IRQHandler      0x080038ed  0x15c  Code  Gb  stm32f3xx_hal_tim.o [1]
HAL_TIM_MspPostInit     0x08003321   0x48  Code  Gb  tim.o [1]
HAL_TIM_PWM_ConfigChannel
                        0x08003a4f  0x11a  Code  Gb  stm32f3xx_hal_tim.o [1]
HAL_TIM_PWM_Init        0x08003841   0x1a  Code  Gb  stm32f3xx_hal_tim.o [1]
HAL_TIM_PWM_Start       0x0800385b   0x38  Code  Gb  stm32f3xx_hal_tim.o [1]
HAL_UARTEx_WakeupCallback
                        0x0800505d    0x2  Code  Wk  stm32f3xx_hal_uart_ex.o [1]
HAL_UART_GetState       0x08004b25    0xa  Code  Gb  stm32f3xx_hal_uart.o [1]
HAL_UART_IRQHandler     0x080049bb  0x15e  Code  Gb  stm32f3xx_hal_uart.o [1]
HAL_UART_Init           0x080048ad   0x30  Code  Gb  stm32f3xx_hal_uart.o [1]
HAL_UART_MspInit        0x080036ab   0xf0  Code  Gb  usart.o [1]
HAL_UART_Transmit_DMA   0x0800492d   0x8e  Code  Gb  stm32f3xx_hal_uart.o [1]
HAL_UART_TxCpltCallback
                        0x080035ef   0x6c  Code  Gb  usart.o [1]
HardFault_Handler       0x080050c9    0xc  Code  Gb  stm32f3xx_it.o [1]
MX_ADC1_Init            0x0800253d   0xc4  Code  Gb  adc.o [1]
MX_DMA_Init             0x08003531   0x50  Code  Gb  dma.o [1]
MX_GPIO_Init            0x08003425   0xec  Code  Gb  gpio.o [1]
MX_TIM1_Init            0x08003171   0xf0  Code  Gb  tim.o [1]
MX_TIM3_Init            0x08003269   0x5e  Code  Gb  tim.o [1]
MX_USART1_UART_Init     0x0800365b   0x16  Code  Gb  usart.o [1]
MX_USART2_UART_Init     0x08003671   0x16  Code  Gb  usart.o [1]
MemManage_Handler       0x080050d5    0xc  Code  Gb  stm32f3xx_it.o [1]
NMI_Handler             0x080050c1    0x8  Code  Gb  stm32f3xx_it.o [1]
PendSV_Handler          0x08005103    0x2  Code  Gb  stm32f3xx_it.o [1]
Region$$Table$$Base     0x080052bc          --   Gb  - Linker created -
Region$$Table$$Limit    0x080052e0          --   Gb  - Linker created -
SVC_Handler             0x080050f9    0x2  Code  Gb  stm32f3xx_it.o [1]
SysTick_Handler         0x08005105    0x4  Code  Gb  stm32f3xx_it.o [1]
SystemClock_Config      0x08002d41   0x7a  Code  Gb  main.o [1]
SystemCoreClock         0x20000018    0x4  Data  Gb  system_stm32f3xx.o [1]
SystemInit              0x08005219   0x14  Code  Gb  system_stm32f3xx.o [1]
TIM3_IRQHandler         0x08005121   0x1a  Code  Gb  stm32f3xx_it.o [1]
TIM_Base_SetConfig      0x08003c49   0xa0  Code  Gb  stm32f3xx_hal_tim.o [1]
TIM_CCxChannelCmd       0x08003feb   0x16  Code  Gb  stm32f3xx_hal_tim.o [1]
TIM_CCxNChannelCmd      0x08004891   0x1c  Code  Lc  stm32f3xx_hal_tim_ex.o [1]
TIM_ETR_SetConfig       0x08003fd7   0x14  Code  Gb  stm32f3xx_hal_tim.o [1]
TIM_ITRx_SetConfig      0x08003fc7   0x10  Code  Lc  stm32f3xx_hal_tim.o [1]
TIM_OC1_SetConfig       0x08003ce9   0x84  Code  Lc  stm32f3xx_hal_tim.o [1]
TIM_OC2_SetConfig       0x08003d6d   0x72  Code  Gb  stm32f3xx_hal_tim.o [1]
TIM_OC3_SetConfig       0x08003ddf   0x70  Code  Lc  stm32f3xx_hal_tim.o [1]
TIM_OC4_SetConfig       0x08003e4f   0x4e  Code  Lc  stm32f3xx_hal_tim.o [1]
TIM_OC5_SetConfig       0x08003ea3   0x54  Code  Lc  stm32f3xx_hal_tim.o [1]
TIM_OC6_SetConfig       0x08003ef7   0x4e  Code  Lc  stm32f3xx_hal_tim.o [1]
TIM_TI1_ConfigInputStage
                        0x08003f85   0x1e  Code  Lc  stm32f3xx_hal_tim.o [1]
TIM_TI2_ConfigInputStage
                        0x08003fa3   0x24  Code  Lc  stm32f3xx_hal_tim.o [1]
UART_AdvFeatureConfig   0x08004d1d   0xc6  Code  Gb  stm32f3xx_hal_uart.o [1]
UART_CheckIdleState     0x08004de3   0x5a  Code  Gb  stm32f3xx_hal_uart.o [1]
UART_DMAAbortOnError    0x08004f69   0x10  Code  Lc  stm32f3xx_hal_uart.o [1]
UART_DMAError           0x08004f15   0x54  Code  Lc  stm32f3xx_hal_uart.o [1]
UART_DMATransmitCplt    0x08004edd   0x22  Code  Lc  stm32f3xx_hal_uart.o [1]
UART_DMATxHalfCplt      0x08004f0d    0x6  Code  Lc  stm32f3xx_hal_uart.o [1]
UART_EndRxTransfer      0x08004ebd   0x1e  Code  Lc  stm32f3xx_hal_uart.o [1]
UART_SetConfig          0x08004b31  0x1c6  Code  Gb  stm32f3xx_hal_uart.o [1]
UART_WaitOnFlagUntilTimeout
                        0x08004e3d   0x60  Code  Gb  stm32f3xx_hal_uart.o [1]
USART2_IRQHandler       0x0800513b    0x6  Code  Gb  stm32f3xx_it.o [1]
UsageFault_Handler      0x080050ed    0xc  Code  Gb  stm32f3xx_it.o [1]
__NVIC_SetPriority      0x08003051   0x1e  Code  Lc  stm32f3xx_hal_cortex.o [1]
__aeabi_cdcmpeq         0x08001189         Code  Gb  DblCmpEq.o [4]
__aeabi_cdcmple         0x080011d9         Code  Gb  DblCmpLe.o [4]
__aeabi_cdrcmple        0x080011a9         Code  Gb  DblCmpGe.o [4]
__aeabi_d2iz            0x08001209         Code  Gb  DblToS32.o [4]
__aeabi_d2uiz           0x0800140d         Code  Gb  DblToU32.o [4]
__aeabi_dadd            0x08001535         Code  Gb  DblAdd.o [4]
__aeabi_ddiv            0x080016ad         Code  Gb  DblDiv.o [4]
__aeabi_dmul            0x08001269         Code  Gb  DblMul.o [4]
__aeabi_dsub            0x08001451         Code  Gb  DblSub.o [4]
__aeabi_f2d             0x08004009         Code  Gb  FltToDbl.o [4]
__aeabi_i2d             0x08001245         Code  Gb  S32ToDbl.o [4]
__aeabi_ldiv0           0x080018f5         Code  Gb  I64DivZer.o [5]
__aeabi_memclr4         0x08002905         Code  Gb  ABImemclr4.o [5]
__aeabi_ui2d            0x08001435         Code  Gb  U32ToDbl.o [4]
__aeabi_uldivmod        0x08000f59         Code  Gb  I64DivMod.o [5]
__cmain                 0x080052e1         Code  Gb  cmain.o [5]
__exit                  0x08005315   0x14  Code  Gb  exit.o [6]
__iar_Memset4_word      0x08003119         Code  Gb  ABImemset48.o [5]
__iar_Memset8_word      0x08003119         Code  Gb  ABImemset48.o [5]
__iar_Memset_word       0x08005061         Code  Gb  ABImemset.o [5]
__iar_copy_init3        0x08005245   0x2c  Code  Gb  copy_init3.o [5]
__iar_dadd              0x08001461         Code  Gb  DblSub.o [4]
__iar_data_init3        0x08005271   0x28  Code  Gb  data_init.o [5]
__iar_dsub              0x08001545         Code  Gb  DblAdd.o [4]
__iar_dsubStart         0x08001557         Code  Gb  DblAdd.o [4]
__iar_init_vfp          0x08005299         Code  Gb  fpinit_M.o [4]
__iar_program_start     0x08005355         Code  Gb  cstartup_M.o [5]
__iar_systems$$module {Abs}
                        0x00000001         Data  Gb  command line/config [2]
__iar_zero_init3        0x080051d9   0x40  Code  Gb  zero_init3.o [5]
__low_level_init        0x080052ff    0x4  Code  Gb  low_level_init.o [3]
__vector_table          0x08000000         Data  Gb  startup_stm32f303xc.o [1]
_atoi                   0x08000193   0x22  Code  Lc  printf.o [1]
_call_main              0x080052ed         Code  Gb  cmain.o [5]
_etoa                   0x080006b5  0x2ea  Code  Lc  printf.o [1]
_exit                   0x08005309         Code  Gb  cexit.o [5]
_ftoa                   0x08000435  0x262  Code  Lc  printf.o [1]
_ftoa::pow10            0x08000f08   0x50  Data  Lc  printf.o [1]
_main                   0x080052fb         Code  Gb  cmain.o [5]
_ntoa_format            0x08000219  0x100  Code  Lc  printf.o [1]
_ntoa_long              0x08000319   0x7a  Code  Lc  printf.o [1]
_ntoa_long_long         0x08000393   0xa2  Code  Lc  printf.o [1]
_out_buffer             0x08000189    0x8  Code  Lc  printf.o [1]
_out_null               0x08000191    0x2  Code  Lc  printf.o [1]
_out_rev                0x080001b5   0x5a  Code  Lc  printf.o [1]
_vsnprintf              0x080009c9  0x462  Code  Lc  printf.o [1]
aPLLMULFactorTable      0x080044f0   0x10  Data  Gb  stm32f3xx_hal_rcc.o [1]
aPredivFactorTable      0x08004500   0x10  Data  Gb  stm32f3xx_hal_rcc.o [1]
adc1_buffer             0x20000324    0x8  Data  Gb  adc.o [1]
adc_val1                0x20000000    0x4  Data  Gb  adc.o [1]
adc_val2                0x20000004    0x4  Data  Gb  adc.o [1]
adc_val3                0x20000008    0x4  Data  Gb  adc.o [1]
change_duty_cycle       0x08003377   0x22  Code  Gb  tim.o [1]
change_phase_shift      0x08003369    0xe  Code  Gb  tim.o [1]
currCmd                 0x2000032e    0x2  Data  Gb  adc.o [1]
debug_tx_buf_start      0x200001a8    0x4  Data  Gb  usart.o [1]
debug_tx_buffer         0x200001ac   0x64  Data  Gb  usart.o [1]
debug_tx_to_send        0x200001a4    0x2  Data  Gb  usart.o [1]
exit                    0x08005303    0x4  Code  Gb  exit.o [3]
hadc1                   0x20000210   0x50  Data  Gb  adc.o [1]
hdma_adc1               0x20000260   0x44  Data  Gb  adc.o [1]
hdma_usart2_rx          0x2000001c   0x44  Data  Gb  usart.o [1]
hdma_usart2_tx          0x20000060   0x44  Data  Gb  usart.o [1]
htim1                   0x200002a4   0x40  Data  Gb  tim.o [1]
htim3                   0x200002e4   0x40  Data  Gb  tim.o [1]
huart1                  0x200000a4   0x80  Data  Gb  usart.o [1]
huart2                  0x20000124   0x80  Data  Gb  usart.o [1]
main                    0x08002995  0x32c  Code  Gb  main.o [1]
print_debug             0x08003581   0x6e  Code  Gb  usart.o [1]
reset_cause_get         0x08002949   0x4c  Code  Gb  main.o [1]
sineTableCnt            0x20000330    0x2  Data  Gb  stm32f3xx_it.o [1]
snprintf_               0x08000e71   0x14  Code  Gb  printf.o [1]
start_pwm               0x08003399   0x62  Code  Gb  tim.o [1]
strlen                  0x08004f79         Code  Gb  strlen.o [5]
strncat                 0x08004faf   0x28  Code  Gb  strncat.o [3]
strncpy                 0x08004fd9         Code  Gb  strncpy.o [5]
uwTick                  0x20000010    0x4  Data  Gb  stm32f3xx_hal.o [1]
uwTickFreq              0x2000000c    0x1  Data  Gb  stm32f3xx_hal.o [1]
uwTickPrio              0x20000014    0x4  Data  Gb  stm32f3xx_hal.o [1]
voltCmd                 0x2000032c    0x2  Data  Gb  adc.o [1]
voltUpdate              0x20000332    0x1  Data  Gb  adc.o [1]


[1] = D:\mls_firmware\DAB_Inverter\EWARM\DAB_Inverter\Obj
[2] = command line
[3] = dl7M_tln.a
[4] = m7M_tls.a
[5] = rt7M_tl.a
[6] = shb_l.a

  21 518 bytes of readonly  code memory
      74 bytes of readonly  data memory
   1 843 bytes of readwrite data memory

Errors: none
Warnings: none
