###############################################################################
#
# IAR ELF Linker V8.20.2.14835/W32 for ARM                02/Aug/2020  23:34:20
# Copyright 2007-2017 IAR Systems AB.
#
#    Output file  =  
#        D:\mls_firmware\DAB_Inverter\EWARM\DAB_Inverter\Exe\DAB_Inverter.out
#    Map file     =  
#        D:\mls_firmware\DAB_Inverter\EWARM\DAB_Inverter\List\DAB_Inverter.map
#    Command line =  
#        -f C:\Users\FRANCI~1\AppData\Local\Temp\EW98C6.tmp
#        (D:\mls_firmware\DAB_Inverter\EWARM\DAB_Inverter\Obj\adc.o
#        D:\mls_firmware\DAB_Inverter\EWARM\DAB_Inverter\Obj\dma.o
#        D:\mls_firmware\DAB_Inverter\EWARM\DAB_Inverter\Obj\gpio.o
#        D:\mls_firmware\DAB_Inverter\EWARM\DAB_Inverter\Obj\main.o
#        D:\mls_firmware\DAB_Inverter\EWARM\DAB_Inverter\Obj\printf.o
#        D:\mls_firmware\DAB_Inverter\EWARM\DAB_Inverter\Obj\startup_stm32f303xc.o
#        D:\mls_firmware\DAB_Inverter\EWARM\DAB_Inverter\Obj\stm32f3xx_hal.o
#        D:\mls_firmware\DAB_Inverter\EWARM\DAB_Inverter\Obj\stm32f3xx_hal_adc.o
#        D:\mls_firmware\DAB_Inverter\EWARM\DAB_Inverter\Obj\stm32f3xx_hal_adc_ex.o
#        D:\mls_firmware\DAB_Inverter\EWARM\DAB_Inverter\Obj\stm32f3xx_hal_cortex.o
#        D:\mls_firmware\DAB_Inverter\EWARM\DAB_Inverter\Obj\stm32f3xx_hal_dma.o
#        D:\mls_firmware\DAB_Inverter\EWARM\DAB_Inverter\Obj\stm32f3xx_hal_exti.o
#        D:\mls_firmware\DAB_Inverter\EWARM\DAB_Inverter\Obj\stm32f3xx_hal_flash.o
#        D:\mls_firmware\DAB_Inverter\EWARM\DAB_Inverter\Obj\stm32f3xx_hal_flash_ex.o
#        D:\mls_firmware\DAB_Inverter\EWARM\DAB_Inverter\Obj\stm32f3xx_hal_gpio.o
#        D:\mls_firmware\DAB_Inverter\EWARM\DAB_Inverter\Obj\stm32f3xx_hal_i2c.o
#        D:\mls_firmware\DAB_Inverter\EWARM\DAB_Inverter\Obj\stm32f3xx_hal_i2c_ex.o
#        D:\mls_firmware\DAB_Inverter\EWARM\DAB_Inverter\Obj\stm32f3xx_hal_msp.o
#        D:\mls_firmware\DAB_Inverter\EWARM\DAB_Inverter\Obj\stm32f3xx_hal_pwr.o
#        D:\mls_firmware\DAB_Inverter\EWARM\DAB_Inverter\Obj\stm32f3xx_hal_pwr_ex.o
#        D:\mls_firmware\DAB_Inverter\EWARM\DAB_Inverter\Obj\stm32f3xx_hal_rcc.o
#        D:\mls_firmware\DAB_Inverter\EWARM\DAB_Inverter\Obj\stm32f3xx_hal_rcc_ex.o
#        D:\mls_firmware\DAB_Inverter\EWARM\DAB_Inverter\Obj\stm32f3xx_hal_tim.o
#        D:\mls_firmware\DAB_Inverter\EWARM\DAB_Inverter\Obj\stm32f3xx_hal_tim_ex.o
#        D:\mls_firmware\DAB_Inverter\EWARM\DAB_Inverter\Obj\stm32f3xx_hal_uart.o
#        D:\mls_firmware\DAB_Inverter\EWARM\DAB_Inverter\Obj\stm32f3xx_hal_uart_ex.o
#        D:\mls_firmware\DAB_Inverter\EWARM\DAB_Inverter\Obj\stm32f3xx_it.o
#        D:\mls_firmware\DAB_Inverter\EWARM\DAB_Inverter\Obj\system_stm32f3xx.o
#        D:\mls_firmware\DAB_Inverter\EWARM\DAB_Inverter\Obj\tim.o
#        D:\mls_firmware\DAB_Inverter\EWARM\DAB_Inverter\Obj\usart.o --redirect
#        _Printf=_PrintfFull --redirect _Scanf=_ScanfFull -o
#        D:\mls_firmware\DAB_Inverter\EWARM\DAB_Inverter\Exe\DAB_Inverter.out
#        --map
#        D:\mls_firmware\DAB_Inverter\EWARM\DAB_Inverter\List\DAB_Inverter.map
#        --config D:\mls_firmware\DAB_Inverter\EWARM/stm32f303xc_flash.icf
#        --semihosting --entry __iar_program_start --vfe --text_out locale)
#
###############################################################################

*******************************************************************************
*** RUNTIME MODEL ATTRIBUTES
***

CppFlavor       = *
__SystemLibrary = DLib
__dlib_version  = 6


*******************************************************************************
*** HEAP SELECTION
***

The basic heap was selected because some modules are built with
size limitations (and not runtime checking), and --advanced_heap
was not specified.


*******************************************************************************
*** PLACEMENT SUMMARY
***

"A0":  place at 0x08000000 { ro section .intvec };
"P1":  place in [from 0x08000000 to 0x0803ffff] { ro };
define block CSTACK with size = 1K, alignment = 8 { };
define block HEAP with size = 512, alignment = 8 { };
"P2":  place in [from 0x20000000 to 0x20009fff] {
          rw, block CSTACK, block HEAP };
initialize by copy { rw };

  Section            Kind        Address    Size  Object
  -------            ----        -------    ----  ------
"A0":                                      0x188
  .intvec            ro code  0x08000000   0x188  startup_stm32f303xc.o [1]
                            - 0x08000188   0x188

"P1":                                     0x63d6
  .text              ro code  0x08000188   0xf6a  xprintffull.o [3]
  .text              ro code  0x080010f2    0x1a  xsnprout.o [3]
  .text              ro code  0x0800110c    0x16  strchr.o [5]
  .text              ro code  0x08001124    0x44  xfail_s.o [3]
  .text              ro code  0x08001168    0x36  strlen.o [5]
  .text              ro code  0x080011a0    0x58  memchr.o [5]
  .text              ro code  0x080011f8     0x4  xmbcurmax.o [3]
  .text              ro code  0x080011fc     0x8  xlocale_c.o [3]
  .text              ro code  0x08001204    0xa6  ABImemcpy.o [5]
  .text              ro code  0x080012ac   0x22e  I64DivMod.o [5]
  .text              ro code  0x080014dc   0x1a2  DblMul.o [4]
  .text              ro code  0x08001680    0x70  frexp.o [4]
  .text              ro code  0x080016f0    0x2e  DblCmpLe.o [4]
  .text              ro code  0x08001720    0x2e  DblCmpGe.o [4]
  .text              ro code  0x08001750   0x13a  ldexp.o [4]
  .text              ro code  0x0800188c    0x3a  DblToS32.o [4]
  .text              ro code  0x080018c8    0x22  S32ToDbl.o [4]
  .text              ro code  0x080018ec    0xe2  DblSub.o [4]
  .text              ro code  0x080019d0   0x246  DblDiv.o [4]
  .text              ro code  0x08001c18    0x28  DblToU32.o [4]
  .text              ro code  0x08001c40    0x1a  U32ToDbl.o [4]
  .text              ro code  0x08001c5a     0x6  abort.o [3]
  .text              ro code  0x08001c60    0x12  xencoding_8859_1.o [3]
  .text              ro code  0x08001c74     0x2  I64DivZer.o [5]
  .text              ro code  0x08001c78   0x178  DblAdd.o [4]
  .text              ro code  0x08001df0    0x14  exit.o [6]
  .text              ro code  0x08001e04    0x2c  system_stm32f3xx.o [1]
  .text              ro code  0x08001e30   0xdd0  printf.o [1]
  .text              ro code  0x08002c00    0x20  DblCmpEq.o [4]
  .text              ro code  0x08002c20   0xc42  stm32f3xx_hal_adc_ex.o [1]
  .text              ro code  0x08003864   0x29c  adc.o [1]
  .text              ro code  0x08003b00   0x22c  stm32f3xx_hal_dma.o [1]
  .text              ro code  0x08003d2c     0x2  stm32f3xx_hal_adc.o [1]
  .text              ro code  0x08003d2e     0x2  stm32f3xx_hal_adc_ex.o [1]
  .text              ro code  0x08003d30     0x2  stm32f3xx_hal_adc_ex.o [1]
  .text              ro code  0x08003d32     0x2  stm32f3xx_hal_adc.o [1]
  .text              ro code  0x08003d34     0x2  stm32f3xx_hal_adc_ex.o [1]
  .text              ro code  0x08003d38     0xc  stm32f3xx_hal.o [1]
  .text              ro code  0x08003d44     0x6  ABImemclr4.o [5]
  .text              ro code  0x08003d4c   0x1bc  main.o [1]
  .text              ro code  0x08003f08   0x1dc  stm32f3xx_hal_gpio.o [1]
  .text              ro code  0x080040e4    0xc8  stm32f3xx_hal_cortex.o [1]
  .text              ro code  0x080041ac   0x264  tim.o [1]
  .text              ro code  0x08004410    0x48  FltToDbl.o [4]
  .text              ro code  0x08004458    0x44  snprintf.o [3]
  .text              ro code  0x0800449c   0x25c  usart.o [1]
  .text              ro code  0x080046f8    0x32  ABImemset48.o [5]
  .text              ro code  0x0800472c    0x24  stm32f3xx_hal.o [1]
  .text              ro code  0x08004750   0x10c  gpio.o [1]
  .text              ro code  0x0800485c    0x50  dma.o [1]
  .text              ro code  0x080048ac   0x82a  stm32f3xx_hal_tim.o [1]
  .text              ro code  0x080050d8   0x4c0  stm32f3xx_hal_rcc.o [1]
  .text              ro code  0x08005598   0x1b8  stm32f3xx_hal_rcc_ex.o [1]
  .text              ro code  0x08005750   0x174  stm32f3xx_hal_tim_ex.o [1]
  .text              ro code  0x080058c4   0x6cc  stm32f3xx_hal_uart.o [1]
  .text              ro code  0x08005f90    0x28  strncat.o [3]
  .text              ro code  0x08005fb8    0x70  strncpy.o [5]
  .text              ro code  0x08006028    0x40  stm32f3xx_hal.o [1]
  .text              ro code  0x08006068    0x30  stm32f3xx_hal_msp.o [1]
  .text              ro code  0x08006098     0x2  stm32f3xx_hal_tim.o [1]
  .text              ro code  0x0800609a     0x2  stm32f3xx_hal_tim.o [1]
  .text              ro code  0x0800609c     0x2  stm32f3xx_hal_tim.o [1]
  .text              ro code  0x0800609e     0x2  stm32f3xx_hal_tim.o [1]
  .text              ro code  0x080060a0     0x2  stm32f3xx_hal_tim_ex.o [1]
  .text              ro code  0x080060a2     0x2  stm32f3xx_hal_tim_ex.o [1]
  .text              ro code  0x080060a4     0x2  stm32f3xx_hal_tim.o [1]
  .text              ro code  0x080060a6     0x2  stm32f3xx_hal_tim_ex.o [1]
  .text              ro code  0x080060a8     0x2  stm32f3xx_hal_tim.o [1]
  .text              ro code  0x080060aa     0x2  stm32f3xx_hal_uart.o [1]
  .text              ro code  0x080060ac     0x2  stm32f3xx_hal_uart_ex.o [1]
  .text              ro code  0x080060ae     0x2  stm32f3xx_hal_uart.o [1]
  .text              ro code  0x080060b0    0x5e  ABImemset.o [5]
  .text              ro code  0x08006110   0x130  stm32f3xx_it.o [1]
  .text              ro code  0x08006240    0x10  stm32f3xx_hal.o [1]
  .text              ro code  0x08006250    0x40  zero_init3.o [5]
  .text              ro code  0x08006290    0x38  packbits_init_single.o [5]
  .text              ro code  0x080062c8    0x28  data_init.o [5]
  .text              ro code  0x080062f0    0x22  fpinit_M.o [4]
  .iar.init_table    const    0x08006314    0x20  - Linker created -
  .text              ro code  0x08006334    0x1e  cmain.o [5]
  .text              ro code  0x08006352     0x4  low_level_init.o [3]
  .text              ro code  0x08006356     0x4  exit.o [3]
  .text              ro code  0x0800635c     0xa  cexit.o [5]
  .text              ro code  0x08006368    0x10  startup_stm32f303xc.o [1]
  .text              ro code  0x08006378     0xc  cstartup_M.o [5]
  .rodata            const    0x08006384     0x8  system_stm32f3xx.o [1]
  .text              ro code  0x0800638c     0x4  startup_stm32f303xc.o [1]
  .text              ro code  0x08006390     0x4  startup_stm32f303xc.o [1]
  .text              ro code  0x08006394     0x4  startup_stm32f303xc.o [1]
  .text              ro code  0x08006398     0x4  startup_stm32f303xc.o [1]
  .text              ro code  0x0800639c     0x4  startup_stm32f303xc.o [1]
  .text              ro code  0x080063a0     0x4  startup_stm32f303xc.o [1]
  .text              ro code  0x080063a4     0x4  startup_stm32f303xc.o [1]
  .text              ro code  0x080063a8     0x4  startup_stm32f303xc.o [1]
  .text              ro code  0x080063ac     0x4  startup_stm32f303xc.o [1]
  .text              ro code  0x080063b0     0x4  startup_stm32f303xc.o [1]
  .text              ro code  0x080063b4     0x4  startup_stm32f303xc.o [1]
  .text              ro code  0x080063b8     0x4  startup_stm32f303xc.o [1]
  .text              ro code  0x080063bc     0x4  startup_stm32f303xc.o [1]
  .text              ro code  0x080063c0     0x4  startup_stm32f303xc.o [1]
  .text              ro code  0x080063c4     0x4  startup_stm32f303xc.o [1]
  .text              ro code  0x080063c8     0x4  startup_stm32f303xc.o [1]
  .text              ro code  0x080063cc     0x4  startup_stm32f303xc.o [1]
  .text              ro code  0x080063d0     0x4  startup_stm32f303xc.o [1]
  .text              ro code  0x080063d4     0x4  startup_stm32f303xc.o [1]
  .text              ro code  0x080063d8     0x4  startup_stm32f303xc.o [1]
  .text              ro code  0x080063dc     0x4  startup_stm32f303xc.o [1]
  .text              ro code  0x080063e0     0x4  startup_stm32f303xc.o [1]
  .text              ro code  0x080063e4     0x4  startup_stm32f303xc.o [1]
  .text              ro code  0x080063e8     0x4  startup_stm32f303xc.o [1]
  .text              ro code  0x080063ec     0x4  startup_stm32f303xc.o [1]
  .text              ro code  0x080063f0     0x4  startup_stm32f303xc.o [1]
  .text              ro code  0x080063f4     0x4  startup_stm32f303xc.o [1]
  .text              ro code  0x080063f8     0x4  startup_stm32f303xc.o [1]
  .text              ro code  0x080063fc     0x4  startup_stm32f303xc.o [1]
  .text              ro code  0x08006400     0x4  startup_stm32f303xc.o [1]
  .text              ro code  0x08006404     0x4  startup_stm32f303xc.o [1]
  .text              ro code  0x08006408     0x4  startup_stm32f303xc.o [1]
  .text              ro code  0x0800640c     0x4  startup_stm32f303xc.o [1]
  .text              ro code  0x08006410     0x4  startup_stm32f303xc.o [1]
  .text              ro code  0x08006414     0x4  startup_stm32f303xc.o [1]
  .text              ro code  0x08006418     0x4  startup_stm32f303xc.o [1]
  .text              ro code  0x0800641c     0x4  startup_stm32f303xc.o [1]
  .text              ro code  0x08006420     0x4  startup_stm32f303xc.o [1]
  .text              ro code  0x08006424     0x4  startup_stm32f303xc.o [1]
  .text              ro code  0x08006428     0x4  startup_stm32f303xc.o [1]
  .text              ro code  0x0800642c     0x4  startup_stm32f303xc.o [1]
  .text              ro code  0x08006430     0x4  startup_stm32f303xc.o [1]
  .text              ro code  0x08006434     0x4  startup_stm32f303xc.o [1]
  .text              ro code  0x08006438     0x4  startup_stm32f303xc.o [1]
  .text              ro code  0x0800643c     0x4  startup_stm32f303xc.o [1]
  .text              ro code  0x08006440     0x4  startup_stm32f303xc.o [1]
  .text              ro code  0x08006444     0x4  startup_stm32f303xc.o [1]
  .text              ro code  0x08006448     0x4  startup_stm32f303xc.o [1]
  .text              ro code  0x0800644c     0x4  startup_stm32f303xc.o [1]
  .text              ro code  0x08006450     0x4  startup_stm32f303xc.o [1]
  .text              ro code  0x08006454     0x4  startup_stm32f303xc.o [1]
  .text              ro code  0x08006458     0x4  startup_stm32f303xc.o [1]
  .text              ro code  0x0800645c     0x4  startup_stm32f303xc.o [1]
  .text              ro code  0x08006460     0x4  startup_stm32f303xc.o [1]
  .text              ro code  0x08006464     0x4  startup_stm32f303xc.o [1]
  .text              ro code  0x08006468     0x4  startup_stm32f303xc.o [1]
  .text              ro code  0x0800646c     0x4  startup_stm32f303xc.o [1]
  .text              ro code  0x08006470     0x4  startup_stm32f303xc.o [1]
  .text              ro code  0x08006474     0x4  startup_stm32f303xc.o [1]
  .text              ro code  0x08006478     0x4  startup_stm32f303xc.o [1]
  .rodata            const    0x0800647c     0x0  zero_init3.o [5]
  .rodata            const    0x0800647c     0x0  packbits_init_single.o [5]
  Initializer bytes  const    0x0800647c    0xe2  <for P2-1>
                            - 0x0800655e  0x63d6

"P2", part 1 of 3:                          0xf0
  P2-1                        0x20000000    0xf0  <Init block>
    .data            inited   0x20000000    0x14  adc.o [1]
    .data            inited   0x20000014     0xc  stm32f3xx_hal.o [1]
    .data            inited   0x20000020    0xcc  stm32f3xx_it.o [1]
    .data            inited   0x200000ec     0x4  system_stm32f3xx.o [1]
                            - 0x200000f0    0xf0

"P2", part 2 of 3:                         0x314
  .bss               zero     0x200000f0    0x88  usart.o [1]
  .bss               zero     0x20000178    0x80  usart.o [1]
  .bss               zero     0x200001f8    0x80  usart.o [1]
  .bss               zero     0x20000278    0x6c  usart.o [1]
  .bss               zero     0x200002e4    0x50  adc.o [1]
  .bss               zero     0x20000334    0x44  adc.o [1]
  .bss               zero     0x20000378    0x40  tim.o [1]
  .bss               zero     0x200003b8    0x40  tim.o [1]
  .bss               zero     0x200003f8     0x8  adc.o [1]
  .bss               zero     0x20000400     0x4  xfail_s.o [3]
                            - 0x20000404   0x314

"P2", part 3 of 3:                         0x400
  CSTACK                      0x20000408   0x400  <Block>
    CSTACK           uninit   0x20000408   0x400  <Block tail>
                            - 0x20000808   0x400


*******************************************************************************
*** INIT TABLE
***

          Address     Size
          -------     ----
Zero (__iar_zero_init3)
    1 destination range, total size 0x314:
          0x200000f0  0x314

Copy/packbits (__iar_packbits_init_single3)
    1 source range, total size 0xe2 (94% of destination):
          0x0800647c   0xe2
    1 destination range, total size 0xf0:
          0x20000000   0xf0



*******************************************************************************
*** MODULE SUMMARY
***

    Module                   ro code  ro data  rw data
    ------                   -------  -------  -------
D:\mls_firmware\DAB_Inverter\EWARM\DAB_Inverter\Obj: [1]
    adc.o                        668       18      176
    dma.o                         80
    gpio.o                       268
    main.o                       444
    printf.o                   3 536
    startup_stm32f303xc.o        648
    stm32f3xx_hal.o              128       12       12
    stm32f3xx_hal_adc.o            4
    stm32f3xx_hal_adc_ex.o     3 144
    stm32f3xx_hal_cortex.o       200
    stm32f3xx_hal_dma.o          556
    stm32f3xx_hal_gpio.o         476
    stm32f3xx_hal_msp.o           48
    stm32f3xx_hal_rcc.o        1 216
    stm32f3xx_hal_rcc_ex.o       440
    stm32f3xx_hal_tim.o        2 102
    stm32f3xx_hal_tim_ex.o       378
    stm32f3xx_hal_uart.o       1 744
    stm32f3xx_hal_uart_ex.o        2
    stm32f3xx_it.o               304      192      204
    system_stm32f3xx.o            44       12        4
    tim.o                        612               128
    usart.o                      604               500
    --------------------------------------------------
    Total:                    17 646      234    1 024

command line: [2]
    --------------------------------------------------
    Total:

dl7M_tln.a: [3]
    abort.o                        6
    exit.o                         4
    low_level_init.o               4
    snprintf.o                    68
    strncat.o                     40
    xencoding_8859_1.o            18
    xfail_s.o                     68                 4
    xlocale_c.o                    8
    xmbcurmax.o                    4
    xprintffull.o              3 946
    xsnprout.o                    26
    --------------------------------------------------
    Total:                     4 192                 4

m7M_tls.a: [4]
    DblAdd.o                     376
    DblCmpEq.o                    32
    DblCmpGe.o                    46
    DblCmpLe.o                    46
    DblDiv.o                     582
    DblMul.o                     418
    DblSub.o                     226
    DblToS32.o                    58
    DblToU32.o                    40
    FltToDbl.o                    72
    S32ToDbl.o                    34
    U32ToDbl.o                    26
    fpinit_M.o                    34
    frexp.o                      112
    ldexp.o                      314
    --------------------------------------------------
    Total:                     2 416

rt7M_tl.a: [5]
    ABImemclr4.o                   6
    ABImemcpy.o                  166
    ABImemset.o                   94
    ABImemset48.o                 50
    I64DivMod.o                  558
    I64DivZer.o                    2
    cexit.o                       10
    cmain.o                       30
    cstartup_M.o                  12
    data_init.o                   40
    memchr.o                      88
    packbits_init_single.o        56
    strchr.o                      22
    strlen.o                      54
    strncpy.o                    112
    zero_init3.o                  64
    --------------------------------------------------
    Total:                     1 364

shb_l.a: [6]
    exit.o                        20
    --------------------------------------------------
    Total:                        20

    Gaps                          44        2
    Linker created                         32    1 024
------------------------------------------------------
    Grand Total:              25 682      268    2 052


*******************************************************************************
*** ENTRY LIST
***

Entry                      Address   Size  Type      Object
-----                      -------   ----  ----      ------
.iar.init_table$$Base   0x08006314          --   Gb  - Linker created -
.iar.init_table$$Limit  0x08006334          --   Gb  - Linker created -
?main                   0x08006335         Code  Gb  cmain.o [5]
ADC1_2_IRQHandler       0x0800616b    0x6  Code  Gb  stm32f3xx_it.o [1]
ADC_DMAConvCplt         0x08003735   0x44  Code  Lc  stm32f3xx_hal_adc_ex.o [1]
ADC_DMAError            0x0800377f   0x16  Code  Lc  stm32f3xx_hal_adc_ex.o [1]
ADC_DMAHalfConvCplt     0x08003779    0x6  Code  Lc  stm32f3xx_hal_adc_ex.o [1]
ADC_Disable             0x080037d9   0x4a  Code  Lc  stm32f3xx_hal_adc_ex.o [1]
ADC_Enable              0x08003795   0x44  Code  Lc  stm32f3xx_hal_adc_ex.o [1]
AHBPrescTable           0x08001e20   0x10  Data  Gb  system_stm32f3xx.o [1]
APBPrescTable           0x08006384    0x8  Data  Gb  system_stm32f3xx.o [1]
BusFault_Handler        0x08006131    0xc  Code  Gb  stm32f3xx_it.o [1]
CSTACK$$Base            0x20000408          --   Gb  - Linker created -
CSTACK$$Limit           0x20000808          --   Gb  - Linker created -
DMA1_Channel1_IRQHandler
                        0x08006159    0x6  Code  Gb  stm32f3xx_it.o [1]
DMA1_Channel6_IRQHandler
                        0x0800615f    0x6  Code  Gb  stm32f3xx_it.o [1]
DMA1_Channel7_IRQHandler
                        0x08006165    0x6  Code  Gb  stm32f3xx_it.o [1]
DMA_CalcBaseAndBitshift
                        0x08003ceb   0x2c  Code  Lc  stm32f3xx_hal_dma.o [1]
DMA_SetConfig           0x08003cc9   0x22  Code  Lc  stm32f3xx_hal_dma.o [1]
DebugMon_Handler        0x0800614b    0x8  Code  Gb  stm32f3xx_it.o [1]
Error_Handler           0x08003ebf    0x2  Code  Gb  main.o [1]
HAL_ADCEx_Calibration_Start
                        0x08003287   0x86  Code  Gb  stm32f3xx_hal_adc_ex.o [1]
HAL_ADCEx_MultiModeConfigChannel
                        0x08003651   0xe4  Code  Gb  stm32f3xx_hal_adc_ex.o [1]
HAL_ADC_ConfigChannel   0x08003355  0x2ba  Code  Gb  stm32f3xx_hal_adc_ex.o [1]
HAL_ADC_ConvCpltCallback
                        0x080039c5   0xe8  Code  Gb  adc.o [1]
HAL_ADC_ConvHalfCpltCallback
                        0x08003ad5    0x2  Code  Gb  adc.o [1]
HAL_ADC_ErrorCallback   0x08003d33    0x2  Code  Wk  stm32f3xx_hal_adc.o [1]
HAL_ADC_IRQHandler      0x08002f85  0x2e6  Code  Gb  stm32f3xx_hal_adc_ex.o [1]
HAL_ADC_Init            0x08002c21  0x20e  Code  Gb  stm32f3xx_hal_adc_ex.o [1]
HAL_ADC_LevelOutOfWindowCallback
                        0x08003d2d    0x2  Code  Wk  stm32f3xx_hal_adc.o [1]
HAL_ADC_MspInit         0x08003929   0x9c  Code  Gb  adc.o [1]
HAL_ADC_Start_DMA       0x08002e3d  0x12a  Code  Gb  stm32f3xx_hal_adc_ex.o [1]
HAL_DMA_Abort_IT        0x08003bc5   0x40  Code  Gb  stm32f3xx_hal_dma.o [1]
HAL_DMA_IRQHandler      0x08003c15   0xb2  Code  Gb  stm32f3xx_hal_dma.o [1]
HAL_DMA_Init            0x08003b01   0x4a  Code  Gb  stm32f3xx_hal_dma.o [1]
HAL_DMA_Start_IT        0x08003b51   0x74  Code  Gb  stm32f3xx_hal_dma.o [1]
HAL_GPIO_Init           0x08003f09  0x1a0  Code  Gb  stm32f3xx_hal_gpio.o [1]
HAL_GPIO_TogglePin      0x080040b7   0x10  Code  Gb  stm32f3xx_hal_gpio.o [1]
HAL_GPIO_WritePin       0x080040a9    0xe  Code  Gb  stm32f3xx_hal_gpio.o [1]
HAL_GetTick             0x08003d39    0xc  Code  Wk  stm32f3xx_hal.o [1]
HAL_IncTick             0x08006241   0x10  Code  Wk  stm32f3xx_hal.o [1]
HAL_Init                0x0800472d   0x20  Code  Gb  stm32f3xx_hal.o [1]
HAL_InitTick            0x08006029   0x40  Code  Wk  stm32f3xx_hal.o [1]
HAL_MspInit             0x08006069   0x30  Code  Gb  stm32f3xx_hal_msp.o [1]
HAL_NVIC_EnableIRQ      0x08004157   0x16  Code  Gb  stm32f3xx_hal_cortex.o [1]
HAL_NVIC_SetPriority    0x0800411d   0x3a  Code  Gb  stm32f3xx_hal_cortex.o [1]
HAL_NVIC_SetPriorityGrouping
                        0x08004103   0x1a  Code  Gb  stm32f3xx_hal_cortex.o [1]
HAL_RCCEx_PeriphCLKConfig
                        0x08005599  0x1aa  Code  Gb  stm32f3xx_hal_rcc_ex.o [1]
HAL_RCC_ClockConfig     0x080053dd   0xde  Code  Gb  stm32f3xx_hal_rcc.o [1]
HAL_RCC_GetPCLK1Freq    0x08005523   0x10  Code  Gb  stm32f3xx_hal_rcc.o [1]
HAL_RCC_GetPCLK2Freq    0x08005533    0xe  Code  Gb  stm32f3xx_hal_rcc.o [1]
HAL_RCC_GetSysClockFreq
                        0x080054e9   0x3a  Code  Gb  stm32f3xx_hal_rcc.o [1]
HAL_RCC_OscConfig       0x080050d9  0x2f2  Code  Gb  stm32f3xx_hal_rcc.o [1]
HAL_SYSTICK_Config      0x0800416d   0x28  Code  Gb  stm32f3xx_hal_cortex.o [1]
HAL_TIMEx_Break2Callback
                        0x080060a3    0x2  Code  Wk  stm32f3xx_hal_tim_ex.o [1]
HAL_TIMEx_BreakCallback
                        0x080060a1    0x2  Code  Wk  stm32f3xx_hal_tim_ex.o [1]
HAL_TIMEx_CommutCallback
                        0x080060a7    0x2  Code  Wk  stm32f3xx_hal_tim_ex.o [1]
HAL_TIMEx_ConfigBreakDeadTime
                        0x08005813   0x7c  Code  Gb  stm32f3xx_hal_tim_ex.o [1]
HAL_TIMEx_MasterConfigSynchronization
                        0x0800579f   0x74  Code  Gb  stm32f3xx_hal_tim_ex.o [1]
HAL_TIMEx_PWMN_Start    0x08005767   0x16  Code  Gb  stm32f3xx_hal_tim_ex.o [1]
HAL_TIM_Base_Init       0x080048ad   0x1a  Code  Gb  stm32f3xx_hal_tim.o [1]
HAL_TIM_Base_MspInit    0x080042f9   0x4e  Code  Gb  tim.o [1]
HAL_TIM_Base_Start_IT   0x080048c7   0x28  Code  Gb  stm32f3xx_hal_tim.o [1]
HAL_TIM_ConfigClockSource
                        0x08004c61   0x90  Code  Gb  stm32f3xx_hal_tim.o [1]
HAL_TIM_IRQHandler      0x080049bd  0x15c  Code  Gb  stm32f3xx_hal_tim.o [1]
HAL_TIM_MspPostInit     0x08004347   0x48  Code  Gb  tim.o [1]
HAL_TIM_PWM_ConfigChannel
                        0x08004b1f  0x11a  Code  Gb  stm32f3xx_hal_tim.o [1]
HAL_TIM_PWM_Init        0x08004911   0x1a  Code  Gb  stm32f3xx_hal_tim.o [1]
HAL_TIM_PWM_Start       0x0800492b   0x38  Code  Gb  stm32f3xx_hal_tim.o [1]
HAL_UARTEx_WakeupCallback
                        0x080060ad    0x2  Code  Wk  stm32f3xx_hal_uart_ex.o [1]
HAL_UART_GetState       0x08005b3d    0xa  Code  Gb  stm32f3xx_hal_uart.o [1]
HAL_UART_IRQHandler     0x080059d3  0x15e  Code  Gb  stm32f3xx_hal_uart.o [1]
HAL_UART_Init           0x080058c5   0x30  Code  Gb  stm32f3xx_hal_uart.o [1]
HAL_UART_MspInit        0x080045c7   0xf0  Code  Gb  usart.o [1]
HAL_UART_Transmit_DMA   0x08005945   0x8e  Code  Gb  stm32f3xx_hal_uart.o [1]
HAL_UART_TxCpltCallback
                        0x0800450b   0x6c  Code  Gb  usart.o [1]
HardFault_Handler       0x08006119    0xc  Code  Gb  stm32f3xx_it.o [1]
Ki                      0x20000004    0x2  Data  Gb  adc.o [1]
Kp                      0x20000002    0x2  Data  Gb  adc.o [1]
LoadInt                 0x0800033b   0x7a  Code  Lc  xprintffull.o [3]
MX_ADC1_Init            0x08003865   0xc4  Code  Gb  adc.o [1]
MX_DMA_Init             0x0800485d   0x50  Code  Gb  dma.o [1]
MX_GPIO_Init            0x08004751   0xec  Code  Gb  gpio.o [1]
MX_TIM1_Init            0x080041ad   0xde  Code  Gb  tim.o [1]
MX_TIM3_Init            0x0800428b   0x56  Code  Gb  tim.o [1]
MX_USART1_UART_Init     0x08004577   0x16  Code  Gb  usart.o [1]
MX_USART2_UART_Init     0x0800458d   0x16  Code  Gb  usart.o [1]
MemManage_Handler       0x08006125    0xc  Code  Gb  stm32f3xx_it.o [1]
NMI_Handler             0x08006111    0x8  Code  Gb  stm32f3xx_it.o [1]
PendSV_Handler          0x08006153    0x2  Code  Gb  stm32f3xx_it.o [1]
Region$$Table$$Base     0x08006314          --   Gb  - Linker created -
Region$$Table$$Limit    0x08006334          --   Gb  - Linker created -
SVC_Handler             0x08006149    0x2  Code  Gb  stm32f3xx_it.o [1]
SysTick_Handler         0x08006155    0x4  Code  Gb  stm32f3xx_it.o [1]
SystemClock_Config      0x08003e45   0x7a  Code  Gb  main.o [1]
SystemCoreClock         0x200000ec    0x4  Data  Gb  system_stm32f3xx.o [1]
SystemInit              0x08001e05   0x14  Code  Gb  system_stm32f3xx.o [1]
TIM3_IRQHandler         0x08006171   0x38  Code  Gb  stm32f3xx_it.o [1]
TIM_Base_SetConfig      0x08004d19   0xa0  Code  Gb  stm32f3xx_hal_tim.o [1]
TIM_CCxChannelCmd       0x080050bb   0x16  Code  Gb  stm32f3xx_hal_tim.o [1]
TIM_CCxNChannelCmd      0x080058a9   0x1c  Code  Lc  stm32f3xx_hal_tim_ex.o [1]
TIM_ETR_SetConfig       0x080050a7   0x14  Code  Gb  stm32f3xx_hal_tim.o [1]
TIM_ITRx_SetConfig      0x08005097   0x10  Code  Lc  stm32f3xx_hal_tim.o [1]
TIM_OC1_SetConfig       0x08004db9   0x84  Code  Lc  stm32f3xx_hal_tim.o [1]
TIM_OC2_SetConfig       0x08004e3d   0x72  Code  Gb  stm32f3xx_hal_tim.o [1]
TIM_OC3_SetConfig       0x08004eaf   0x70  Code  Lc  stm32f3xx_hal_tim.o [1]
TIM_OC4_SetConfig       0x08004f1f   0x4e  Code  Lc  stm32f3xx_hal_tim.o [1]
TIM_OC5_SetConfig       0x08004f73   0x54  Code  Lc  stm32f3xx_hal_tim.o [1]
TIM_OC6_SetConfig       0x08004fc7   0x4e  Code  Lc  stm32f3xx_hal_tim.o [1]
TIM_TI1_ConfigInputStage
                        0x08005055   0x1e  Code  Lc  stm32f3xx_hal_tim.o [1]
TIM_TI2_ConfigInputStage
                        0x08005073   0x24  Code  Lc  stm32f3xx_hal_tim.o [1]
UART_AdvFeatureConfig   0x08005d35   0xc6  Code  Gb  stm32f3xx_hal_uart.o [1]
UART_CheckIdleState     0x08005dfb   0x5a  Code  Gb  stm32f3xx_hal_uart.o [1]
UART_DMAAbortOnError    0x08005f81   0x10  Code  Lc  stm32f3xx_hal_uart.o [1]
UART_DMAError           0x08005f2d   0x54  Code  Lc  stm32f3xx_hal_uart.o [1]
UART_DMATransmitCplt    0x08005ef5   0x22  Code  Lc  stm32f3xx_hal_uart.o [1]
UART_DMATxHalfCplt      0x08005f25    0x6  Code  Lc  stm32f3xx_hal_uart.o [1]
UART_EndRxTransfer      0x08005ed5   0x1e  Code  Lc  stm32f3xx_hal_uart.o [1]
UART_SetConfig          0x08005b49  0x1c6  Code  Gb  stm32f3xx_hal_uart.o [1]
UART_WaitOnFlagUntilTimeout
                        0x08005e55   0x60  Code  Gb  stm32f3xx_hal_uart.o [1]
USART2_IRQHandler       0x080061a9    0x6  Code  Gb  stm32f3xx_it.o [1]
UsageFault_Handler      0x0800613d    0xc  Code  Gb  stm32f3xx_it.o [1]
_Encoding_8859_1_Wctomb
                        0x08001c61   0x12  Code  Gb  xencoding_8859_1.o [3]
_GenldFull              0x08000dcf  0x274  Code  Lc  xprintffull.o [3]
_LdtobFull              0x080009a7  0x3fe  Code  Lc  xprintffull.o [3]
_LitobFull              0x0800084f  0x112  Code  Lc  xprintffull.o [3]
_PrintfFull             0x08000189  0x1a4  Code  Gb  xprintffull.o [3]
_PutcharsFull           0x08001043   0x2e  Code  Lc  xprintffull.o [3]
_PutfldFull             0x080003b5  0x2d0  Code  Lc  xprintffull.o [3]
_PutstrFull             0x08000791   0xbe  Code  Lc  xprintffull.o [3]
_PuttxtFull             0x08000685  0x10c  Code  Lc  xprintffull.o [3]
_SNProut                0x080010f3   0x1a  Code  Gb  xsnprout.o [3]
__NVIC_SetPriority      0x080040e5   0x1e  Code  Lc  stm32f3xx_hal_cortex.o [1]
__aeabi_cdcmpeq         0x08002c01         Code  Gb  DblCmpEq.o [4]
__aeabi_cdcmple         0x080016f1         Code  Gb  DblCmpLe.o [4]
__aeabi_cdrcmple        0x08001721         Code  Gb  DblCmpGe.o [4]
__aeabi_d2iz            0x0800188d         Code  Gb  DblToS32.o [4]
__aeabi_d2uiz           0x08001c19         Code  Gb  DblToU32.o [4]
__aeabi_dadd            0x08001c79         Code  Gb  DblAdd.o [4]
__aeabi_ddiv            0x080019d1         Code  Gb  DblDiv.o [4]
__aeabi_dmul            0x080014dd         Code  Gb  DblMul.o [4]
__aeabi_dsub            0x080018ed         Code  Gb  DblSub.o [4]
__aeabi_f2d             0x08004411         Code  Gb  FltToDbl.o [4]
__aeabi_i2d             0x080018c9         Code  Gb  S32ToDbl.o [4]
__aeabi_ldiv0           0x08001c75         Code  Gb  I64DivZer.o [5]
__aeabi_memclr4         0x08003d45         Code  Gb  ABImemclr4.o [5]
__aeabi_memcpy          0x08001205         Code  Gb  ABImemcpy.o [5]
__aeabi_memcpy4         0x08001225         Code  Gb  ABImemcpy.o [5]
__aeabi_memcpy8         0x08001225         Code  Gb  ABImemcpy.o [5]
__aeabi_ui2d            0x08001c41         Code  Gb  U32ToDbl.o [4]
__aeabi_uldivmod        0x080012ad         Code  Gb  I64DivMod.o [5]
__cmain                 0x08006335         Code  Gb  cmain.o [5]
__exit                  0x08001df1   0x14  Code  Gb  exit.o [6]
__iar_Fail_s            0x08001125   0x1e  Code  Gb  xfail_s.o [3]
__iar_Mbcurmax          0x080011f9    0x4  Code  Gb  xmbcurmax.o [3]
__iar_Memchr            0x080011a1         Code  Gb  memchr.o [5]
__iar_Memset4_word      0x080046f9         Code  Gb  ABImemset48.o [5]
__iar_Memset8_word      0x080046f9         Code  Gb  ABImemset48.o [5]
__iar_Memset_word       0x080060b1         Code  Gb  ABImemset.o [5]
__iar_Strchr            0x0800110d         Code  Gb  strchr.o [5]
__iar_dadd              0x080018fd         Code  Gb  DblSub.o [4]
__iar_data_init3        0x080062c9   0x28  Code  Gb  data_init.o [5]
__iar_dsub              0x08001c89         Code  Gb  DblAdd.o [4]
__iar_dsubStart         0x08001c9b         Code  Gb  DblAdd.o [4]
__iar_frexp             0x0800168d         Code  Gb  frexp.o [4]
__iar_frexpl            0x0800168d         Code  Gb  frexp.o [4]
__iar_init_vfp          0x080062f1         Code  Gb  fpinit_M.o [4]
__iar_ldexp64           0x08001751         Code  Gb  ldexp.o [4]
__iar_packbits_init_single3
                        0x08006291   0x38  Code  Gb  packbits_init_single.o [5]
__iar_program_start     0x08006379         Code  Gb  cstartup_M.o [5]
__iar_scalbln64         0x08001751         Code  Gb  ldexp.o [4]
__iar_scalbn64          0x08001751         Code  Gb  ldexp.o [4]
__iar_softfp___iar_frexp64
                        0x08001681         Code  Gb  frexp.o [4]
__iar_softfp_frexp      0x08001681         Code  Gb  frexp.o [4]
__iar_softfp_frexpl     0x08001681         Code  Gb  frexp.o [4]
__iar_systems$$module {Abs}
                        0x00000001         Data  Gb  command line/config [2]
__iar_zero_init3        0x08006251   0x40  Code  Gb  zero_init3.o [5]
__low_level_init        0x08006353    0x4  Code  Gb  low_level_init.o [3]
__vector_table          0x08000000         Data  Gb  startup_stm32f303xc.o [1]
_atoi                   0x08001e3b   0x22  Code  Lc  printf.o [1]
_call_main              0x08006341         Code  Gb  cmain.o [5]
_etoa                   0x0800235d  0x2ea  Code  Lc  printf.o [1]
_exit                   0x0800635d         Code  Gb  cexit.o [5]
_ftoa                   0x080020dd  0x262  Code  Lc  printf.o [1]
_ftoa::pow10            0x08002bb0   0x50  Data  Lc  printf.o [1]
_gLocale_wctomb         0x08001201    0x4  Code  Gb  xlocale_c.o [3]
_gLocale_wctombInt      0x080011fd    0x4  Code  Gb  xlocale_c.o [3]
_main                   0x0800634f         Code  Gb  cmain.o [5]
_ntoa_format            0x08001ec1  0x100  Code  Lc  printf.o [1]
_ntoa_long              0x08001fc1   0x7a  Code  Lc  printf.o [1]
_ntoa_long_long         0x0800203b   0xa2  Code  Lc  printf.o [1]
_out_buffer             0x08001e31    0x8  Code  Lc  printf.o [1]
_out_null               0x08001e39    0x2  Code  Lc  printf.o [1]
_out_rev                0x08001e5d   0x5a  Code  Lc  printf.o [1]
_vsnprintf              0x08002671  0x462  Code  Lc  printf.o [1]
aPLLMULFactorTable      0x08005578   0x10  Data  Gb  stm32f3xx_hal_rcc.o [1]
aPredivFactorTable      0x08005588   0x10  Data  Gb  stm32f3xx_hal_rcc.o [1]
abort                   0x08001c5b    0x6  Code  Gb  abort.o [3]
adc1_buffer             0x200003f8    0x8  Data  Gb  adc.o [1]
adc_val1                0x20000008    0x4  Data  Gb  adc.o [1]
change_phase_shift      0x0800438f    0xe  Code  Gb  tim.o [1]
debug_tx_buf_start      0x2000027c    0x4  Data  Gb  usart.o [1]
debug_tx_buffer         0x20000280   0x64  Data  Gb  usart.o [1]
debug_tx_to_send        0x20000278    0x2  Data  Gb  usart.o [1]
exit                    0x08006357    0x4  Code  Gb  exit.o [3]
hadc1                   0x200002e4   0x50  Data  Gb  adc.o [1]
hdma_adc1               0x20000334   0x44  Data  Gb  adc.o [1]
hdma_usart2_rx          0x200000f0   0x44  Data  Gb  usart.o [1]
hdma_usart2_tx          0x20000134   0x44  Data  Gb  usart.o [1]
htim1                   0x20000378   0x40  Data  Gb  tim.o [1]
htim3                   0x200003b8   0x40  Data  Gb  tim.o [1]
huart1                  0x20000178   0x80  Data  Gb  usart.o [1]
huart2                  0x200001f8   0x80  Data  Gb  usart.o [1]
ldexp                   0x08001751         Code  Gb  ldexp.o [4]
ldexpl                  0x08001751         Code  Gb  ldexp.o [4]
main                    0x08003d97   0x94  Code  Gb  main.o [1]
memchr                  0x080011a1         Code  Gb  memchr.o [5]
monitorCnt              0x20000010    0x4  Data  Gb  adc.o [1]
phiCmdTick              0x20000000    0x2  Data  Gb  adc.o [1]
print_debug             0x0800449d   0x6e  Code  Gb  usart.o [1]
reset_cause_get         0x08003d4d   0x4a  Code  Gb  main.o [1]
scalbln                 0x08001751         Code  Gb  ldexp.o [4]
scalblnl                0x08001751         Code  Gb  ldexp.o [4]
scalbn                  0x08001751         Code  Gb  ldexp.o [4]
scalbnl                 0x08001751         Code  Gb  ldexp.o [4]
scale                   0x08000961   0x46  Code  Lc  xprintffull.o [3]
sec_hand                0x20000400    0x4  Data  Lc  xfail_s.o [3]
sineTable               0x20000024   0xc8  Data  Gb  stm32f3xx_it.o [1]
sineTableCnt            0x20000020    0x2  Data  Gb  stm32f3xx_it.o [1]
snprintf                0x08004459   0x44  Code  Gb  snprintf.o [3]
snprintf_               0x08002b19   0x14  Code  Gb  printf.o [1]
start_pwm               0x0800439d   0x50  Code  Gb  tim.o [1]
strchr                  0x0800110d         Code  Gb  strchr.o [5]
strlen                  0x08001169         Code  Gb  strlen.o [5]
strncat                 0x08005f91   0x28  Code  Gb  strncat.o [3]
strncpy                 0x08005fb9         Code  Gb  strncpy.o [5]
uwTick                  0x20000018    0x4  Data  Gb  stm32f3xx_hal.o [1]
uwTickFreq              0x20000014    0x1  Data  Gb  stm32f3xx_hal.o [1]
uwTickPrio              0x2000001c    0x4  Data  Gb  stm32f3xx_hal.o [1]
voltCmd                 0x20000006    0x2  Data  Gb  adc.o [1]
voltErrorInt            0x2000000c    0x4  Data  Gb  adc.o [1]


[1] = D:\mls_firmware\DAB_Inverter\EWARM\DAB_Inverter\Obj
[2] = command line
[3] = dl7M_tln.a
[4] = m7M_tls.a
[5] = rt7M_tl.a
[6] = shb_l.a

  25 682 bytes of readonly  code memory
     268 bytes of readonly  data memory
   2 052 bytes of readwrite data memory

Errors: none
Warnings: none
