###############################################################################
#
# IAR ELF Linker V8.20.2.14835/W32 for ARM                12/Apr/2019  16:47:39
# Copyright 2007-2017 IAR Systems AB.
#
#    Output file  =  
#        D:\mls_firmware\primary_pulse_test\EWARM\primary_pulse_test\Exe\primary_pulse_test.out
#    Map file     =  
#        D:\mls_firmware\primary_pulse_test\EWARM\primary_pulse_test\List\primary_pulse_test.map
#    Command line =  
#        -f C:\Users\FRANCI~1\AppData\Local\Temp\EWB33E.tmp
#        (D:\mls_firmware\primary_pulse_test\EWARM\primary_pulse_test\Obj\main.o
#        D:\mls_firmware\primary_pulse_test\EWARM\primary_pulse_test\Obj\startup_stm32f373xc.o
#        D:\mls_firmware\primary_pulse_test\EWARM\primary_pulse_test\Obj\stm32f3xx_hal.o
#        D:\mls_firmware\primary_pulse_test\EWARM\primary_pulse_test\Obj\stm32f3xx_hal_cortex.o
#        D:\mls_firmware\primary_pulse_test\EWARM\primary_pulse_test\Obj\stm32f3xx_hal_dma.o
#        D:\mls_firmware\primary_pulse_test\EWARM\primary_pulse_test\Obj\stm32f3xx_hal_flash.o
#        D:\mls_firmware\primary_pulse_test\EWARM\primary_pulse_test\Obj\stm32f3xx_hal_flash_ex.o
#        D:\mls_firmware\primary_pulse_test\EWARM\primary_pulse_test\Obj\stm32f3xx_hal_gpio.o
#        D:\mls_firmware\primary_pulse_test\EWARM\primary_pulse_test\Obj\stm32f3xx_hal_i2c.o
#        D:\mls_firmware\primary_pulse_test\EWARM\primary_pulse_test\Obj\stm32f3xx_hal_i2c_ex.o
#        D:\mls_firmware\primary_pulse_test\EWARM\primary_pulse_test\Obj\stm32f3xx_hal_msp.o
#        D:\mls_firmware\primary_pulse_test\EWARM\primary_pulse_test\Obj\stm32f3xx_hal_pwr.o
#        D:\mls_firmware\primary_pulse_test\EWARM\primary_pulse_test\Obj\stm32f3xx_hal_pwr_ex.o
#        D:\mls_firmware\primary_pulse_test\EWARM\primary_pulse_test\Obj\stm32f3xx_hal_rcc.o
#        D:\mls_firmware\primary_pulse_test\EWARM\primary_pulse_test\Obj\stm32f3xx_hal_rcc_ex.o
#        D:\mls_firmware\primary_pulse_test\EWARM\primary_pulse_test\Obj\stm32f3xx_hal_tim.o
#        D:\mls_firmware\primary_pulse_test\EWARM\primary_pulse_test\Obj\stm32f3xx_hal_tim_ex.o
#        D:\mls_firmware\primary_pulse_test\EWARM\primary_pulse_test\Obj\stm32f3xx_hal_uart.o
#        D:\mls_firmware\primary_pulse_test\EWARM\primary_pulse_test\Obj\stm32f3xx_hal_uart_ex.o
#        D:\mls_firmware\primary_pulse_test\EWARM\primary_pulse_test\Obj\stm32f3xx_it.o
#        D:\mls_firmware\primary_pulse_test\EWARM\primary_pulse_test\Obj\system_stm32f3xx.o
#        --redirect _Printf=_PrintfFull --redirect _Scanf=_ScanfFull -o
#        D:\mls_firmware\primary_pulse_test\EWARM\primary_pulse_test\Exe\primary_pulse_test.out
#        --map
#        D:\mls_firmware\primary_pulse_test\EWARM\primary_pulse_test\List\primary_pulse_test.map
#        --config
#        D:\mls_firmware\primary_pulse_test\EWARM/stm32f373xc_flash.icf
#        --semihosting --entry __iar_program_start --vfe --text_out locale)
#
###############################################################################

*******************************************************************************
*** RUNTIME MODEL ATTRIBUTES
***

CppFlavor       = *
__SystemLibrary = DLib
__dlib_version  = 6


*******************************************************************************
*** HEAP SELECTION
***

The basic heap was selected because some modules are built with
size limitations (and not runtime checking), and --advanced_heap
was not specified.


*******************************************************************************
*** PLACEMENT SUMMARY
***

"A0":  place at 0x08000000 { ro section .intvec };
"P1":  place in [from 0x08000000 to 0x0803ffff] { ro };
define block CSTACK with size = 1K, alignment = 8 { };
define block HEAP with size = 512, alignment = 8 { };
"P2":  place in [from 0x20000000 to 0x20007fff] {
          rw, block CSTACK, block HEAP };
initialize by copy { rw };

  Section            Kind        Address    Size  Object
  -------            ----        -------    ----  ------
"A0":                                      0x188
  .intvec            ro code  0x08000000   0x188  startup_stm32f373xc.o [1]
                            - 0x08000188   0x188

"P1":                                     0x31f4
  .text              ro code  0x08000188   0x7b2  stm32f3xx_hal_uart.o [1]
  .text              ro code  0x0800093c   0x2c4  stm32f3xx_hal_msp.o [1]
  .text              ro code  0x08000c00   0x230  stm32f3xx_hal_dma.o [1]
  .text              ro code  0x08000e30   0x75c  main.o [1]
  .text              ro code  0x0800158c     0x2  stm32f3xx_hal_uart_ex.o [1]
  .text              ro code  0x08001590   0x4dc  stm32f3xx_hal_rcc.o [1]
  .text              ro code  0x08001a6c     0xc  stm32f3xx_hal.o [1]
  .text              ro code  0x08001a78     0x2  stm32f3xx_hal_uart.o [1]
  .text              ro code  0x08001a7a     0x2  stm32f3xx_hal_uart.o [1]
  .text              ro code  0x08001a7c    0xe6  stm32f3xx_hal_cortex.o [1]
  .text              ro code  0x08001b64   0x1cc  stm32f3xx_hal_gpio.o [1]
  .text              ro code  0x08001d30    0x30  stm32f3xx_hal_i2c_ex.o [1]
  .text              ro code  0x08001d60    0x36  strlen.o [5]
  .text              ro code  0x08001d96    0x28  strncat.o [3]
  .text              ro code  0x08001dc0    0x70  strncpy.o [5]
  .text              ro code  0x08001e30   0x54a  stm32f3xx_hal_tim.o [1]
  .text              ro code  0x0800237c    0x22  S32ToDbl.o [4]
  .text              ro code  0x080023a0    0x48  FltToDbl.o [4]
  .text              ro code  0x080023e8   0x1a2  DblMul.o [4]
  .text              ro code  0x0800258c   0x178  DblAdd.o [4]
  .text              ro code  0x08002704    0x28  DblToU32.o [4]
  .text              ro code  0x0800272c    0xd8  stm32f3xx_hal_tim.o [1]
  .text              ro code  0x08002804    0x24  stm32f3xx_hal.o [1]
  .text              ro code  0x08002828    0x4a  stm32f3xx_hal_tim_ex.o [1]
  .text              ro code  0x08002874   0x178  iar_Stoulx.o [3]
  .text              ro code  0x080029ec   0x246  DblDiv.o [4]
  .text              ro code  0x08002c34    0x68  DblToFlt.o [4]
  .text              ro code  0x08002c9c   0x170  stm32f3xx_hal_rcc_ex.o [1]
  .text              ro code  0x08002e0c    0x28  stm32f3xx_hal.o [1]
  .text              ro code  0x08002e34    0x5e  ABImemset.o [5]
  .text              ro code  0x08002e92     0x2  stm32f3xx_hal_tim.o [1]
  .text              ro code  0x08002e94     0x2  stm32f3xx_hal_tim.o [1]
  .text              ro code  0x08002e96     0x2  stm32f3xx_hal_tim.o [1]
  .text              ro code  0x08002e98     0x2  stm32f3xx_hal_tim_ex.o [1]
  .text              ro code  0x08002e9a     0x2  stm32f3xx_hal_tim.o [1]
  .text              ro code  0x08002e9c     0x2  stm32f3xx_hal_tim_ex.o [1]
  .text              ro code  0x08002e9e     0x2  stm32f3xx_hal_tim.o [1]
  .text              ro code  0x08002ea0    0xd2  DblSub.o [4]
  .text              ro code  0x08002f72    0x14  isspace.o [3]
  .text              ro code  0x08002f86    0x14  tolower.o [3]
  .text              ro code  0x08002f9c    0x58  memchr.o [5]
  .text              ro code  0x08002ff4    0x34  xlocale_c.o [3]
  .text              ro code  0x08003028    0x7c  system_stm32f3xx.o [1]
  .text              ro code  0x080030a4    0x64  stm32f3xx_it.o [1]
  .text              ro code  0x08003108    0x10  stm32f3xx_hal.o [1]
  .text              ro code  0x08003118    0x40  zero_init3.o [5]
  .text              ro code  0x08003158    0x38  packbits_init_single.o [5]
  .text              ro code  0x08003190    0x28  data_init.o [5]
  .text              ro code  0x080031b8    0x22  fpinit_M.o [4]
  .iar.init_table    const    0x080031dc    0x20  - Linker created -
  .text              ro code  0x080031fc    0x1e  cmain.o [5]
  .text              ro code  0x0800321a     0x4  low_level_init.o [3]
  .text              ro code  0x0800321e     0x4  exit.o [3]
  .text              ro code  0x08003224     0xa  cexit.o [5]
  .text              ro code  0x08003230    0x14  exit.o [6]
  .text              ro code  0x08003244    0x10  startup_stm32f373xc.o [1]
  .text              ro code  0x08003254     0xc  cstartup_M.o [5]
  .rodata            const    0x08003260     0x8  system_stm32f3xx.o [1]
  .text              ro code  0x08003268     0x4  startup_stm32f373xc.o [1]
  .text              ro code  0x0800326c     0x4  startup_stm32f373xc.o [1]
  .text              ro code  0x08003270     0x4  startup_stm32f373xc.o [1]
  .text              ro code  0x08003274     0x4  startup_stm32f373xc.o [1]
  .text              ro code  0x08003278     0x4  startup_stm32f373xc.o [1]
  .text              ro code  0x0800327c     0x4  startup_stm32f373xc.o [1]
  .text              ro code  0x08003280     0x4  startup_stm32f373xc.o [1]
  .text              ro code  0x08003284     0x4  startup_stm32f373xc.o [1]
  .text              ro code  0x08003288     0x4  startup_stm32f373xc.o [1]
  .text              ro code  0x0800328c     0x4  startup_stm32f373xc.o [1]
  .text              ro code  0x08003290     0x4  startup_stm32f373xc.o [1]
  .text              ro code  0x08003294     0x4  startup_stm32f373xc.o [1]
  .text              ro code  0x08003298     0x4  startup_stm32f373xc.o [1]
  .text              ro code  0x0800329c     0x4  startup_stm32f373xc.o [1]
  .text              ro code  0x080032a0     0x4  startup_stm32f373xc.o [1]
  .text              ro code  0x080032a4     0x4  startup_stm32f373xc.o [1]
  .text              ro code  0x080032a8     0x4  startup_stm32f373xc.o [1]
  .text              ro code  0x080032ac     0x4  startup_stm32f373xc.o [1]
  .text              ro code  0x080032b0     0x4  startup_stm32f373xc.o [1]
  .text              ro code  0x080032b4     0x4  startup_stm32f373xc.o [1]
  .text              ro code  0x080032b8     0x4  startup_stm32f373xc.o [1]
  .text              ro code  0x080032bc     0x4  startup_stm32f373xc.o [1]
  .text              ro code  0x080032c0     0x4  startup_stm32f373xc.o [1]
  .text              ro code  0x080032c4     0x4  startup_stm32f373xc.o [1]
  .text              ro code  0x080032c8     0x4  startup_stm32f373xc.o [1]
  .text              ro code  0x080032cc     0x4  startup_stm32f373xc.o [1]
  .text              ro code  0x080032d0     0x4  startup_stm32f373xc.o [1]
  .text              ro code  0x080032d4     0x4  startup_stm32f373xc.o [1]
  .text              ro code  0x080032d8     0x4  startup_stm32f373xc.o [1]
  .text              ro code  0x080032dc     0x4  startup_stm32f373xc.o [1]
  .text              ro code  0x080032e0     0x4  startup_stm32f373xc.o [1]
  .text              ro code  0x080032e4     0x4  startup_stm32f373xc.o [1]
  .text              ro code  0x080032e8     0x4  startup_stm32f373xc.o [1]
  .text              ro code  0x080032ec     0x4  startup_stm32f373xc.o [1]
  .text              ro code  0x080032f0     0x4  startup_stm32f373xc.o [1]
  .text              ro code  0x080032f4     0x4  startup_stm32f373xc.o [1]
  .text              ro code  0x080032f8     0x4  startup_stm32f373xc.o [1]
  .text              ro code  0x080032fc     0x4  startup_stm32f373xc.o [1]
  .text              ro code  0x08003300     0x4  startup_stm32f373xc.o [1]
  .text              ro code  0x08003304     0x4  startup_stm32f373xc.o [1]
  .text              ro code  0x08003308     0x4  startup_stm32f373xc.o [1]
  .text              ro code  0x0800330c     0x4  startup_stm32f373xc.o [1]
  .text              ro code  0x08003310     0x4  startup_stm32f373xc.o [1]
  .text              ro code  0x08003314     0x4  startup_stm32f373xc.o [1]
  .text              ro code  0x08003318     0x4  startup_stm32f373xc.o [1]
  .text              ro code  0x0800331c     0x4  startup_stm32f373xc.o [1]
  .text              ro code  0x08003320     0x4  startup_stm32f373xc.o [1]
  .text              ro code  0x08003324     0x4  startup_stm32f373xc.o [1]
  .text              ro code  0x08003328     0x4  startup_stm32f373xc.o [1]
  .text              ro code  0x0800332c     0x4  startup_stm32f373xc.o [1]
  .text              ro code  0x08003330     0x4  startup_stm32f373xc.o [1]
  .text              ro code  0x08003334     0x4  startup_stm32f373xc.o [1]
  .text              ro code  0x08003338     0x4  startup_stm32f373xc.o [1]
  .text              ro code  0x0800333c     0x4  startup_stm32f373xc.o [1]
  .text              ro code  0x08003340     0x4  startup_stm32f373xc.o [1]
  .text              ro code  0x08003344     0x4  startup_stm32f373xc.o [1]
  .text              ro code  0x08003348     0x4  startup_stm32f373xc.o [1]
  .rodata            const    0x0800334c     0x2  xlocale_c.o [3]
  .rodata            const    0x0800334e     0x0  zero_init3.o [5]
  .rodata            const    0x0800334e     0x0  packbits_init_single.o [5]
  Initializer bytes  const    0x0800334e    0x2e  <for P2-1>
                            - 0x0800337c  0x31f4

"P2", part 1 of 3:                          0xb0
  P2-1                        0x20000000    0xb0  <Init block>
    .data            inited   0x20000000    0x64  main.o [1]
    .data            inited   0x20000064     0x4  system_stm32f3xx.o [1]
    .data            inited   0x20000068    0x48  xlocale_c.o [3]
                            - 0x200000b0    0xb0

"P2", part 2 of 3:                         0x570
  .bss               zero     0x200000b0   0x1a4  main.o [1]
  .bss               zero     0x20000254   0x174  main.o [1]
  .bss               zero     0x200003c8   0x144  main.o [1]
  .bss               zero     0x2000050c    0x44  main.o [1]
  .bss               zero     0x20000550    0x44  main.o [1]
  .bss               zero     0x20000594    0x44  main.o [1]
  .bss               zero     0x200005d8    0x44  main.o [1]
  .bss               zero     0x2000061c     0x4  stm32f3xx_hal.o [1]
                            - 0x20000620   0x570

"P2", part 3 of 3:                         0x400
  CSTACK                      0x20000620   0x400  <Block>
    CSTACK           uninit   0x20000620   0x400  <Block tail>
                            - 0x20000a20   0x400


*******************************************************************************
*** INIT TABLE
***

          Address     Size
          -------     ----
Zero (__iar_zero_init3)
    1 destination range, total size 0x570:
          0x200000b0  0x570

Copy/packbits (__iar_packbits_init_single3)
    1 source range, total size 0x2e (26% of destination):
          0x0800334e   0x2e
    1 destination range, total size 0xb0:
          0x20000000   0xb0



*******************************************************************************
*** MODULE SUMMARY
***

    Module                   ro code  ro data  rw data
    ------                   -------  -------  -------
D:\mls_firmware\primary_pulse_test\EWARM\primary_pulse_test\Obj: [1]
    main.o                     1 884       26    1 488
    startup_stm32f373xc.o        636
    stm32f3xx_hal.o              104                 4
    stm32f3xx_hal_cortex.o       230
    stm32f3xx_hal_dma.o          560
    stm32f3xx_hal_gpio.o         460
    stm32f3xx_hal_i2c_ex.o        48
    stm32f3xx_hal_msp.o          708
    stm32f3xx_hal_rcc.o        1 244
    stm32f3xx_hal_rcc_ex.o       368
    stm32f3xx_hal_tim.o        1 580
    stm32f3xx_hal_tim_ex.o        78
    stm32f3xx_hal_uart.o       1 974
    stm32f3xx_hal_uart_ex.o        2
    stm32f3xx_it.o               100
    system_stm32f3xx.o           124        9        4
    --------------------------------------------------
    Total:                    10 100       35    1 496

command line: [2]
    --------------------------------------------------
    Total:

dl7M_tlf.a: [3]
    exit.o                         4
    iar_Stoulx.o                 376
    isspace.o                     20
    low_level_init.o               4
    strncat.o                     40
    tolower.o                     20
    xlocale_c.o                   52       21       72
    --------------------------------------------------
    Total:                       516       21       72

m7M_tls.a: [4]
    DblAdd.o                     376
    DblDiv.o                     582
    DblMul.o                     418
    DblSub.o                     210
    DblToFlt.o                   104
    DblToU32.o                    40
    FltToDbl.o                    72
    S32ToDbl.o                    34
    fpinit_M.o                    34
    --------------------------------------------------
    Total:                     1 870

rt7M_tl.a: [5]
    ABImemset.o                   94
    cexit.o                       10
    cmain.o                       30
    cstartup_M.o                  12
    data_init.o                   40
    memchr.o                      88
    packbits_init_single.o        56
    strlen.o                      54
    strncpy.o                    112
    zero_init3.o                  64
    --------------------------------------------------
    Total:                       560

shb_l.a: [6]
    exit.o                        20
    --------------------------------------------------
    Total:                        20

    Gaps                          24        2
    Linker created                         32    1 024
------------------------------------------------------
    Grand Total:              13 090       90    2 592


*******************************************************************************
*** ENTRY LIST
***

Entry                      Address   Size  Type      Object
-----                      -------   ----  ----      ------
.iar.init_table$$Base   0x080031dc          --   Gb  - Linker created -
.iar.init_table$$Limit  0x080031fc          --   Gb  - Linker created -
?main                   0x080031fd         Code  Gb  cmain.o [5]
AHBPrescTable           0x08003094   0x10  Data  Gb  system_stm32f3xx.o [1]
APBPrescTable           0x08003260    0x8  Data  Gb  system_stm32f3xx.o [1]
BusFault_Handler        0x080030ab    0x2  Code  Gb  stm32f3xx_it.o [1]
CSTACK$$Base            0x20000620          --   Gb  - Linker created -
CSTACK$$Limit           0x20000a20          --   Gb  - Linker created -
DMA1_Channel2_IRQHandler
                        0x080030c3    0x6  Code  Gb  stm32f3xx_it.o [1]
DMA1_Channel3_IRQHandler
                        0x080030c9    0x6  Code  Gb  stm32f3xx_it.o [1]
DMA1_Channel4_IRQHandler
                        0x080030cf    0x6  Code  Gb  stm32f3xx_it.o [1]
DMA1_Channel5_IRQHandler
                        0x080030d5    0x6  Code  Gb  stm32f3xx_it.o [1]
DMA_CalcBaseAndBitshift
                        0x08000df1   0x2c  Code  Lc  stm32f3xx_hal_dma.o [1]
DMA_SetConfig           0x08000dcf   0x22  Code  Lc  stm32f3xx_hal_dma.o [1]
DebugMon_Handler        0x080030b1    0x2  Code  Gb  stm32f3xx_it.o [1]
HAL_DMA_Abort_IT        0x08000cd1   0x4a  Code  Gb  stm32f3xx_hal_dma.o [1]
HAL_DMA_IRQHandler      0x08000d1b   0xb2  Code  Gb  stm32f3xx_hal_dma.o [1]
HAL_DMA_Init            0x08000c01   0x56  Code  Gb  stm32f3xx_hal_dma.o [1]
HAL_DMA_Start_IT        0x08000c5d   0x74  Code  Gb  stm32f3xx_hal_dma.o [1]
HAL_GPIO_Init           0x08001b65  0x1a0  Code  Gb  stm32f3xx_hal_gpio.o [1]
HAL_GPIO_WritePin       0x08001d05    0xe  Code  Gb  stm32f3xx_hal_gpio.o [1]
HAL_GetTick             0x08001a6d    0xc  Code  Wk  stm32f3xx_hal.o [1]
HAL_I2CEx_EnableFastModePlus
                        0x08001d31   0x1e  Code  Gb  stm32f3xx_hal_i2c_ex.o [1]
HAL_IncTick             0x08003109   0x10  Code  Wk  stm32f3xx_hal.o [1]
HAL_Init                0x08002805   0x20  Code  Gb  stm32f3xx_hal.o [1]
HAL_InitTick            0x08002e0d   0x28  Code  Wk  stm32f3xx_hal.o [1]
HAL_MspInit             0x0800093d   0x74  Code  Gb  stm32f3xx_hal_msp.o [1]
HAL_NVIC_EnableIRQ      0x08001aef    0xa  Code  Gb  stm32f3xx_hal_cortex.o [1]
HAL_NVIC_SetPriority    0x08001ab5   0x3a  Code  Gb  stm32f3xx_hal_cortex.o [1]
HAL_NVIC_SetPriorityGrouping
                        0x08001a9b   0x1a  Code  Gb  stm32f3xx_hal_cortex.o [1]
HAL_RCCEx_PeriphCLKConfig
                        0x08002c9d  0x162  Code  Gb  stm32f3xx_hal_rcc_ex.o [1]
HAL_RCC_ClockConfig     0x0800188f  0x110  Code  Gb  stm32f3xx_hal_rcc.o [1]
HAL_RCC_GetHCLKFreq     0x080019f7    0x6  Code  Gb  stm32f3xx_hal_rcc.o [1]
HAL_RCC_GetPCLK1Freq    0x080019fd   0x10  Code  Gb  stm32f3xx_hal_rcc.o [1]
HAL_RCC_GetPCLK2Freq    0x08001a0d    0xe  Code  Gb  stm32f3xx_hal_rcc.o [1]
HAL_RCC_GetSysClockFreq
                        0x080019bd   0x3a  Code  Gb  stm32f3xx_hal_rcc.o [1]
HAL_RCC_OscConfig       0x08001591  0x2d8  Code  Gb  stm32f3xx_hal_rcc.o [1]
HAL_SYSTICK_CLKSourceConfig
                        0x08001b2b   0x1a  Code  Gb  stm32f3xx_hal_cortex.o [1]
HAL_SYSTICK_Config      0x08001b03   0x28  Code  Gb  stm32f3xx_hal_cortex.o [1]
HAL_SYSTICK_IRQHandler  0x08001b5d    0x4  Code  Gb  stm32f3xx_hal_cortex.o [1]
HAL_TIMEx_BreakCallback
                        0x08002e99    0x2  Code  Wk  stm32f3xx_hal_tim_ex.o [1]
HAL_TIMEx_CommutationCallback
                        0x08002e9d    0x2  Code  Wk  stm32f3xx_hal_tim_ex.o [1]
HAL_TIMEx_MasterConfigSynchronization
                        0x08002829   0x4a  Code  Gb  stm32f3xx_hal_tim_ex.o [1]
HAL_TIM_Base_Init       0x08001e31   0x1a  Code  Gb  stm32f3xx_hal_tim.o [1]
HAL_TIM_Base_MspInit    0x080009b1   0x4e  Code  Gb  stm32f3xx_hal_msp.o [1]
HAL_TIM_ConfigClockSource
                        0x08002021   0xac  Code  Gb  stm32f3xx_hal_tim.o [1]
HAL_TIM_IRQHandler      0x08001ed9  0x142  Code  Gb  stm32f3xx_hal_tim.o [1]
HAL_TIM_MspPostInit     0x080009ff   0x2e  Code  Gb  stm32f3xx_hal_msp.o [1]
HAL_TIM_PWM_ConfigChannel
                        0x0800272d   0xd8  Code  Wk  stm32f3xx_hal_tim.o [1]
HAL_TIM_PWM_Init        0x08001e75   0x1a  Code  Gb  stm32f3xx_hal_tim.o [1]
HAL_TIM_PWM_Start       0x08001e8f   0x1a  Code  Gb  stm32f3xx_hal_tim.o [1]
HAL_TIM_PeriodElapsedCallback
                        0x0800120d   0x24  Code  Gb  main.o [1]
HAL_UARTEx_WakeupCallback
                        0x0800158d    0x2  Code  Wk  stm32f3xx_hal_uart_ex.o [1]
HAL_UART_ErrorCallback  0x08000fb7   0x16  Code  Gb  main.o [1]
HAL_UART_GetState       0x08000445    0xc  Code  Gb  stm32f3xx_hal_uart.o [1]
HAL_UART_IRQHandler     0x08000307  0x132  Code  Gb  stm32f3xx_hal_uart.o [1]
HAL_UART_Init           0x08000189   0x30  Code  Gb  stm32f3xx_hal_uart.o [1]
HAL_UART_MspInit        0x08000a2d  0x136  Code  Gb  stm32f3xx_hal_msp.o [1]
HAL_UART_Receive_DMA    0x0800027f   0x82  Code  Gb  stm32f3xx_hal_uart.o [1]
HAL_UART_RxCpltCallback
                        0x08000fcd    0xc  Code  Gb  main.o [1]
HAL_UART_Transmit_DMA   0x08000209   0x76  Code  Gb  stm32f3xx_hal_uart.o [1]
HAL_UART_TxCpltCallback
                        0x08000f49   0x6e  Code  Gb  main.o [1]
HardFault_Handler       0x080030a7    0x2  Code  Gb  stm32f3xx_it.o [1]
MX_TIM2_Init            0x08001497   0x9c  Code  Lc  main.o [1]
MemManage_Handler       0x080030a9    0x2  Code  Gb  stm32f3xx_it.o [1]
NMI_Handler             0x080030a5    0x2  Code  Gb  stm32f3xx_it.o [1]
NVIC_SetPriority        0x08001a7d   0x1e  Code  Lc  stm32f3xx_hal_cortex.o [1]
PendSV_Handler          0x080030b3    0x2  Code  Gb  stm32f3xx_it.o [1]
Region$$Table$$Base     0x080031dc          --   Gb  - Linker created -
Region$$Table$$Limit    0x080031fc          --   Gb  - Linker created -
SVC_Handler             0x080030af    0x2  Code  Gb  stm32f3xx_it.o [1]
SysTick_Handler         0x080030b5    0xe  Code  Gb  stm32f3xx_it.o [1]
SystemClock_Config      0x08001411   0x86  Code  Gb  main.o [1]
SystemCoreClock         0x20000064    0x4  Data  Gb  system_stm32f3xx.o [1]
SystemInit              0x08003029   0x52  Code  Gb  system_stm32f3xx.o [1]
TIM6_DAC1_IRQHandler    0x080030e7    0x6  Code  Gb  stm32f3xx_it.o [1]
TIM_Base_SetConfig      0x080020f5   0x98  Code  Gb  stm32f3xx_hal_tim.o [1]
TIM_CCxChannelCmd       0x08002363   0x12  Code  Gb  stm32f3xx_hal_tim.o [1]
TIM_ETR_SetConfig       0x0800234f   0x14  Code  Gb  stm32f3xx_hal_tim.o [1]
TIM_ITRx_SetConfig      0x0800233f   0x10  Code  Lc  stm32f3xx_hal_tim.o [1]
TIM_OC1_SetConfig       0x0800218d   0x5c  Code  Gb  stm32f3xx_hal_tim.o [1]
TIM_OC2_SetConfig       0x080021e9   0x4e  Code  Gb  stm32f3xx_hal_tim.o [1]
TIM_OC3_SetConfig       0x08002239   0x42  Code  Gb  stm32f3xx_hal_tim.o [1]
TIM_OC4_SetConfig       0x08002289   0x46  Code  Gb  stm32f3xx_hal_tim.o [1]
TIM_TI1_ConfigInputStage
                        0x080022fd   0x1e  Code  Lc  stm32f3xx_hal_tim.o [1]
TIM_TI2_ConfigInputStage
                        0x0800231b   0x24  Code  Lc  stm32f3xx_hal_tim.o [1]
UART_AdvFeatureConfig   0x080005d9   0xc6  Code  Gb  stm32f3xx_hal_uart.o [1]
UART_CheckIdleState     0x0800069f   0x5a  Code  Gb  stm32f3xx_hal_uart.o [1]
UART_DMAAbortOnError    0x08000841   0x10  Code  Lc  stm32f3xx_hal_uart.o [1]
UART_DMAError           0x080007f1   0x50  Code  Lc  stm32f3xx_hal_uart.o [1]
UART_DMAReceiveCplt     0x080007ad   0x3a  Code  Lc  stm32f3xx_hal_uart.o [1]
UART_DMARxHalfCplt      0x080007e9    0x6  Code  Lc  stm32f3xx_hal_uart.o [1]
UART_DMATransmitCplt    0x08000779   0x2c  Code  Lc  stm32f3xx_hal_uart.o [1]
UART_DMATxHalfCplt      0x080007a5    0x6  Code  Lc  stm32f3xx_hal_uart.o [1]
UART_EndRxTransfer      0x0800075d   0x1c  Code  Lc  stm32f3xx_hal_uart.o [1]
UART_EndTransmit_IT     0x080008b3   0x1a  Code  Gb  stm32f3xx_hal_uart.o [1]
UART_Receive_IT         0x080008cd   0x6e  Code  Gb  stm32f3xx_hal_uart.o [1]
UART_SetConfig          0x08000451  0x16c  Code  Gb  stm32f3xx_hal_uart.o [1]
UART_Transmit_IT        0x08000851   0x62  Code  Gb  stm32f3xx_hal_uart.o [1]
UART_WaitOnFlagUntilTimeout
                        0x080006f9   0x58  Code  Gb  stm32f3xx_hal_uart.o [1]
USART1_IRQHandler       0x080030db    0x6  Code  Gb  stm32f3xx_it.o [1]
USART3_IRQHandler       0x080030e1    0x6  Code  Gb  stm32f3xx_it.o [1]
UsageFault_Handler      0x080030ad    0x2  Code  Gb  stm32f3xx_it.o [1]
_Error_Handler          0x08001571    0x2  Code  Gb  main.o [1]
_LocaleC_isspace        0x08003001   0x14  Code  Gb  xlocale_c.o [3]
_LocaleC_isupper        0x08002ff5    0x2  Code  Gb  xlocale_c.o [3]
_LocaleC_tolower        0x08003015    0xc  Code  Gb  xlocale_c.o [3]
__aeabi_d2f             0x08002c35         Code  Gb  DblToFlt.o [4]
__aeabi_d2uiz           0x08002705         Code  Gb  DblToU32.o [4]
__aeabi_dadd            0x0800258d         Code  Gb  DblAdd.o [4]
__aeabi_ddiv            0x080029ed         Code  Gb  DblDiv.o [4]
__aeabi_dmul            0x080023e9         Code  Gb  DblMul.o [4]
__aeabi_f2d             0x080023a1         Code  Gb  FltToDbl.o [4]
__aeabi_i2d             0x0800237d         Code  Gb  S32ToDbl.o [4]
__cmain                 0x080031fd         Code  Gb  cmain.o [5]
__exit                  0x08003231   0x14  Code  Gb  exit.o [6]
__iar_Memchr            0x08002f9d         Code  Gb  memchr.o [5]
__iar_Memset_word       0x08002e35         Code  Gb  ABImemset.o [5]
__iar_Stoulx            0x08002875  0x116  Code  Gb  iar_Stoulx.o [3]
__iar_dadd              0x08002ea1         Code  Gb  DblSub.o [4]
__iar_data_init3        0x08003191   0x28  Code  Gb  data_init.o [5]
__iar_dsub              0x0800259d         Code  Gb  DblAdd.o [4]
__iar_dsubStart         0x080025af         Code  Gb  DblAdd.o [4]
__iar_globLocale        0x20000068   0x48  Data  Lc  xlocale_c.o [3]
__iar_global_Locale     0x08003021    0x4  Code  Gb  xlocale_c.o [3]
__iar_init_vfp          0x080031b9         Code  Gb  fpinit_M.o [4]
__iar_packbits_init_single3
                        0x08003159   0x38  Code  Gb  packbits_init_single.o [5]
__iar_program_start     0x08003255         Code  Gb  cstartup_M.o [5]
__iar_systems$$module {Abs}
                        0x00000001         Data  Gb  command line/config [2]
__iar_zero_init3        0x08003119   0x40  Code  Gb  zero_init3.o [5]
__low_level_init        0x0800321b    0x4  Code  Gb  low_level_init.o [3]
__vector_table          0x08000000         Data  Gb  startup_stm32f373xc.o [1]
_call_main              0x08003209         Code  Gb  cmain.o [5]
_exit                   0x08003225         Code  Gb  cexit.o [5]
_main                   0x08003217         Code  Gb  cmain.o [5]
aPLLMULFactorTable      0x08001a4c   0x10  Data  Gb  stm32f3xx_hal_rcc.o [1]
aPredivFactorTable      0x08001a5c   0x10  Data  Gb  stm32f3xx_hal_rcc.o [1]
atoi                    0x08002991    0x2  Code  Gb  iar_Stoulx.o [3]
cmd_available           0x08000ebf   0x26  Code  Gb  main.o [1]
debug_rx_buffer         0x200000f4   0x64  Data  Gb  main.o [1]
debug_tx_buf_start      0x200002c8    0x4  Data  Gb  main.o [1]
debug_tx_buffer         0x200002cc   0xfc  Data  Gb  main.o [1]
debug_tx_to_send        0x20000254    0x2  Data  Gb  main.o [1]
digits                  0x0800299c   0x28  Data  Lc  iar_Stoulx.o [3]
duty                    0x20000040    0x4  Data  Gb  main.o [1]
duty_ll                 0x20000058    0x4  Data  Gb  main.o [1]
duty_lr                 0x20000060    0x4  Data  Gb  main.o [1]
duty_ul                 0x20000054    0x4  Data  Gb  main.o [1]
duty_ur                 0x2000005c    0x4  Data  Gb  main.o [1]
exit                    0x0800321f    0x4  Code  Gb  exit.o [3]
get_cmd                 0x08000ee5   0x64  Code  Gb  main.o [1]
hdma_usart1_rx          0x2000050c   0x44  Data  Gb  main.o [1]
hdma_usart1_tx          0x20000550   0x44  Data  Gb  main.o [1]
hdma_usart3_rx          0x20000594   0x44  Data  Gb  main.o [1]
hdma_usart3_tx          0x200005d8   0x44  Data  Gb  main.o [1]
htim2                   0x20000000   0x40  Data  Gb  main.o [1]
htim6                   0x200000b0   0x40  Data  Gb  main.o [1]
huart1                  0x20000258   0x70  Data  Gb  main.o [1]
huart3                  0x200003c8   0x70  Data  Gb  main.o [1]
init                    0x200000f0    0x4  Data  Gb  main.o [1]
init_pwm                0x08001011  0x104  Code  Gb  main.o [1]
isspace                 0x08002f73   0x14  Code  Gb  isspace.o [3]
main                    0x08001239  0x1ca  Code  Gb  main.o [1]
memchr                  0x08002f9d         Code  Gb  memchr.o [5]
msg_buffer              0x20000158   0xfc  Data  Gb  main.o [1]
ndigs                   0x080029c4   0x28  Data  Lc  iar_Stoulx.o [3]
new_pwm                 0x20000050    0x4  Data  Gb  main.o [1]
optic_curr_rx_ptr       0x20000440    0x4  Data  Gb  main.o [1]
optic_end_ptr           0x2000043c    0x4  Data  Gb  main.o [1]
optic_rx_buffer         0x20000444   0xc8  Data  Gb  main.o [1]
optic_start_ptr         0x20000438    0x4  Data  Gb  main.o [1]
period                  0x2000004c    0x4  Data  Gb  main.o [1]
print_debug             0x08000e53   0x6c  Code  Gb  main.o [1]
set_pwm                 0x08001125   0xe0  Code  Gb  main.o [1]
set_user1_led           0x08000e31    0xe  Code  Gb  main.o [1]
set_user2_led           0x08000e3f    0xc  Code  Gb  main.o [1]
start_pwm               0x08000fd9   0x2c  Code  Gb  main.o [1]
strlen                  0x08001d61         Code  Gb  strlen.o [5]
strncat                 0x08001d97   0x28  Code  Gb  strncat.o [3]
strncpy                 0x08001dc1         Code  Gb  strncpy.o [5]
tcomm                   0x20000048    0x4  Data  Gb  main.o [1]
td                      0x20000044    0x4  Data  Gb  main.o [1]
tolower                 0x08002f87   0x14  Code  Gb  tolower.o [3]
uwTick                  0x2000061c    0x4  Data  Gb  stm32f3xx_hal.o [1]


[1] = D:\mls_firmware\primary_pulse_test\EWARM\primary_pulse_test\Obj
[2] = command line
[3] = dl7M_tlf.a
[4] = m7M_tls.a
[5] = rt7M_tl.a
[6] = shb_l.a

  13 090 bytes of readonly  code memory
      90 bytes of readonly  data memory
   2 592 bytes of readwrite data memory

Errors: none
Warnings: none
