###############################################################################
#
# IAR ELF Linker V8.20.2.14835/W32 for ARM                10/May/2019  11:56:28
# Copyright 2007-2017 IAR Systems AB.
#
#    Output file  =  
#        D:\mls_firmware\primary_pulse_test\EWARM\primary_pulse_test\Exe\primary_pulse_test.out
#    Map file     =  
#        D:\mls_firmware\primary_pulse_test\EWARM\primary_pulse_test\List\primary_pulse_test.map
#    Command line =  
#        -f C:\Users\FRANCI~1\AppData\Local\Temp\EWF71A.tmp
#        (D:\mls_firmware\primary_pulse_test\EWARM\primary_pulse_test\Obj\main.o
#        D:\mls_firmware\primary_pulse_test\EWARM\primary_pulse_test\Obj\startup_stm32f373xc.o
#        D:\mls_firmware\primary_pulse_test\EWARM\primary_pulse_test\Obj\stm32f3xx_hal.o
#        D:\mls_firmware\primary_pulse_test\EWARM\primary_pulse_test\Obj\stm32f3xx_hal_cortex.o
#        D:\mls_firmware\primary_pulse_test\EWARM\primary_pulse_test\Obj\stm32f3xx_hal_dma.o
#        D:\mls_firmware\primary_pulse_test\EWARM\primary_pulse_test\Obj\stm32f3xx_hal_flash.o
#        D:\mls_firmware\primary_pulse_test\EWARM\primary_pulse_test\Obj\stm32f3xx_hal_flash_ex.o
#        D:\mls_firmware\primary_pulse_test\EWARM\primary_pulse_test\Obj\stm32f3xx_hal_gpio.o
#        D:\mls_firmware\primary_pulse_test\EWARM\primary_pulse_test\Obj\stm32f3xx_hal_i2c.o
#        D:\mls_firmware\primary_pulse_test\EWARM\primary_pulse_test\Obj\stm32f3xx_hal_i2c_ex.o
#        D:\mls_firmware\primary_pulse_test\EWARM\primary_pulse_test\Obj\stm32f3xx_hal_msp.o
#        D:\mls_firmware\primary_pulse_test\EWARM\primary_pulse_test\Obj\stm32f3xx_hal_pwr.o
#        D:\mls_firmware\primary_pulse_test\EWARM\primary_pulse_test\Obj\stm32f3xx_hal_pwr_ex.o
#        D:\mls_firmware\primary_pulse_test\EWARM\primary_pulse_test\Obj\stm32f3xx_hal_rcc.o
#        D:\mls_firmware\primary_pulse_test\EWARM\primary_pulse_test\Obj\stm32f3xx_hal_rcc_ex.o
#        D:\mls_firmware\primary_pulse_test\EWARM\primary_pulse_test\Obj\stm32f3xx_hal_tim.o
#        D:\mls_firmware\primary_pulse_test\EWARM\primary_pulse_test\Obj\stm32f3xx_hal_tim_ex.o
#        D:\mls_firmware\primary_pulse_test\EWARM\primary_pulse_test\Obj\stm32f3xx_hal_uart.o
#        D:\mls_firmware\primary_pulse_test\EWARM\primary_pulse_test\Obj\stm32f3xx_hal_uart_ex.o
#        D:\mls_firmware\primary_pulse_test\EWARM\primary_pulse_test\Obj\stm32f3xx_it.o
#        D:\mls_firmware\primary_pulse_test\EWARM\primary_pulse_test\Obj\system_stm32f3xx.o
#        --redirect _Printf=_PrintfFull --redirect _Scanf=_ScanfFull -o
#        D:\mls_firmware\primary_pulse_test\EWARM\primary_pulse_test\Exe\primary_pulse_test.out
#        --map
#        D:\mls_firmware\primary_pulse_test\EWARM\primary_pulse_test\List\primary_pulse_test.map
#        --config
#        D:\mls_firmware\primary_pulse_test\EWARM/stm32f373xc_flash.icf
#        --semihosting --entry __iar_program_start --vfe --text_out locale)
#
###############################################################################

*******************************************************************************
*** RUNTIME MODEL ATTRIBUTES
***

CppFlavor       = *
__SystemLibrary = DLib
__dlib_version  = 6


*******************************************************************************
*** HEAP SELECTION
***

The basic heap was selected because some modules are built with
size limitations (and not runtime checking), and --advanced_heap
was not specified.


*******************************************************************************
*** PLACEMENT SUMMARY
***

"A0":  place at 0x08000000 { ro section .intvec };
"P1":  place in [from 0x08000000 to 0x0803ffff] { ro };
define block CSTACK with size = 1K, alignment = 8 { };
define block HEAP with size = 512, alignment = 8 { };
"P2":  place in [from 0x20000000 to 0x20007fff] {
          rw, block CSTACK, block HEAP };
initialize by copy { rw };

  Section            Kind        Address    Size  Object
  -------            ----        -------    ----  ------
"A0":                                      0x188
  .intvec            ro code  0x08000000   0x188  startup_stm32f373xc.o [1]
                            - 0x08000188   0x188

"P1":                                     0x30f4
  .text              ro code  0x08000188   0x7b2  stm32f3xx_hal_uart.o [1]
  .text              ro code  0x0800093c   0x2c4  stm32f3xx_hal_msp.o [1]
  .text              ro code  0x08000c00   0x230  stm32f3xx_hal_dma.o [1]
  .text              ro code  0x08000e30   0x65c  main.o [1]
  .text              ro code  0x0800148c     0x2  stm32f3xx_hal_uart_ex.o [1]
  .text              ro code  0x08001490   0x4dc  stm32f3xx_hal_rcc.o [1]
  .text              ro code  0x0800196c     0xc  stm32f3xx_hal.o [1]
  .text              ro code  0x08001978     0x2  stm32f3xx_hal_uart.o [1]
  .text              ro code  0x0800197a     0x2  stm32f3xx_hal_uart.o [1]
  .text              ro code  0x0800197c    0xe6  stm32f3xx_hal_cortex.o [1]
  .text              ro code  0x08001a64   0x1cc  stm32f3xx_hal_gpio.o [1]
  .text              ro code  0x08001c30    0x30  stm32f3xx_hal_i2c_ex.o [1]
  .text              ro code  0x08001c60    0x36  strlen.o [5]
  .text              ro code  0x08001c96    0x28  strncat.o [3]
  .text              ro code  0x08001cc0    0x70  strncpy.o [5]
  .text              ro code  0x08001d30   0x54a  stm32f3xx_hal_tim.o [1]
  .text              ro code  0x0800227c    0x22  S32ToDbl.o [4]
  .text              ro code  0x080022a0    0x48  FltToDbl.o [4]
  .text              ro code  0x080022e8   0x1a2  DblMul.o [4]
  .text              ro code  0x0800248c   0x178  DblAdd.o [4]
  .text              ro code  0x08002604    0x28  DblToU32.o [4]
  .text              ro code  0x0800262c    0xd8  stm32f3xx_hal_tim.o [1]
  .text              ro code  0x08002704    0x24  stm32f3xx_hal.o [1]
  .text              ro code  0x08002728    0x4a  stm32f3xx_hal_tim_ex.o [1]
  .text              ro code  0x08002774   0x178  iar_Stoulx.o [3]
  .text              ro code  0x080028ec   0x246  DblDiv.o [4]
  .text              ro code  0x08002b34    0x68  DblToFlt.o [4]
  .text              ro code  0x08002b9c   0x170  stm32f3xx_hal_rcc_ex.o [1]
  .text              ro code  0x08002d0c    0x28  stm32f3xx_hal.o [1]
  .text              ro code  0x08002d34    0x5e  ABImemset.o [5]
  .text              ro code  0x08002d92     0x2  stm32f3xx_hal_tim.o [1]
  .text              ro code  0x08002d94     0x2  stm32f3xx_hal_tim.o [1]
  .text              ro code  0x08002d96     0x2  stm32f3xx_hal_tim.o [1]
  .text              ro code  0x08002d98     0x2  stm32f3xx_hal_tim_ex.o [1]
  .text              ro code  0x08002d9a     0x2  stm32f3xx_hal_tim.o [1]
  .text              ro code  0x08002d9c     0x2  stm32f3xx_hal_tim_ex.o [1]
  .text              ro code  0x08002d9e     0x2  stm32f3xx_hal_tim.o [1]
  .text              ro code  0x08002da0    0xd2  DblSub.o [4]
  .text              ro code  0x08002e72    0x14  isspace.o [3]
  .text              ro code  0x08002e86    0x14  tolower.o [3]
  .text              ro code  0x08002e9c    0x58  memchr.o [5]
  .text              ro code  0x08002ef4    0x34  xlocale_c.o [3]
  .text              ro code  0x08002f28    0x7c  system_stm32f3xx.o [1]
  .text              ro code  0x08002fa4    0x64  stm32f3xx_it.o [1]
  .text              ro code  0x08003008    0x10  stm32f3xx_hal.o [1]
  .text              ro code  0x08003018    0x40  zero_init3.o [5]
  .text              ro code  0x08003058    0x38  packbits_init_single.o [5]
  .text              ro code  0x08003090    0x28  data_init.o [5]
  .text              ro code  0x080030b8    0x22  fpinit_M.o [4]
  .iar.init_table    const    0x080030dc    0x20  - Linker created -
  .text              ro code  0x080030fc    0x1e  cmain.o [5]
  .text              ro code  0x0800311a     0x4  low_level_init.o [3]
  .text              ro code  0x0800311e     0x4  exit.o [3]
  .text              ro code  0x08003124     0xa  cexit.o [5]
  .text              ro code  0x08003130    0x14  exit.o [6]
  .text              ro code  0x08003144    0x10  startup_stm32f373xc.o [1]
  .text              ro code  0x08003154     0xc  cstartup_M.o [5]
  .rodata            const    0x08003160     0x8  system_stm32f3xx.o [1]
  .text              ro code  0x08003168     0x4  startup_stm32f373xc.o [1]
  .text              ro code  0x0800316c     0x4  startup_stm32f373xc.o [1]
  .text              ro code  0x08003170     0x4  startup_stm32f373xc.o [1]
  .text              ro code  0x08003174     0x4  startup_stm32f373xc.o [1]
  .text              ro code  0x08003178     0x4  startup_stm32f373xc.o [1]
  .text              ro code  0x0800317c     0x4  startup_stm32f373xc.o [1]
  .text              ro code  0x08003180     0x4  startup_stm32f373xc.o [1]
  .text              ro code  0x08003184     0x4  startup_stm32f373xc.o [1]
  .text              ro code  0x08003188     0x4  startup_stm32f373xc.o [1]
  .text              ro code  0x0800318c     0x4  startup_stm32f373xc.o [1]
  .text              ro code  0x08003190     0x4  startup_stm32f373xc.o [1]
  .text              ro code  0x08003194     0x4  startup_stm32f373xc.o [1]
  .text              ro code  0x08003198     0x4  startup_stm32f373xc.o [1]
  .text              ro code  0x0800319c     0x4  startup_stm32f373xc.o [1]
  .text              ro code  0x080031a0     0x4  startup_stm32f373xc.o [1]
  .text              ro code  0x080031a4     0x4  startup_stm32f373xc.o [1]
  .text              ro code  0x080031a8     0x4  startup_stm32f373xc.o [1]
  .text              ro code  0x080031ac     0x4  startup_stm32f373xc.o [1]
  .text              ro code  0x080031b0     0x4  startup_stm32f373xc.o [1]
  .text              ro code  0x080031b4     0x4  startup_stm32f373xc.o [1]
  .text              ro code  0x080031b8     0x4  startup_stm32f373xc.o [1]
  .text              ro code  0x080031bc     0x4  startup_stm32f373xc.o [1]
  .text              ro code  0x080031c0     0x4  startup_stm32f373xc.o [1]
  .text              ro code  0x080031c4     0x4  startup_stm32f373xc.o [1]
  .text              ro code  0x080031c8     0x4  startup_stm32f373xc.o [1]
  .text              ro code  0x080031cc     0x4  startup_stm32f373xc.o [1]
  .text              ro code  0x080031d0     0x4  startup_stm32f373xc.o [1]
  .text              ro code  0x080031d4     0x4  startup_stm32f373xc.o [1]
  .text              ro code  0x080031d8     0x4  startup_stm32f373xc.o [1]
  .text              ro code  0x080031dc     0x4  startup_stm32f373xc.o [1]
  .text              ro code  0x080031e0     0x4  startup_stm32f373xc.o [1]
  .text              ro code  0x080031e4     0x4  startup_stm32f373xc.o [1]
  .text              ro code  0x080031e8     0x4  startup_stm32f373xc.o [1]
  .text              ro code  0x080031ec     0x4  startup_stm32f373xc.o [1]
  .text              ro code  0x080031f0     0x4  startup_stm32f373xc.o [1]
  .text              ro code  0x080031f4     0x4  startup_stm32f373xc.o [1]
  .text              ro code  0x080031f8     0x4  startup_stm32f373xc.o [1]
  .text              ro code  0x080031fc     0x4  startup_stm32f373xc.o [1]
  .text              ro code  0x08003200     0x4  startup_stm32f373xc.o [1]
  .text              ro code  0x08003204     0x4  startup_stm32f373xc.o [1]
  .text              ro code  0x08003208     0x4  startup_stm32f373xc.o [1]
  .text              ro code  0x0800320c     0x4  startup_stm32f373xc.o [1]
  .text              ro code  0x08003210     0x4  startup_stm32f373xc.o [1]
  .text              ro code  0x08003214     0x4  startup_stm32f373xc.o [1]
  .text              ro code  0x08003218     0x4  startup_stm32f373xc.o [1]
  .text              ro code  0x0800321c     0x4  startup_stm32f373xc.o [1]
  .text              ro code  0x08003220     0x4  startup_stm32f373xc.o [1]
  .text              ro code  0x08003224     0x4  startup_stm32f373xc.o [1]
  .text              ro code  0x08003228     0x4  startup_stm32f373xc.o [1]
  .text              ro code  0x0800322c     0x4  startup_stm32f373xc.o [1]
  .text              ro code  0x08003230     0x4  startup_stm32f373xc.o [1]
  .text              ro code  0x08003234     0x4  startup_stm32f373xc.o [1]
  .text              ro code  0x08003238     0x4  startup_stm32f373xc.o [1]
  .text              ro code  0x0800323c     0x4  startup_stm32f373xc.o [1]
  .text              ro code  0x08003240     0x4  startup_stm32f373xc.o [1]
  .text              ro code  0x08003244     0x4  startup_stm32f373xc.o [1]
  .text              ro code  0x08003248     0x4  startup_stm32f373xc.o [1]
  .rodata            const    0x0800324c     0x2  xlocale_c.o [3]
  .rodata            const    0x0800324e     0x0  zero_init3.o [5]
  .rodata            const    0x0800324e     0x0  packbits_init_single.o [5]
  Initializer bytes  const    0x0800324e    0x2e  <for P2-1>
                            - 0x0800327c  0x30f4

"P2", part 1 of 3:                          0xb0
  P2-1                        0x20000000    0xb0  <Init block>
    .data            inited   0x20000000    0x64  main.o [1]
    .data            inited   0x20000064     0x4  system_stm32f3xx.o [1]
    .data            inited   0x20000068    0x48  xlocale_c.o [3]
                            - 0x200000b0    0xb0

"P2", part 2 of 3:                         0x570
  .bss               zero     0x200000b0   0x1a4  main.o [1]
  .bss               zero     0x20000254   0x174  main.o [1]
  .bss               zero     0x200003c8   0x144  main.o [1]
  .bss               zero     0x2000050c    0x44  main.o [1]
  .bss               zero     0x20000550    0x44  main.o [1]
  .bss               zero     0x20000594    0x44  main.o [1]
  .bss               zero     0x200005d8    0x44  main.o [1]
  .bss               zero     0x2000061c     0x4  stm32f3xx_hal.o [1]
                            - 0x20000620   0x570

"P2", part 3 of 3:                         0x400
  CSTACK                      0x20000620   0x400  <Block>
    CSTACK           uninit   0x20000620   0x400  <Block tail>
                            - 0x20000a20   0x400


*******************************************************************************
*** INIT TABLE
***

          Address     Size
          -------     ----
Zero (__iar_zero_init3)
    1 destination range, total size 0x570:
          0x200000b0  0x570

Copy/packbits (__iar_packbits_init_single3)
    1 source range, total size 0x2e (26% of destination):
          0x0800324e   0x2e
    1 destination range, total size 0xb0:
          0x20000000   0xb0



*******************************************************************************
*** MODULE SUMMARY
***

    Module                   ro code  ro data  rw data
    ------                   -------  -------  -------
D:\mls_firmware\primary_pulse_test\EWARM\primary_pulse_test\Obj: [1]
    main.o                     1 628       26    1 488
    startup_stm32f373xc.o        636
    stm32f3xx_hal.o              104                 4
    stm32f3xx_hal_cortex.o       230
    stm32f3xx_hal_dma.o          560
    stm32f3xx_hal_gpio.o         460
    stm32f3xx_hal_i2c_ex.o        48
    stm32f3xx_hal_msp.o          708
    stm32f3xx_hal_rcc.o        1 244
    stm32f3xx_hal_rcc_ex.o       368
    stm32f3xx_hal_tim.o        1 580
    stm32f3xx_hal_tim_ex.o        78
    stm32f3xx_hal_uart.o       1 974
    stm32f3xx_hal_uart_ex.o        2
    stm32f3xx_it.o               100
    system_stm32f3xx.o           124        9        4
    --------------------------------------------------
    Total:                     9 844       35    1 496

command line: [2]
    --------------------------------------------------
    Total:

dl7M_tlf.a: [3]
    exit.o                         4
    iar_Stoulx.o                 376
    isspace.o                     20
    low_level_init.o               4
    strncat.o                     40
    tolower.o                     20
    xlocale_c.o                   52       21       72
    --------------------------------------------------
    Total:                       516       21       72

m7M_tls.a: [4]
    DblAdd.o                     376
    DblDiv.o                     582
    DblMul.o                     418
    DblSub.o                     210
    DblToFlt.o                   104
    DblToU32.o                    40
    FltToDbl.o                    72
    S32ToDbl.o                    34
    fpinit_M.o                    34
    --------------------------------------------------
    Total:                     1 870

rt7M_tl.a: [5]
    ABImemset.o                   94
    cexit.o                       10
    cmain.o                       30
    cstartup_M.o                  12
    data_init.o                   40
    memchr.o                      88
    packbits_init_single.o        56
    strlen.o                      54
    strncpy.o                    112
    zero_init3.o                  64
    --------------------------------------------------
    Total:                       560

shb_l.a: [6]
    exit.o                        20
    --------------------------------------------------
    Total:                        20

    Gaps                          24        2
    Linker created                         32    1 024
------------------------------------------------------
    Grand Total:              12 834       90    2 592


*******************************************************************************
*** ENTRY LIST
***

Entry                      Address   Size  Type      Object
-----                      -------   ----  ----      ------
.iar.init_table$$Base   0x080030dc          --   Gb  - Linker created -
.iar.init_table$$Limit  0x080030fc          --   Gb  - Linker created -
?main                   0x080030fd         Code  Gb  cmain.o [5]
AHBPrescTable           0x08002f94   0x10  Data  Gb  system_stm32f3xx.o [1]
APBPrescTable           0x08003160    0x8  Data  Gb  system_stm32f3xx.o [1]
BusFault_Handler        0x08002fab    0x2  Code  Gb  stm32f3xx_it.o [1]
CSTACK$$Base            0x20000620          --   Gb  - Linker created -
CSTACK$$Limit           0x20000a20          --   Gb  - Linker created -
DMA1_Channel2_IRQHandler
                        0x08002fc3    0x6  Code  Gb  stm32f3xx_it.o [1]
DMA1_Channel3_IRQHandler
                        0x08002fc9    0x6  Code  Gb  stm32f3xx_it.o [1]
DMA1_Channel4_IRQHandler
                        0x08002fcf    0x6  Code  Gb  stm32f3xx_it.o [1]
DMA1_Channel5_IRQHandler
                        0x08002fd5    0x6  Code  Gb  stm32f3xx_it.o [1]
DMA_CalcBaseAndBitshift
                        0x08000df1   0x2c  Code  Lc  stm32f3xx_hal_dma.o [1]
DMA_SetConfig           0x08000dcf   0x22  Code  Lc  stm32f3xx_hal_dma.o [1]
DebugMon_Handler        0x08002fb1    0x2  Code  Gb  stm32f3xx_it.o [1]
HAL_DMA_Abort_IT        0x08000cd1   0x4a  Code  Gb  stm32f3xx_hal_dma.o [1]
HAL_DMA_IRQHandler      0x08000d1b   0xb2  Code  Gb  stm32f3xx_hal_dma.o [1]
HAL_DMA_Init            0x08000c01   0x56  Code  Gb  stm32f3xx_hal_dma.o [1]
HAL_DMA_Start_IT        0x08000c5d   0x74  Code  Gb  stm32f3xx_hal_dma.o [1]
HAL_GPIO_Init           0x08001a65  0x1a0  Code  Gb  stm32f3xx_hal_gpio.o [1]
HAL_GPIO_WritePin       0x08001c05    0xe  Code  Gb  stm32f3xx_hal_gpio.o [1]
HAL_GetTick             0x0800196d    0xc  Code  Wk  stm32f3xx_hal.o [1]
HAL_I2CEx_EnableFastModePlus
                        0x08001c31   0x1e  Code  Gb  stm32f3xx_hal_i2c_ex.o [1]
HAL_IncTick             0x08003009   0x10  Code  Wk  stm32f3xx_hal.o [1]
HAL_Init                0x08002705   0x20  Code  Gb  stm32f3xx_hal.o [1]
HAL_InitTick            0x08002d0d   0x28  Code  Wk  stm32f3xx_hal.o [1]
HAL_MspInit             0x0800093d   0x74  Code  Gb  stm32f3xx_hal_msp.o [1]
HAL_NVIC_EnableIRQ      0x080019ef    0xa  Code  Gb  stm32f3xx_hal_cortex.o [1]
HAL_NVIC_SetPriority    0x080019b5   0x3a  Code  Gb  stm32f3xx_hal_cortex.o [1]
HAL_NVIC_SetPriorityGrouping
                        0x0800199b   0x1a  Code  Gb  stm32f3xx_hal_cortex.o [1]
HAL_RCCEx_PeriphCLKConfig
                        0x08002b9d  0x162  Code  Gb  stm32f3xx_hal_rcc_ex.o [1]
HAL_RCC_ClockConfig     0x0800178f  0x110  Code  Gb  stm32f3xx_hal_rcc.o [1]
HAL_RCC_GetHCLKFreq     0x080018f7    0x6  Code  Gb  stm32f3xx_hal_rcc.o [1]
HAL_RCC_GetPCLK1Freq    0x080018fd   0x10  Code  Gb  stm32f3xx_hal_rcc.o [1]
HAL_RCC_GetPCLK2Freq    0x0800190d    0xe  Code  Gb  stm32f3xx_hal_rcc.o [1]
HAL_RCC_GetSysClockFreq
                        0x080018bd   0x3a  Code  Gb  stm32f3xx_hal_rcc.o [1]
HAL_RCC_OscConfig       0x08001491  0x2d8  Code  Gb  stm32f3xx_hal_rcc.o [1]
HAL_SYSTICK_CLKSourceConfig
                        0x08001a2b   0x1a  Code  Gb  stm32f3xx_hal_cortex.o [1]
HAL_SYSTICK_Config      0x08001a03   0x28  Code  Gb  stm32f3xx_hal_cortex.o [1]
HAL_SYSTICK_IRQHandler  0x08001a5d    0x4  Code  Gb  stm32f3xx_hal_cortex.o [1]
HAL_TIMEx_BreakCallback
                        0x08002d99    0x2  Code  Wk  stm32f3xx_hal_tim_ex.o [1]
HAL_TIMEx_CommutationCallback
                        0x08002d9d    0x2  Code  Wk  stm32f3xx_hal_tim_ex.o [1]
HAL_TIMEx_MasterConfigSynchronization
                        0x08002729   0x4a  Code  Gb  stm32f3xx_hal_tim_ex.o [1]
HAL_TIM_Base_Init       0x08001d31   0x1a  Code  Gb  stm32f3xx_hal_tim.o [1]
HAL_TIM_Base_MspInit    0x080009b1   0x4e  Code  Gb  stm32f3xx_hal_msp.o [1]
HAL_TIM_ConfigClockSource
                        0x08001f21   0xac  Code  Gb  stm32f3xx_hal_tim.o [1]
HAL_TIM_IRQHandler      0x08001dd9  0x142  Code  Gb  stm32f3xx_hal_tim.o [1]
HAL_TIM_MspPostInit     0x080009ff   0x2e  Code  Gb  stm32f3xx_hal_msp.o [1]
HAL_TIM_PWM_ConfigChannel
                        0x0800262d   0xd8  Code  Wk  stm32f3xx_hal_tim.o [1]
HAL_TIM_PWM_Init        0x08001d75   0x1a  Code  Gb  stm32f3xx_hal_tim.o [1]
HAL_TIM_PWM_Start       0x08001d8f   0x1a  Code  Gb  stm32f3xx_hal_tim.o [1]
HAL_TIM_PeriodElapsedCallback
                        0x08001125   0x24  Code  Gb  main.o [1]
HAL_UARTEx_WakeupCallback
                        0x0800148d    0x2  Code  Wk  stm32f3xx_hal_uart_ex.o [1]
HAL_UART_ErrorCallback  0x08000fb7   0x16  Code  Gb  main.o [1]
HAL_UART_GetState       0x08000445    0xc  Code  Gb  stm32f3xx_hal_uart.o [1]
HAL_UART_IRQHandler     0x08000307  0x132  Code  Gb  stm32f3xx_hal_uart.o [1]
HAL_UART_Init           0x08000189   0x30  Code  Gb  stm32f3xx_hal_uart.o [1]
HAL_UART_MspInit        0x08000a2d  0x136  Code  Gb  stm32f3xx_hal_msp.o [1]
HAL_UART_Receive_DMA    0x0800027f   0x82  Code  Gb  stm32f3xx_hal_uart.o [1]
HAL_UART_RxCpltCallback
                        0x08000fcd    0xc  Code  Gb  main.o [1]
HAL_UART_Transmit_DMA   0x08000209   0x76  Code  Gb  stm32f3xx_hal_uart.o [1]
HAL_UART_TxCpltCallback
                        0x08000f49   0x6e  Code  Gb  main.o [1]
HardFault_Handler       0x08002fa7    0x2  Code  Gb  stm32f3xx_it.o [1]
MX_TIM2_Init            0x0800139b   0x9e  Code  Lc  main.o [1]
MemManage_Handler       0x08002fa9    0x2  Code  Gb  stm32f3xx_it.o [1]
NMI_Handler             0x08002fa5    0x2  Code  Gb  stm32f3xx_it.o [1]
NVIC_SetPriority        0x0800197d   0x1e  Code  Lc  stm32f3xx_hal_cortex.o [1]
PendSV_Handler          0x08002fb3    0x2  Code  Gb  stm32f3xx_it.o [1]
Region$$Table$$Base     0x080030dc          --   Gb  - Linker created -
Region$$Table$$Limit    0x080030fc          --   Gb  - Linker created -
SVC_Handler             0x08002faf    0x2  Code  Gb  stm32f3xx_it.o [1]
SysTick_Handler         0x08002fb5    0xe  Code  Gb  stm32f3xx_it.o [1]
SystemClock_Config      0x08001315   0x86  Code  Gb  main.o [1]
SystemCoreClock         0x20000064    0x4  Data  Gb  system_stm32f3xx.o [1]
SystemInit              0x08002f29   0x52  Code  Gb  system_stm32f3xx.o [1]
TIM6_DAC1_IRQHandler    0x08002fe7    0x6  Code  Gb  stm32f3xx_it.o [1]
TIM_Base_SetConfig      0x08001ff5   0x98  Code  Gb  stm32f3xx_hal_tim.o [1]
TIM_CCxChannelCmd       0x08002263   0x12  Code  Gb  stm32f3xx_hal_tim.o [1]
TIM_ETR_SetConfig       0x0800224f   0x14  Code  Gb  stm32f3xx_hal_tim.o [1]
TIM_ITRx_SetConfig      0x0800223f   0x10  Code  Lc  stm32f3xx_hal_tim.o [1]
TIM_OC1_SetConfig       0x0800208d   0x5c  Code  Gb  stm32f3xx_hal_tim.o [1]
TIM_OC2_SetConfig       0x080020e9   0x4e  Code  Gb  stm32f3xx_hal_tim.o [1]
TIM_OC3_SetConfig       0x08002139   0x42  Code  Gb  stm32f3xx_hal_tim.o [1]
TIM_OC4_SetConfig       0x08002189   0x46  Code  Gb  stm32f3xx_hal_tim.o [1]
TIM_TI1_ConfigInputStage
                        0x080021fd   0x1e  Code  Lc  stm32f3xx_hal_tim.o [1]
TIM_TI2_ConfigInputStage
                        0x0800221b   0x24  Code  Lc  stm32f3xx_hal_tim.o [1]
UART_AdvFeatureConfig   0x080005d9   0xc6  Code  Gb  stm32f3xx_hal_uart.o [1]
UART_CheckIdleState     0x0800069f   0x5a  Code  Gb  stm32f3xx_hal_uart.o [1]
UART_DMAAbortOnError    0x08000841   0x10  Code  Lc  stm32f3xx_hal_uart.o [1]
UART_DMAError           0x080007f1   0x50  Code  Lc  stm32f3xx_hal_uart.o [1]
UART_DMAReceiveCplt     0x080007ad   0x3a  Code  Lc  stm32f3xx_hal_uart.o [1]
UART_DMARxHalfCplt      0x080007e9    0x6  Code  Lc  stm32f3xx_hal_uart.o [1]
UART_DMATransmitCplt    0x08000779   0x2c  Code  Lc  stm32f3xx_hal_uart.o [1]
UART_DMATxHalfCplt      0x080007a5    0x6  Code  Lc  stm32f3xx_hal_uart.o [1]
UART_EndRxTransfer      0x0800075d   0x1c  Code  Lc  stm32f3xx_hal_uart.o [1]
UART_EndTransmit_IT     0x080008b3   0x1a  Code  Gb  stm32f3xx_hal_uart.o [1]
UART_Receive_IT         0x080008cd   0x6e  Code  Gb  stm32f3xx_hal_uart.o [1]
UART_SetConfig          0x08000451  0x16c  Code  Gb  stm32f3xx_hal_uart.o [1]
UART_Transmit_IT        0x08000851   0x62  Code  Gb  stm32f3xx_hal_uart.o [1]
UART_WaitOnFlagUntilTimeout
                        0x080006f9   0x58  Code  Gb  stm32f3xx_hal_uart.o [1]
USART1_IRQHandler       0x08002fdb    0x6  Code  Gb  stm32f3xx_it.o [1]
USART3_IRQHandler       0x08002fe1    0x6  Code  Gb  stm32f3xx_it.o [1]
UsageFault_Handler      0x08002fad    0x2  Code  Gb  stm32f3xx_it.o [1]
_Error_Handler          0x08001471    0x2  Code  Gb  main.o [1]
_LocaleC_isspace        0x08002f01   0x14  Code  Gb  xlocale_c.o [3]
_LocaleC_isupper        0x08002ef5    0x2  Code  Gb  xlocale_c.o [3]
_LocaleC_tolower        0x08002f15    0xc  Code  Gb  xlocale_c.o [3]
__aeabi_d2f             0x08002b35         Code  Gb  DblToFlt.o [4]
__aeabi_d2uiz           0x08002605         Code  Gb  DblToU32.o [4]
__aeabi_dadd            0x0800248d         Code  Gb  DblAdd.o [4]
__aeabi_ddiv            0x080028ed         Code  Gb  DblDiv.o [4]
__aeabi_dmul            0x080022e9         Code  Gb  DblMul.o [4]
__aeabi_f2d             0x080022a1         Code  Gb  FltToDbl.o [4]
__aeabi_i2d             0x0800227d         Code  Gb  S32ToDbl.o [4]
__cmain                 0x080030fd         Code  Gb  cmain.o [5]
__exit                  0x08003131   0x14  Code  Gb  exit.o [6]
__iar_Memchr            0x08002e9d         Code  Gb  memchr.o [5]
__iar_Memset_word       0x08002d35         Code  Gb  ABImemset.o [5]
__iar_Stoulx            0x08002775  0x116  Code  Gb  iar_Stoulx.o [3]
__iar_dadd              0x08002da1         Code  Gb  DblSub.o [4]
__iar_data_init3        0x08003091   0x28  Code  Gb  data_init.o [5]
__iar_dsub              0x0800249d         Code  Gb  DblAdd.o [4]
__iar_dsubStart         0x080024af         Code  Gb  DblAdd.o [4]
__iar_globLocale        0x20000068   0x48  Data  Lc  xlocale_c.o [3]
__iar_global_Locale     0x08002f21    0x4  Code  Gb  xlocale_c.o [3]
__iar_init_vfp          0x080030b9         Code  Gb  fpinit_M.o [4]
__iar_packbits_init_single3
                        0x08003059   0x38  Code  Gb  packbits_init_single.o [5]
__iar_program_start     0x08003155         Code  Gb  cstartup_M.o [5]
__iar_systems$$module {Abs}
                        0x00000001         Data  Gb  command line/config [2]
__iar_zero_init3        0x08003019   0x40  Code  Gb  zero_init3.o [5]
__low_level_init        0x0800311b    0x4  Code  Gb  low_level_init.o [3]
__vector_table          0x08000000         Data  Gb  startup_stm32f373xc.o [1]
_call_main              0x08003109         Code  Gb  cmain.o [5]
_exit                   0x08003125         Code  Gb  cexit.o [5]
_main                   0x08003117         Code  Gb  cmain.o [5]
aPLLMULFactorTable      0x0800194c   0x10  Data  Gb  stm32f3xx_hal_rcc.o [1]
aPredivFactorTable      0x0800195c   0x10  Data  Gb  stm32f3xx_hal_rcc.o [1]
atoi                    0x08002891    0x2  Code  Gb  iar_Stoulx.o [3]
cmd_available           0x08000ebf   0x26  Code  Gb  main.o [1]
debug_rx_buffer         0x200000f4   0x64  Data  Gb  main.o [1]
debug_tx_buf_start      0x200002c8    0x4  Data  Gb  main.o [1]
debug_tx_buffer         0x200002cc   0xfc  Data  Gb  main.o [1]
debug_tx_to_send        0x20000254    0x2  Data  Gb  main.o [1]
digits                  0x0800289c   0x28  Data  Lc  iar_Stoulx.o [3]
duty                    0x20000040    0x4  Data  Gb  main.o [1]
duty_ll                 0x20000058    0x4  Data  Gb  main.o [1]
duty_lr                 0x20000060    0x4  Data  Gb  main.o [1]
duty_ul                 0x20000054    0x4  Data  Gb  main.o [1]
duty_ur                 0x2000005c    0x4  Data  Gb  main.o [1]
exit                    0x0800311f    0x4  Code  Gb  exit.o [3]
get_cmd                 0x08000ee5   0x64  Code  Gb  main.o [1]
hdma_usart1_rx          0x2000050c   0x44  Data  Gb  main.o [1]
hdma_usart1_tx          0x20000550   0x44  Data  Gb  main.o [1]
hdma_usart3_rx          0x20000594   0x44  Data  Gb  main.o [1]
hdma_usart3_tx          0x200005d8   0x44  Data  Gb  main.o [1]
htim2                   0x20000000   0x40  Data  Gb  main.o [1]
htim6                   0x200000b0   0x40  Data  Gb  main.o [1]
huart1                  0x20000258   0x70  Data  Gb  main.o [1]
huart3                  0x200003c8   0x70  Data  Gb  main.o [1]
init                    0x200000f0    0x4  Data  Gb  main.o [1]
init_pwm                0x08001011  0x104  Code  Gb  main.o [1]
isspace                 0x08002e73   0x14  Code  Gb  isspace.o [3]
main                    0x08001151  0x1c2  Code  Gb  main.o [1]
memchr                  0x08002e9d         Code  Gb  memchr.o [5]
msg_buffer              0x20000158   0xfc  Data  Gb  main.o [1]
ndigs                   0x080028c4   0x28  Data  Lc  iar_Stoulx.o [3]
new_pwm                 0x20000050    0x4  Data  Gb  main.o [1]
optic_curr_rx_ptr       0x20000440    0x4  Data  Gb  main.o [1]
optic_end_ptr           0x2000043c    0x4  Data  Gb  main.o [1]
optic_rx_buffer         0x20000444   0xc8  Data  Gb  main.o [1]
optic_start_ptr         0x20000438    0x4  Data  Gb  main.o [1]
period                  0x2000004c    0x4  Data  Gb  main.o [1]
print_debug             0x08000e53   0x6c  Code  Gb  main.o [1]
set_user1_led           0x08000e31    0xe  Code  Gb  main.o [1]
set_user2_led           0x08000e3f    0xc  Code  Gb  main.o [1]
start_pwm               0x08000fd9   0x2c  Code  Gb  main.o [1]
strlen                  0x08001c61         Code  Gb  strlen.o [5]
strncat                 0x08001c97   0x28  Code  Gb  strncat.o [3]
strncpy                 0x08001cc1         Code  Gb  strncpy.o [5]
tcomm                   0x20000048    0x4  Data  Gb  main.o [1]
td                      0x20000044    0x4  Data  Gb  main.o [1]
tolower                 0x08002e87   0x14  Code  Gb  tolower.o [3]
uwTick                  0x2000061c    0x4  Data  Gb  stm32f3xx_hal.o [1]


[1] = D:\mls_firmware\primary_pulse_test\EWARM\primary_pulse_test\Obj
[2] = command line
[3] = dl7M_tlf.a
[4] = m7M_tls.a
[5] = rt7M_tl.a
[6] = shb_l.a

  12 834 bytes of readonly  code memory
      90 bytes of readonly  data memory
   2 592 bytes of readwrite data memory

Errors: none
Warnings: none
